###############################################################################
#                                                                             #
# IAR C/C++ Compiler V8.10.3.10338/W32 for 8051         18/Apr/2026  15:16:33 #
# Copyright 2004-2011 IAR Systems AB.                                         #
#                                                                             #
#    Core               =  plain                                              #
#    Code model         =  banked                                             #
#    Data model         =  large                                              #
#    Calling convention =  xdata reentrant                                    #
#    Constant location  =  data_rom                                           #
#    Dptr setup         =  1,16                                               #
#    Source file        =  D:\ZNJJ\ZStack-CC2530-2.5.1a\Projects\zstack\Sampl #
#                          es\GwCoord\Source\soft_i2c.c                       #
#    Command line       =  -f D:\ZNJJ\ZStack-CC2530-2.5.1a\Projects\zstack\Sa #
#                          mples\GwCoord\CC2530DB\..\..\..\Tools\CC2530DB\f8w #
#                          Coord.cfg (-DCPU32MHZ -DROOT=__near_func           #
#                          -DMAC_CFG_APP_PENDING_QUEUE=TRUE                   #
#                          -DMAC_CFG_TX_DATA_MAX=5 -DMAC_CFG_TX_MAX=8         #
#                          -DMAC_CFG_RX_MAX=5 -DZDO_COORDINATOR -DRTR_NWK)    #
#                          -f D:\ZNJJ\ZStack-CC2530-2.5.1a\Projects\zstack\Sa #
#                          mples\GwCoord\CC2530DB\..\..\..\Tools\CC2530DB\f8w #
#                          Config.cfg (-DZIGBEEPRO -DSECURE=0                 #
#                          -DZG_SECURE_DYNAMIC=0 -DREFLECTOR                  #
#                          -DDEFAULT_CHANLIST=0x00000800                      #
#                          -DZDAPP_CONFIG_PAN_ID=0xFFFF                       #
#                          -DNWK_START_DELAY=100 -DEXTENDED_JOINING_RANDOM_MA #
#                          SK=0x007F -DBEACON_REQUEST_DELAY=100               #
#                          -DBEACON_REQ_DELAY_MASK=0x00FF                     #
#                          -DLINK_STATUS_JITTER_MASK=0x007F                   #
#                          -DROUTE_EXPIRY_TIME=30 -DAPSC_ACK_WAIT_DURATION_PO #
#                          LLED=3000 -DNWK_INDIRECT_MSG_TIMEOUT=7             #
#                          -DMAX_RREQ_ENTRIES=8 -DAPSC_MAX_FRAME_RETRIES=3    #
#                          -DNWK_MAX_DATA_RETRIES=2                           #
#                          -DMAX_POLL_FAILURE_RETRIES=2 -DMAX_BCAST=9         #
#                          -DAPS_MAX_GROUPS=16 -DMAX_RTG_ENTRIES=40           #
#                          -DNWK_MAX_BINDING_ENTRIES=4                        #
#                          -DMAX_BINDING_CLUSTER_IDS=4 "-DDEFAULT_KEY={0x01,  #
#                          0x03, 0x05, 0x07, 0x09, 0x0B, 0x0D, 0x0F, 0x00,    #
#                          0x02, 0x04, 0x06, 0x08, 0x0A, 0x0C, 0x0D}"         #
#                          -DMAC_MAX_FRAME_SIZE=116                           #
#                          -DZDNWKMGR_MIN_TRANSMISSIONS=20 "-DCONST=const     #
#                          __code" -DGENERIC=__generic                        #
#                          -DRFD_RCVC_ALWAYS_ON=FALSE -DPOLL_RATE=1000        #
#                          -DQUEUED_POLL_RATE=100 -DRESPONSE_POLL_RATE=100)   #
#                          -DREJOIN_POLL_RATE=440 D:\ZNJJ\ZStack-CC2530-2.5.1 #
#                          a\Projects\zstack\Samples\GwCoord\Source\soft_i2c. #
#                          c -D HAL_UART=TRUE -lC D:\ZNJJ\ZStack-CC2530-2.5.1 #
#                          a\Projects\zstack\Samples\GwCoord\CC2530DB\Coordin #
#                          atorEB\List\ -lA D:\ZNJJ\ZStack-CC2530-2.5.1a\Proj #
#                          ects\zstack\Samples\GwCoord\CC2530DB\CoordinatorEB #
#                          \List\ --diag_suppress Pe001,Pa010 -o              #
#                          D:\ZNJJ\ZStack-CC2530-2.5.1a\Projects\zstack\Sampl #
#                          es\GwCoord\CC2530DB\CoordinatorEB\Obj\ -e          #
#                          --no_code_motion --debug --core=plain --dptr=16,1  #
#                          --data_model=large --code_model=banked             #
#                          --calling_convention=xdata_reentrant               #
#                          --place_constants=data_rom --nr_virtual_regs 16    #
#                          -I D:\ZNJJ\ZStack-CC2530-2.5.1a\Projects\zstack\Sa #
#                          mples\GwCoord\CC2530DB\ -I                         #
#                          D:\ZNJJ\ZStack-CC2530-2.5.1a\Projects\zstack\Sampl #
#                          es\GwCoord\CC2530DB\..\Source\ -I                  #
#                          D:\ZNJJ\ZStack-CC2530-2.5.1a\Projects\zstack\Sampl #
#                          es\GwCoord\CC2530DB\..\..\..\ZMain\TI2530DB\ -I    #
#                          D:\ZNJJ\ZStack-CC2530-2.5.1a\Projects\zstack\Sampl #
#                          es\GwCoord\CC2530DB\..\..\..\..\..\Components\hal\ #
#                          include\ -I D:\ZNJJ\ZStack-CC2530-2.5.1a\Projects\ #
#                          zstack\Samples\GwCoord\CC2530DB\..\..\..\..\..\Com #
#                          ponents\hal\target\CC2530EB\ -I                    #
#                          D:\ZNJJ\ZStack-CC2530-2.5.1a\Projects\zstack\Sampl #
#                          es\GwCoord\CC2530DB\..\..\..\..\..\Components\mac\ #
#                          include\ -I D:\ZNJJ\ZStack-CC2530-2.5.1a\Projects\ #
#                          zstack\Samples\GwCoord\CC2530DB\..\..\..\..\..\Com #
#                          ponents\mac\high_level\ -I                         #
#                          D:\ZNJJ\ZStack-CC2530-2.5.1a\Projects\zstack\Sampl #
#                          es\GwCoord\CC2530DB\..\..\..\..\..\Components\mac\ #
#                          low_level\srf04\ -I D:\ZNJJ\ZStack-CC2530-2.5.1a\P #
#                          rojects\zstack\Samples\GwCoord\CC2530DB\..\..\..\. #
#                          .\..\Components\mac\low_level\srf04\single_chip\   #
#                          -I D:\ZNJJ\ZStack-CC2530-2.5.1a\Projects\zstack\Sa #
#                          mples\GwCoord\CC2530DB\..\..\..\..\..\Components\m #
#                          t\ -I D:\ZNJJ\ZStack-CC2530-2.5.1a\Projects\zstack #
#                          \Samples\GwCoord\CC2530DB\..\..\..\..\..\Component #
#                          s\osal\include\ -I D:\ZNJJ\ZStack-CC2530-2.5.1a\Pr #
#                          ojects\zstack\Samples\GwCoord\CC2530DB\..\..\..\.. #
#                          \..\Components\services\saddr\ -I                  #
#                          D:\ZNJJ\ZStack-CC2530-2.5.1a\Projects\zstack\Sampl #
#                          es\GwCoord\CC2530DB\..\..\..\..\..\Components\serv #
#                          ices\sdata\ -I D:\ZNJJ\ZStack-CC2530-2.5.1a\Projec #
#                          ts\zstack\Samples\GwCoord\CC2530DB\..\..\..\..\..\ #
#                          Components\stack\af\ -I D:\ZNJJ\ZStack-CC2530-2.5. #
#                          1a\Projects\zstack\Samples\GwCoord\CC2530DB\..\..\ #
#                          ..\..\..\Components\stack\nwk\ -I                  #
#                          D:\ZNJJ\ZStack-CC2530-2.5.1a\Projects\zstack\Sampl #
#                          es\GwCoord\CC2530DB\..\..\..\..\..\Components\stac #
#                          k\sapi\ -I D:\ZNJJ\ZStack-CC2530-2.5.1a\Projects\z #
#                          stack\Samples\GwCoord\CC2530DB\..\..\..\..\..\Comp #
#                          onents\stack\sec\ -I D:\ZNJJ\ZStack-CC2530-2.5.1a\ #
#                          Projects\zstack\Samples\GwCoord\CC2530DB\..\..\..\ #
#                          ..\..\Components\stack\sys\ -I                     #
#                          D:\ZNJJ\ZStack-CC2530-2.5.1a\Projects\zstack\Sampl #
#                          es\GwCoord\CC2530DB\..\..\..\..\..\Components\stac #
#                          k\zdo\ -I D:\ZNJJ\ZStack-CC2530-2.5.1a\Projects\zs #
#                          tack\Samples\GwCoord\CC2530DB\..\..\..\..\..\Compo #
#                          nents\zmac\ -I D:\ZNJJ\ZStack-CC2530-2.5.1a\Projec #
#                          ts\zstack\Samples\GwCoord\CC2530DB\..\..\..\..\..\ #
#                          Components\zmac\f8w\ -Ohz --require_prototypes     #
#    List file          =  D:\ZNJJ\ZStack-CC2530-2.5.1a\Projects\zstack\Sampl #
#                          es\GwCoord\CC2530DB\CoordinatorEB\List\soft_i2c.ls #
#                          t                                                  #
#    Object file        =  D:\ZNJJ\ZStack-CC2530-2.5.1a\Projects\zstack\Sampl #
#                          es\GwCoord\CC2530DB\CoordinatorEB\Obj\soft_i2c.r51 #
#                                                                             #
#                                                                             #
###############################################################################

D:\ZNJJ\ZStack-CC2530-2.5.1a\Projects\zstack\Samples\GwCoord\Source\soft_i2c.c
      1          #include "soft_i2c.h"
                                     ^
Warning[Pa050]: non-native end of line sequence detected (this diagnostic is
          only issued once)
      2          
      3          #include "ioCC2530.h"

   \                                 In  segment SFR_AN, at 0x90
   \   union <unnamed> volatile __sfr _A_P1
   \                     _A_P1:
   \   000000                DS 1

   \                                 In  segment SFR_AN, at 0xf4
   \   unsigned char volatile __sfr P1SEL
   \                     P1SEL:
   \   000000                DS 1

   \                                 In  segment SFR_AN, at 0xfe
   \   unsigned char volatile __sfr P1DIR
   \                     P1DIR:
   \   000000                DS 1
      4          
      5          #define OLED_SDA_BM  ((uint8)0x04u)
      6          #define OLED_SCL_BM  ((uint8)0x08u)
      7          

   \                                 In  segment BANKED_CODE, align 1, keep-with-next
      8          static void i2c_delay(void)
   \                     i2c_delay:
      9          {
   \   000000   C082         PUSH    DPL
   \   000002   C083         PUSH    DPH
   \   000004                ; Saved register size: 2
   \   000004                ; Auto size: 1
   \   000004   74FF         MOV     A,#-0x1
   \   000006   12....       LCALL   ?ALLOC_XSTACK8
     10              volatile uint8 i;
     11              for (i = 0; i < 8; ++i) {
   \   000009   85..82       MOV     DPL,?XSP + 0
   \   00000C   85..83       MOV     DPH,?XSP + 1
   \   00000F   E4           CLR     A
   \   000010   8002         SJMP    ??i2c_delay_0
   \                     ??i2c_delay_1:
   \   000012   E0           MOVX    A,@DPTR
   \   000013   04           INC     A
   \                     ??i2c_delay_0:
   \   000014   F0           MOVX    @DPTR,A
   \   000015   E0           MOVX    A,@DPTR
   \   000016   C3           CLR     C
   \   000017   9408         SUBB    A,#0x8
   \   000019   40F7         JC      ??i2c_delay_1
     12                  ;
     13              }
     14          }
   \   00001B   7401         MOV     A,#0x1
   \   00001D   12....       LCALL   ?DEALLOC_XSTACK8
   \   000020   80..         SJMP    ??Subroutine4_0

   \                                 In  segment BANKED_CODE, align 1, keep-with-next
   \                     ??Subroutine4_0:
   \   000000   D083         POP     DPH
   \   000002   D082         POP     DPL
   \   000004   02....       LJMP    ?BRET
     15          

   \                                 In  segment BANKED_CODE, align 1, keep-with-next
     16          static void sda_set(uint8 high)
   \                     sda_set:
     17          {
   \   000000                ; Saved register size: 0
   \   000000                ; Auto size: 0
     18              if (high) {
   \   000000   E9           MOV     A,R1
   \   000001   6004         JZ      ??sda_set_0
     19                  P1 |= OLED_SDA_BM;
   \   000003   D292         SETB    0x90.2
   \   000005   8002         SJMP    ??sda_set_1
     20              } else {
     21                  P1 &= (uint8)~OLED_SDA_BM;
   \                     ??sda_set_0:
   \   000007   C292         CLR     0x90.2
     22              }
     23          }
   \                     ??sda_set_1:
   \   000009   02....       LJMP    ?BRET
   \   00000C                REQUIRE _A_P1
     24          

   \                                 In  segment BANKED_CODE, align 1, keep-with-next
     25          static void scl_set(uint8 high)
   \                     scl_set:
     26          {
   \   000000                ; Saved register size: 0
   \   000000                ; Auto size: 0
     27              if (high) {
   \   000000   E9           MOV     A,R1
   \   000001   6004         JZ      ??scl_set_0
     28                  P1 |= OLED_SCL_BM;
   \   000003   D293         SETB    0x90.3
   \   000005   8002         SJMP    ??scl_set_1
     29              } else {
     30                  P1 &= (uint8)~OLED_SCL_BM;
   \                     ??scl_set_0:
   \   000007   C293         CLR     0x90.3
     31              }
     32          }
   \                     ??scl_set_1:
   \   000009   02....       LJMP    ?BRET
   \   00000C                REQUIRE _A_P1
     33          

   \                                 In  segment BANKED_CODE, align 1, keep-with-next
   \                     ?Subroutine0:
   \   000000   12....       LCALL   ??scl_set?relay
   \   000003                REQUIRE ??Subroutine4_0
   \   000003                ; // Fall through to label ??Subroutine4_0

   \                                 In  segment BANKED_CODE, align 1, keep-with-next
     34          void soft_i2c_init(void)
   \                     soft_i2c_init:
     35          {
   \   000000   C082         PUSH    DPL
   \   000002   C083         PUSH    DPH
   \   000004                ; Saved register size: 2
   \   000004                ; Auto size: 0
     36              P1SEL &= (uint8)~(OLED_SDA_BM | OLED_SCL_BM);
   \   000004   53F4F3       ANL     0xf4,#0xf3
     37              P1DIR |= (OLED_SDA_BM | OLED_SCL_BM);
   \   000007   43FE0C       ORL     0xfe,#0xc
     38              sda_set(1);
   \   00000A                ; Setup parameters for call to function sda_set
   \   00000A   7901         MOV     R1,#0x1
   \   00000C   12....       LCALL   ??sda_set?relay
     39              scl_set(1);
   \   00000F                ; Setup parameters for call to function scl_set
   \   00000F   7901         MOV     R1,#0x1
   \   000011   80..         SJMP    ?Subroutine0
   \   000013                REQUIRE P1SEL
   \   000013                REQUIRE P1DIR
     40          }
     41          

   \                                 In  segment BANKED_CODE, align 1, keep-with-next
     42          void soft_i2c_start(void)
   \                     soft_i2c_start:
     43          {
   \   000000   C082         PUSH    DPL
   \   000002   C083         PUSH    DPH
   \   000004                ; Saved register size: 2
   \   000004                ; Auto size: 0
     44              sda_set(1);
   \   000004                ; Setup parameters for call to function sda_set
   \   000004   7901         MOV     R1,#0x1
   \   000006   12....       LCALL   ??sda_set?relay
     45              scl_set(1);
   \   000009                ; Setup parameters for call to function scl_set
   \   000009   12....       LCALL   ?Subroutine3 & 0xFFFF
     46              i2c_delay();
     47              sda_set(0);
   \                     ??CrossCallReturnLabel_2:
   \   00000C                ; Setup parameters for call to function sda_set
   \   00000C   12....       LCALL   ?Subroutine2 & 0xFFFF
     48              i2c_delay();
     49              scl_set(0);
   \                     ??CrossCallReturnLabel_5:
   \   00000F                ; Setup parameters for call to function scl_set
   \   00000F   7900         MOV     R1,#0x0
   \   000011   80..         SJMP    ?Subroutine0
     50          }

   \                                 In  segment BANKED_CODE, align 1, keep-with-next
   \                     ?Subroutine2:
   \   000000   7900         MOV     R1,#0x0
   \   000002                REQUIRE ??Subroutine5_0
   \   000002                ; // Fall through to label ??Subroutine5_0

   \                                 In  segment BANKED_CODE, align 1, keep-with-next
   \                     ??Subroutine5_0:
   \   000000   12....       LCALL   ??sda_set?relay
   \   000003                ; Setup parameters for call to function i2c_delay
   \   000003                ; Setup parameters for call to function i2c_delay
   \   000003                ; Setup parameters for call to function i2c_delay
   \   000003   12....       LCALL   ??i2c_delay?relay
   \   000006   22           RET

   \                                 In  segment BANKED_CODE, align 1, keep-with-next
   \                     ?Subroutine3:
   \   000000   7901         MOV     R1,#0x1
   \   000002   12....       LCALL   ??scl_set?relay
   \   000005                ; Setup parameters for call to function i2c_delay
   \   000005                ; Setup parameters for call to function i2c_delay
   \   000005                ; Setup parameters for call to function i2c_delay
   \   000005                ; Setup parameters for call to function i2c_delay
   \   000005   12....       LCALL   ??i2c_delay?relay
   \   000008   22           RET
     51          

   \                                 In  segment BANKED_CODE, align 1, keep-with-next
     52          void soft_i2c_stop(void)
   \                     soft_i2c_stop:
     53          {
   \   000000   C082         PUSH    DPL
   \   000002   C083         PUSH    DPH
   \   000004                ; Saved register size: 2
   \   000004                ; Auto size: 0
     54              sda_set(0);
   \   000004                ; Setup parameters for call to function sda_set
   \   000004   12....       LCALL   ?Subroutine2 & 0xFFFF
     55              i2c_delay();
     56              scl_set(1);
   \                     ??CrossCallReturnLabel_6:
   \   000007                ; Setup parameters for call to function scl_set
   \   000007   12....       LCALL   ?Subroutine3 & 0xFFFF
     57              i2c_delay();
     58              sda_set(1);
   \                     ??CrossCallReturnLabel_3:
   \   00000A                ; Setup parameters for call to function sda_set
   \   00000A   7901         MOV     R1,#0x1
   \   00000C   12....       LCALL   ??Subroutine5_0 & 0xFFFF
     59              i2c_delay();
     60          }
   \                     ??CrossCallReturnLabel_7:
   \   00000F   80..         SJMP    ??Subroutine4_0
     61          

   \                                 In  segment BANKED_CODE, align 1, keep-with-next
     62          uint8 soft_i2c_write_byte(uint8 data)
   \                     soft_i2c_write_byte:
     63          {
   \   000000   74F7         MOV     A,#-0x9
   \   000002   12....       LCALL   ?BANKED_ENTER_XDATA
   \   000005                ; Saved register size: 9
   \   000005                ; Auto size: 0
   \   000005   E9           MOV     A,R1
   \   000006   FF           MOV     R7,A
     64              uint8 i;
     65          
     66              for (i = 0; i < 8u; ++i) {
   \   000007   7E08         MOV     R6,#0x8
     67                  sda_set((data & 0x80u) ? 1u : 0u);
   \                     ??soft_i2c_write_byte_0:
   \   000009                ; Setup parameters for call to function sda_set
   \   000009   EF           MOV     A,R7
   \   00000A   A2E7         MOV     C,0xE0 /* A   */.7
   \   00000C   E4           CLR     A
   \   00000D   33           RLC     A
   \   00000E   F9           MOV     R1,A
   \   00000F   12....       LCALL   ?Subroutine1 & 0xFFFF
     68                  i2c_delay();
     69                  scl_set(1);
     70                  i2c_delay();
     71                  scl_set(0);
     72                  data <<= 1;
   \                     ??CrossCallReturnLabel_0:
   \   000012   EF           MOV     A,R7
   \   000013   C3           CLR     C
   \   000014   33           RLC     A
   \   000015   FF           MOV     R7,A
     73              }
   \   000016   1E           DEC     R6
   \   000017   EE           MOV     A,R6
   \   000018   70EF         JNZ     ??soft_i2c_write_byte_0
     74          
     75              sda_set(1);
   \   00001A                ; Setup parameters for call to function sda_set
   \   00001A   7901         MOV     R1,#0x1
   \   00001C   12....       LCALL   ?Subroutine1 & 0xFFFF
     76              i2c_delay();
     77              scl_set(1);
     78              i2c_delay();
     79              scl_set(0);
     80              return 1;
   \                     ??CrossCallReturnLabel_1:
   \   00001F   7901         MOV     R1,#0x1
   \   000021   7F01         MOV     R7,#0x1
   \   000023   02....       LJMP    ?BANKED_LEAVE_XDATA
     81          }

   \                                 In  segment BANKED_CODE, align 1, keep-with-next
   \                     ?Subroutine1:
   \   000000   12....       LCALL   ??sda_set?relay
   \   000003                ; Setup parameters for call to function i2c_delay
   \   000003                ; Setup parameters for call to function i2c_delay
   \   000003   12....       LCALL   ??i2c_delay?relay
   \   000006                ; Setup parameters for call to function scl_set
   \   000006                ; Setup parameters for call to function scl_set
   \   000006   12....       LCALL   ?Subroutine3 & 0xFFFF
   \                     ??CrossCallReturnLabel_4:
   \   000009                ; Setup parameters for call to function scl_set
   \   000009                ; Setup parameters for call to function scl_set
   \   000009   7900         MOV     R1,#0x0
   \   00000B   12....       LCALL   ??scl_set?relay
   \   00000E   22           RET

   \                                 In  segment BANK_RELAYS, align 1
   \                     ??i2c_delay?relay:
   \   000000   12....       LCALL   ?BDISPATCH
   \   000003   ......       DC24    i2c_delay

   \                                 In  segment BANK_RELAYS, align 1
   \                     ??sda_set?relay:
   \   000000   12....       LCALL   ?BDISPATCH
   \   000003   ......       DC24    sda_set

   \                                 In  segment BANK_RELAYS, align 1
   \                     ??scl_set?relay:
   \   000000   12....       LCALL   ?BDISPATCH
   \   000003   ......       DC24    scl_set

   \                                 In  segment BANK_RELAYS, align 1
   \                     ??soft_i2c_init?relay:
   \   000000   12....       LCALL   ?BDISPATCH
   \   000003   ......       DC24    soft_i2c_init

   \                                 In  segment BANK_RELAYS, align 1
   \                     ??soft_i2c_start?relay:
   \   000000   12....       LCALL   ?BDISPATCH
   \   000003   ......       DC24    soft_i2c_start

   \                                 In  segment BANK_RELAYS, align 1
   \                     ??soft_i2c_stop?relay:
   \   000000   12....       LCALL   ?BDISPATCH
   \   000003   ......       DC24    soft_i2c_stop

   \                                 In  segment BANK_RELAYS, align 1
   \                     ??soft_i2c_write_byte?relay:
   \   000000   12....       LCALL   ?BDISPATCH
   \   000003   ......       DC24    soft_i2c_write_byte

   Maximum stack usage in bytes:

     Function            ISTACK PSTACK XSTACK
     --------            ------ ------ ------
     i2c_delay               2      0     10
     scl_set                 0      0      9
     sda_set                 0      0      9
     soft_i2c_init           2      0      0
       -> sda_set            4      0      0
       -> scl_set            4      0      0
     soft_i2c_start          2      0      0
       -> sda_set            4      0      0
       -> scl_set            4      0      0
       -> i2c_delay          4      0      0
       -> sda_set            4      0      0
       -> i2c_delay          4      0      0
       -> scl_set            4      0      0
     soft_i2c_stop           2      0      0
       -> sda_set            4      0      0
       -> i2c_delay          4      0      0
       -> scl_set            4      0      0
       -> i2c_delay          4      0      0
       -> sda_set            4      0      0
       -> i2c_delay          4      0      0
     soft_i2c_write_byte     0      0      9
       -> sda_set            0      0     18
       -> i2c_delay          0      0     18
       -> scl_set            0      0     18
       -> i2c_delay          0      0     18
       -> scl_set            0      0     18
       -> sda_set            0      0     18
       -> i2c_delay          0      0     18
       -> scl_set            0      0     18
       -> i2c_delay          0      0     18
       -> scl_set            0      0     18


   Segment part sizes:

     Function/Label              Bytes
     --------------              -----
     _A_P1                          1
     P1SEL                          1
     P1DIR                          1
     i2c_delay                     34
     ??Subroutine4_0                7
     sda_set                       12
     scl_set                       12
     ?Subroutine0                   3
     soft_i2c_init                 19
     soft_i2c_start                19
     ?Subroutine2                   2
     ??Subroutine5_0                7
     ?Subroutine3                   9
     soft_i2c_stop                 17
     soft_i2c_write_byte           38
     ?Subroutine1                  15
     ??i2c_delay?relay              6
     ??sda_set?relay                6
     ??scl_set?relay                6
     ??soft_i2c_init?relay          6
     ??soft_i2c_start?relay         6
     ??soft_i2c_stop?relay          6
     ??soft_i2c_write_byte?relay    6

 
 194 bytes in segment BANKED_CODE
  42 bytes in segment BANK_RELAYS
   3 bytes in segment SFR_AN
 
 236 bytes of CODE memory
   0 bytes of DATA memory (+ 3 bytes shared)

Errors: none
Warnings: 1
