###############################################################################
#                                                                             #
# IAR C/C++ Compiler V8.10.3.10338/W32 for 8051         18/Apr/2026  15:20:56 #
# Copyright 2004-2011 IAR Systems AB.                                         #
#                                                                             #
#    Core               =  plain                                              #
#    Code model         =  banked                                             #
#    Data model         =  large                                              #
#    Calling convention =  xdata reentrant                                    #
#    Constant location  =  data_rom                                           #
#    Dptr setup         =  1,16                                               #
#    Source file        =  D:\ZNJJ\ZStack-CC2530-2.5.1a\Projects\zstack\Sampl #
#                          es\GwCoord\Source\uart_link.c                      #
#    Command line       =  -f D:\ZNJJ\ZStack-CC2530-2.5.1a\Projects\zstack\Sa #
#                          mples\GwCoord\CC2530DB\..\..\..\Tools\CC2530DB\f8w #
#                          Coord.cfg (-DCPU32MHZ -DROOT=__near_func           #
#                          -DMAC_CFG_APP_PENDING_QUEUE=TRUE                   #
#                          -DMAC_CFG_TX_DATA_MAX=5 -DMAC_CFG_TX_MAX=8         #
#                          -DMAC_CFG_RX_MAX=5 -DZDO_COORDINATOR -DRTR_NWK)    #
#                          -f D:\ZNJJ\ZStack-CC2530-2.5.1a\Projects\zstack\Sa #
#                          mples\GwCoord\CC2530DB\..\..\..\Tools\CC2530DB\f8w #
#                          Config.cfg (-DZIGBEEPRO -DSECURE=0                 #
#                          -DZG_SECURE_DYNAMIC=0 -DREFLECTOR                  #
#                          -DDEFAULT_CHANLIST=0x00000800                      #
#                          -DZDAPP_CONFIG_PAN_ID=0xFFFF                       #
#                          -DNWK_START_DELAY=100 -DEXTENDED_JOINING_RANDOM_MA #
#                          SK=0x007F -DBEACON_REQUEST_DELAY=100               #
#                          -DBEACON_REQ_DELAY_MASK=0x00FF                     #
#                          -DLINK_STATUS_JITTER_MASK=0x007F                   #
#                          -DROUTE_EXPIRY_TIME=30 -DAPSC_ACK_WAIT_DURATION_PO #
#                          LLED=3000 -DNWK_INDIRECT_MSG_TIMEOUT=7             #
#                          -DMAX_RREQ_ENTRIES=8 -DAPSC_MAX_FRAME_RETRIES=3    #
#                          -DNWK_MAX_DATA_RETRIES=2                           #
#                          -DMAX_POLL_FAILURE_RETRIES=2 -DMAX_BCAST=9         #
#                          -DAPS_MAX_GROUPS=16 -DMAX_RTG_ENTRIES=40           #
#                          -DNWK_MAX_BINDING_ENTRIES=4                        #
#                          -DMAX_BINDING_CLUSTER_IDS=4 "-DDEFAULT_KEY={0x01,  #
#                          0x03, 0x05, 0x07, 0x09, 0x0B, 0x0D, 0x0F, 0x00,    #
#                          0x02, 0x04, 0x06, 0x08, 0x0A, 0x0C, 0x0D}"         #
#                          -DMAC_MAX_FRAME_SIZE=116                           #
#                          -DZDNWKMGR_MIN_TRANSMISSIONS=20 "-DCONST=const     #
#                          __code" -DGENERIC=__generic                        #
#                          -DRFD_RCVC_ALWAYS_ON=FALSE -DPOLL_RATE=1000        #
#                          -DQUEUED_POLL_RATE=100 -DRESPONSE_POLL_RATE=100)   #
#                          -DREJOIN_POLL_RATE=440 D:\ZNJJ\ZStack-CC2530-2.5.1 #
#                          a\Projects\zstack\Samples\GwCoord\Source\uart_link #
#                          .c -D HAL_UART=TRUE -lC D:\ZNJJ\ZStack-CC2530-2.5. #
#                          1a\Projects\zstack\Samples\GwCoord\CC2530DB\Coordi #
#                          natorEB\List\ -lA D:\ZNJJ\ZStack-CC2530-2.5.1a\Pro #
#                          jects\zstack\Samples\GwCoord\CC2530DB\CoordinatorE #
#                          B\List\ --diag_suppress Pe001,Pa010 -o             #
#                          D:\ZNJJ\ZStack-CC2530-2.5.1a\Projects\zstack\Sampl #
#                          es\GwCoord\CC2530DB\CoordinatorEB\Obj\ -e          #
#                          --no_code_motion --debug --core=plain --dptr=16,1  #
#                          --data_model=large --code_model=banked             #
#                          --calling_convention=xdata_reentrant               #
#                          --place_constants=data_rom --nr_virtual_regs 16    #
#                          -I D:\ZNJJ\ZStack-CC2530-2.5.1a\Projects\zstack\Sa #
#                          mples\GwCoord\CC2530DB\ -I                         #
#                          D:\ZNJJ\ZStack-CC2530-2.5.1a\Projects\zstack\Sampl #
#                          es\GwCoord\CC2530DB\..\Source\ -I                  #
#                          D:\ZNJJ\ZStack-CC2530-2.5.1a\Projects\zstack\Sampl #
#                          es\GwCoord\CC2530DB\..\..\..\ZMain\TI2530DB\ -I    #
#                          D:\ZNJJ\ZStack-CC2530-2.5.1a\Projects\zstack\Sampl #
#                          es\GwCoord\CC2530DB\..\..\..\..\..\Components\hal\ #
#                          include\ -I D:\ZNJJ\ZStack-CC2530-2.5.1a\Projects\ #
#                          zstack\Samples\GwCoord\CC2530DB\..\..\..\..\..\Com #
#                          ponents\hal\target\CC2530EB\ -I                    #
#                          D:\ZNJJ\ZStack-CC2530-2.5.1a\Projects\zstack\Sampl #
#                          es\GwCoord\CC2530DB\..\..\..\..\..\Components\mac\ #
#                          include\ -I D:\ZNJJ\ZStack-CC2530-2.5.1a\Projects\ #
#                          zstack\Samples\GwCoord\CC2530DB\..\..\..\..\..\Com #
#                          ponents\mac\high_level\ -I                         #
#                          D:\ZNJJ\ZStack-CC2530-2.5.1a\Projects\zstack\Sampl #
#                          es\GwCoord\CC2530DB\..\..\..\..\..\Components\mac\ #
#                          low_level\srf04\ -I D:\ZNJJ\ZStack-CC2530-2.5.1a\P #
#                          rojects\zstack\Samples\GwCoord\CC2530DB\..\..\..\. #
#                          .\..\Components\mac\low_level\srf04\single_chip\   #
#                          -I D:\ZNJJ\ZStack-CC2530-2.5.1a\Projects\zstack\Sa #
#                          mples\GwCoord\CC2530DB\..\..\..\..\..\Components\m #
#                          t\ -I D:\ZNJJ\ZStack-CC2530-2.5.1a\Projects\zstack #
#                          \Samples\GwCoord\CC2530DB\..\..\..\..\..\Component #
#                          s\osal\include\ -I D:\ZNJJ\ZStack-CC2530-2.5.1a\Pr #
#                          ojects\zstack\Samples\GwCoord\CC2530DB\..\..\..\.. #
#                          \..\Components\services\saddr\ -I                  #
#                          D:\ZNJJ\ZStack-CC2530-2.5.1a\Projects\zstack\Sampl #
#                          es\GwCoord\CC2530DB\..\..\..\..\..\Components\serv #
#                          ices\sdata\ -I D:\ZNJJ\ZStack-CC2530-2.5.1a\Projec #
#                          ts\zstack\Samples\GwCoord\CC2530DB\..\..\..\..\..\ #
#                          Components\stack\af\ -I D:\ZNJJ\ZStack-CC2530-2.5. #
#                          1a\Projects\zstack\Samples\GwCoord\CC2530DB\..\..\ #
#                          ..\..\..\Components\stack\nwk\ -I                  #
#                          D:\ZNJJ\ZStack-CC2530-2.5.1a\Projects\zstack\Sampl #
#                          es\GwCoord\CC2530DB\..\..\..\..\..\Components\stac #
#                          k\sapi\ -I D:\ZNJJ\ZStack-CC2530-2.5.1a\Projects\z #
#                          stack\Samples\GwCoord\CC2530DB\..\..\..\..\..\Comp #
#                          onents\stack\sec\ -I D:\ZNJJ\ZStack-CC2530-2.5.1a\ #
#                          Projects\zstack\Samples\GwCoord\CC2530DB\..\..\..\ #
#                          ..\..\Components\stack\sys\ -I                     #
#                          D:\ZNJJ\ZStack-CC2530-2.5.1a\Projects\zstack\Sampl #
#                          es\GwCoord\CC2530DB\..\..\..\..\..\Components\stac #
#                          k\zdo\ -I D:\ZNJJ\ZStack-CC2530-2.5.1a\Projects\zs #
#                          tack\Samples\GwCoord\CC2530DB\..\..\..\..\..\Compo #
#                          nents\zmac\ -I D:\ZNJJ\ZStack-CC2530-2.5.1a\Projec #
#                          ts\zstack\Samples\GwCoord\CC2530DB\..\..\..\..\..\ #
#                          Components\zmac\f8w\ -Ohz --require_prototypes     #
#    List file          =  D:\ZNJJ\ZStack-CC2530-2.5.1a\Projects\zstack\Sampl #
#                          es\GwCoord\CC2530DB\CoordinatorEB\List\uart_link.l #
#                          st                                                 #
#    Object file        =  D:\ZNJJ\ZStack-CC2530-2.5.1a\Projects\zstack\Sampl #
#                          es\GwCoord\CC2530DB\CoordinatorEB\Obj\uart_link.r5 #
#                          1                                                  #
#                                                                             #
#                                                                             #
###############################################################################

D:\ZNJJ\ZStack-CC2530-2.5.1a\Projects\zstack\Samples\GwCoord\Source\uart_link.c
      1          /*
                  ^
Warning[Pa050]: non-native end of line sequence detected (this diagnostic is
          only issued once)
      2           * UART 链路层：把 HalUART 的 RX 回调字节喂到 frame_parser。
      3           *
      4           * 约束：
      5           *  - 回调内只做入队 + 置事件位，严禁任何 RF / 分配 / 阻塞（CC2530.md §0.6）。
      6           *  - 帧解析在任务上下文执行（由 GwCoord_ProcessEvent 收到 GW_EVT_UART_RX 触发）。
      7           */
      8          
      9          #include "uart_link.h"
     10          #include "gw_coord.h"
     11          #include "frame.h"
     12          #include "hal_uart.h"
     13          #include "OSAL.h"
     14          #include "OSAL_Timers.h"
     15          
     16          #ifndef GWCOORD_UART_PORT
     17          #define GWCOORD_UART_PORT   HAL_UART_PORT_0
     18          #endif
     19          #ifndef GWCOORD_UART_BAUD
     20          #define GWCOORD_UART_BAUD   HAL_UART_BR_115200
     21          #endif
     22          
     23          /* 环形缓冲：容纳 ≥ 2 帧 + 少量抖动 */
     24          #define UL_RX_RING_SZ       128u

   \                                 In  segment XDATA_Z, align 1, keep-with-next
     25          static uint8 XDATA_QUAL   s_rx_ring[UL_RX_RING_SZ];
   \                     s_rx_ring:
   \   000000                DS 128
   \   000080                REQUIRE __INIT_XDATA_Z

   \                                 In  segment XDATA_Z, align 1, keep-with-next
     26          static volatile uint16    s_rx_head;
   \                     s_rx_head:
   \   000000                DS 2
   \   000002                REQUIRE __INIT_XDATA_Z

   \                                 In  segment XDATA_Z, align 1, keep-with-next
     27          static volatile uint16    s_rx_tail;
   \                     s_rx_tail:
   \   000000                DS 2
   \   000002                REQUIRE __INIT_XDATA_Z
     28          

   \                                 In  segment XDATA_Z, align 1, keep-with-next
     29          static frame_parser_t XDATA_QUAL s_parser;
   \                     s_parser:
   \   000000                DS 86
   \   000056                REQUIRE __INIT_XDATA_Z

   \                                 In  segment XDATA_I, align 1, keep-with-next
     30          static uint8          s_owner_task = 0xFF;
   \                     s_owner_task:
   \   000000                DS 1
   \   000001                REQUIRE `?<Initializer for s_owner_task>`
   \   000001                REQUIRE __INIT_XDATA_I
     31          
     32          /* HalUART 回调：在中断/驱动层调用 */

   \                                 In  segment BANKED_CODE, align 1, keep-with-next
     33          static void uart_rx_cb(uint8 port, uint8 event)
   \                     uart_rx_cb:
     34          {
   \   000000   74F0         MOV     A,#-0x10
   \   000002   12....       LCALL   ?BANKED_ENTER_XDATA
   \   000005                ; Saved register size: 16
   \   000005                ; Auto size: 1
   \   000005   74FF         MOV     A,#-0x1
   \   000007   12....       LCALL   ?ALLOC_XSTACK8
     35              uint8 b;
     36              uint16 next;
     37              uint16 polled;
     38          
     39              (void)event;
     40              if (port != GWCOORD_UART_PORT) return;
   \   00000A   E9           MOV     A,R1
   \   00000B   6003         JZ      $+5
   \   00000D   02....       LJMP    ??uart_rx_cb_0 & 0xFFFF
     41          
     42              /* 读出驱动中所有就绪字节到环形 */
     43              polled = Hal_UART_RxBufLen(port);
   \   000010                ; Setup parameters for call to function Hal_UART_RxBufLen
   \   000010   7900         MOV     R1,#0x0
   \   000012   12....       LCALL   ??Hal_UART_RxBufLen?relay
   \   000015   8A..         MOV     ?V0 + 2,R2
   \   000017   8B..         MOV     ?V0 + 3,R3
   \   000019   AE..         MOV     R6,?V0 + 2
   \   00001B   AF..         MOV     R7,?V0 + 3
   \   00001D   8024         SJMP    ??uart_rx_cb_1
     44              while (polled--) {
     45                  if (HalUARTRead(port, &b, 1) == 0) break;
     46                  next = (uint16)((s_rx_head + 1) & (UL_RX_RING_SZ - 1));
     47                  if (next == s_rx_tail) {
     48                      /* 溢出：丢字节并计数 */
     49                      s_parser.frame_err++;
     50                      break;
     51                  }
     52                  s_rx_ring[s_rx_head] = b;
   \                     ??uart_rx_cb_2:
   \   00001F   85..82       MOV     DPL,?XSP + 0
   \   000022   85..83       MOV     DPH,?XSP + 1
   \   000025   E0           MOVX    A,@DPTR
   \   000026   C0E0         PUSH    A
   \   000028   90....       MOV     DPTR,#s_rx_head
   \   00002B   E0           MOVX    A,@DPTR
   \   00002C   24..         ADD     A,#s_rx_ring & 0xff
   \   00002E   FA           MOV     R2,A
   \   00002F   A3           INC     DPTR
   \   000030   E0           MOVX    A,@DPTR
   \   000031   34..         ADDC    A,#(s_rx_ring >> 8) & 0xff
   \   000033   FB           MOV     R3,A
   \   000034   8A82         MOV     DPL,R2
   \   000036   8B83         MOV     DPH,R3
   \   000038   D0E0         POP     A
   \   00003A   F0           MOVX    @DPTR,A
     53                  s_rx_head = next;
   \   00003B   90....       MOV     DPTR,#s_rx_head
   \   00003E   E8           MOV     A,R0
   \   00003F   F0           MOVX    @DPTR,A
   \   000040   A3           INC     DPTR
   \   000041   E4           CLR     A
   \   000042   F0           MOVX    @DPTR,A
   \                     ??uart_rx_cb_1:
   \   000043   EE           MOV     A,R6
   \   000044   F8           MOV     R0,A
   \   000045   EF           MOV     A,R7
   \   000046   F9           MOV     R1,A
   \   000047   E8           MOV     A,R0
   \   000048   24FF         ADD     A,#-0x1
   \   00004A   1E           DEC     R6
   \   00004B   E9           MOV     A,R1
   \   00004C   34FF         ADDC    A,#-0x1
   \   00004E   FF           MOV     R7,A
   \   00004F   E8           MOV     A,R0
   \   000050   49           ORL     A,R1
   \   000051   603C         JZ      ??uart_rx_cb_3
   \   000053                ; Setup parameters for call to function HalUARTRead
   \   000053   7C01         MOV     R4,#0x1
   \   000055   7D00         MOV     R5,#0x0
   \   000057   85..82       MOV     DPL,?XSP + 0
   \   00005A   85..83       MOV     DPH,?XSP + 1
   \   00005D   AA82         MOV     R2,DPL
   \   00005F   AB83         MOV     R3,DPH
   \   000061   7900         MOV     R1,#0x0
   \   000063   12....       LCALL   ??HalUARTRead?relay
   \   000066   8B..         MOV     ?V0 + 3,R3
   \   000068   EA           MOV     A,R2
   \   000069   45..         ORL     A,?V0 + 3
   \   00006B   6022         JZ      ??uart_rx_cb_3
   \   00006D   90....       MOV     DPTR,#s_rx_head
   \   000070   12....       LCALL   ?Subroutine1 & 0xFFFF
   \                     ??CrossCallReturnLabel_0:
   \   000073   F8           MOV     R0,A
   \   000074   90....       MOV     DPTR,#s_rx_tail
   \   000077   E0           MOVX    A,@DPTR
   \   000078   68           XRL     A,R0
   \   000079   7002         JNZ     ??uart_rx_cb_4
   \   00007B   A3           INC     DPTR
   \   00007C   E0           MOVX    A,@DPTR
   \                     ??uart_rx_cb_4:
   \   00007D   70A0         JNZ     ??uart_rx_cb_2
   \   00007F   90....       MOV     DPTR,#__Constant_1
   \   000082   78..         MOV     R0,#?V0 + 4
   \   000084   12....       LCALL   ?L_MOV_X
   \   000087   90....       MOV     DPTR,#s_parser + 74
   \   00008A   78..         MOV     R0,#?V0 + 4
   \   00008C   12....       LCALL   ?L_ADD_TO_X
     54              }
     55              if (s_owner_task != 0xFF) {
   \                     ??uart_rx_cb_3:
   \   00008F   90....       MOV     DPTR,#s_owner_task
   \   000092   E0           MOVX    A,@DPTR
   \   000093   F4           CPL     A
   \   000094   6009         JZ      ??uart_rx_cb_0
     56                  osal_set_event(s_owner_task, GW_EVT_UART_RX);
   \   000096                ; Setup parameters for call to function osal_set_event
   \   000096   7A01         MOV     R2,#0x1
   \   000098   7B00         MOV     R3,#0x0
   \   00009A   E0           MOVX    A,@DPTR
   \   00009B   F9           MOV     R1,A
   \   00009C   12....       LCALL   ??osal_set_event?relay
   \                     ??uart_rx_cb_0:
   \   00009F   7401         MOV     A,#0x1
   \   0000A1   12....       LCALL   ?DEALLOC_XSTACK8
   \   0000A4   7F08         MOV     R7,#0x8
   \   0000A6   02....       LJMP    ?BANKED_LEAVE_XDATA
     57              }
     58          }

   \                                 In  segment BANKED_CODE, align 1, keep-with-next
   \                     ?Subroutine1:
   \   000000   E0           MOVX    A,@DPTR
   \   000001   04           INC     A
   \   000002   F8           MOV     R0,A
   \   000003   A3           INC     DPTR
   \   000004   E0           MOVX    A,@DPTR
   \   000005   E8           MOV     A,R0
   \   000006   547F         ANL     A,#0x7f
   \   000008   22           RET
     59          

   \                                 In  segment BANKED_CODE, align 1, keep-with-next
     60          void uart_link_init(uint8 owner_task_id)
   \                     uart_link_init:
     61          {
   \   000000   74F7         MOV     A,#-0x9
   \   000002   12....       LCALL   ?BANKED_ENTER_XDATA
   \   000005                ; Saved register size: 9
   \   000005                ; Auto size: 29
   \   000005   74E3         MOV     A,#-0x1d
   \   000007   12....       LCALL   ?ALLOC_XSTACK8
   \   00000A   E9           MOV     A,R1
   \   00000B   FE           MOV     R6,A
     62              halUARTCfg_t cfg;
     63          
     64              s_rx_head = 0;
   \   00000C   90....       MOV     DPTR,#s_rx_head
   \   00000F   E4           CLR     A
   \   000010   F0           MOVX    @DPTR,A
   \   000011   A3           INC     DPTR
   \   000012   F0           MOVX    @DPTR,A
     65              s_rx_tail = 0;
   \   000013   90....       MOV     DPTR,#s_rx_tail
   \   000016   F0           MOVX    @DPTR,A
   \   000017   A3           INC     DPTR
   \   000018   F0           MOVX    @DPTR,A
     66              frame_parser_init(&s_parser);
   \   000019                ; Setup parameters for call to function frame_parser_init
   \   000019   7A..         MOV     R2,#s_parser & 0xff
   \   00001B   7B..         MOV     R3,#(s_parser >> 8) & 0xff
   \   00001D   12....       LCALL   ??frame_parser_init?relay
     67              s_owner_task = owner_task_id;
   \   000020   EE           MOV     A,R6
   \   000021   90....       MOV     DPTR,#s_owner_task
   \   000024   F0           MOVX    @DPTR,A
     68          
     69              osal_memset(&cfg, 0, sizeof(cfg));
   \   000025                ; Setup parameters for call to function osal_memset
   \   000025   7C1D         MOV     R4,#0x1d
   \   000027   7D00         MOV     R5,#0x0
   \   000029   7900         MOV     R1,#0x0
   \   00002B   85..82       MOV     DPL,?XSP + 0
   \   00002E   85..83       MOV     DPH,?XSP + 1
   \   000031   AA82         MOV     R2,DPL
   \   000033   AB83         MOV     R3,DPH
   \   000035   12....       LCALL   ??osal_memset?relay
     70              cfg.configured           = TRUE;
   \   000038   85..82       MOV     DPL,?XSP + 0
   \   00003B   85..83       MOV     DPH,?XSP + 1
   \   00003E   7401         MOV     A,#0x1
   \   000040   F0           MOVX    @DPTR,A
     71              cfg.baudRate             = GWCOORD_UART_BAUD;
   \   000041   12....       LCALL   ?XSTACK_DISP0_8
   \   000044   7404         MOV     A,#0x4
   \   000046   F0           MOVX    @DPTR,A
     72              cfg.flowControl          = FALSE;
   \   000047   7402         MOV     A,#0x2
   \   000049   12....       LCALL   ?XSTACK_DISP0_8
   \   00004C   E4           CLR     A
   \   00004D   F0           MOVX    @DPTR,A
     73              cfg.flowControlThreshold = 0;
   \   00004E   7403         MOV     A,#0x3
   \   000050   12....       LCALL   ?XSTACK_DISP0_8
   \   000053   E4           CLR     A
   \   000054   F0           MOVX    @DPTR,A
   \   000055   A3           INC     DPTR
   \   000056   F0           MOVX    @DPTR,A
     74              cfg.rx.maxBufSize        = 96;
   \   000057   740A         MOV     A,#0xa
   \   000059   12....       LCALL   ?XSTACK_DISP0_8
   \   00005C   7460         MOV     A,#0x60
   \   00005E   F0           MOVX    @DPTR,A
   \   00005F   A3           INC     DPTR
   \   000060   E4           CLR     A
   \   000061   F0           MOVX    @DPTR,A
     75              cfg.tx.maxBufSize        = 96;
   \   000062   7412         MOV     A,#0x12
   \   000064   12....       LCALL   ?XSTACK_DISP0_8
   \   000067   7460         MOV     A,#0x60
   \   000069   F0           MOVX    @DPTR,A
   \   00006A   A3           INC     DPTR
   \   00006B   E4           CLR     A
   \   00006C   F0           MOVX    @DPTR,A
     76              cfg.idleTimeout          = 6;
   \   00006D   7405         MOV     A,#0x5
   \   00006F   12....       LCALL   ?XSTACK_DISP0_8
   \   000072   7406         MOV     A,#0x6
   \   000074   F0           MOVX    @DPTR,A
     77              cfg.intEnable            = TRUE;
   \   000075   7416         MOV     A,#0x16
   \   000077   12....       LCALL   ?XSTACK_DISP0_8
   \   00007A   7401         MOV     A,#0x1
   \   00007C   F0           MOVX    @DPTR,A
     78              cfg.callBackFunc         = uart_rx_cb;
   \   00007D   741B         MOV     A,#0x1b
   \   00007F   12....       LCALL   ?XSTACK_DISP0_8
   \   000082   74..         MOV     A,#??uart_rx_cb?relay & 0xff
   \   000084   F0           MOVX    @DPTR,A
   \   000085   A3           INC     DPTR
   \   000086   74..         MOV     A,#(??uart_rx_cb?relay >> 8) & 0xff
   \   000088   F0           MOVX    @DPTR,A
     79              (void)HalUARTOpen(GWCOORD_UART_PORT, &cfg);
   \   000089                ; Setup parameters for call to function HalUARTOpen
   \   000089   85..82       MOV     DPL,?XSP + 0
   \   00008C   85..83       MOV     DPH,?XSP + 1
   \   00008F   AA82         MOV     R2,DPL
   \   000091   AB83         MOV     R3,DPH
   \   000093   7900         MOV     R1,#0x0
   \   000095   12....       LCALL   ??HalUARTOpen?relay
     80          }
   \   000098   741D         MOV     A,#0x1d
   \   00009A   12....       LCALL   ?DEALLOC_XSTACK8
   \   00009D   7F01         MOV     R7,#0x1
   \   00009F   02....       LJMP    ?BANKED_LEAVE_XDATA
     81          

   \                                 In  segment BANKED_CODE, align 1, keep-with-next
     82          void uart_link_drain(void)
   \                     uart_link_drain:
     83          {
   \   000000   74F4         MOV     A,#-0xc
   \   000002   12....       LCALL   ?BANKED_ENTER_XDATA
   \   000005                ; Saved register size: 12
   \   000005                ; Auto size: 66
   \   000005   74BE         MOV     A,#-0x42
   \   000007   12....       LCALL   ?ALLOC_XSTACK8
   \   00000A   800D         SJMP    ??uart_link_drain_0
     84              frame_t out;
     85              uint8   b;
     86              uint16  head;
     87              int8    rc;
     88              uint32  now;
     89          
     90              for (;;) {
     91                  head = s_rx_head;
     92                  if (s_rx_tail == head) return;
     93                  b = s_rx_ring[s_rx_tail];
     94                  s_rx_tail = (uint16)((s_rx_tail + 1) & (UL_RX_RING_SZ - 1));
     95          
     96                  now = osal_GetSystemClock();
     97                  rc = frame_parser_feed(&s_parser, b, now, &out);
     98                  if (rc == 1) {
     99                      GwCoord_OnFrame(&out);
   \                     ??uart_link_drain_1:
   \   00000C                ; Setup parameters for call to function GwCoord_OnFrame
   \   00000C   85..82       MOV     DPL,?XSP + 0
   \   00000F   85..83       MOV     DPH,?XSP + 1
   \   000012   AA82         MOV     R2,DPL
   \   000014   AB83         MOV     R3,DPH
   \   000016   12....       LCALL   ??GwCoord_OnFrame?relay
    100                  } else if (rc < 0) {
   \                     ??uart_link_drain_0:
   \   000019   90....       MOV     DPTR,#s_rx_head
   \   00001C   E0           MOVX    A,@DPTR
   \   00001D   F8           MOV     R0,A
   \   00001E   A3           INC     DPTR
   \   00001F   E0           MOVX    A,@DPTR
   \   000020   F9           MOV     R1,A
   \   000021   90....       MOV     DPTR,#s_rx_tail
   \   000024   E0           MOVX    A,@DPTR
   \   000025   68           XRL     A,R0
   \   000026   7003         JNZ     ??uart_link_drain_2
   \   000028   A3           INC     DPTR
   \   000029   E0           MOVX    A,@DPTR
   \   00002A   69           XRL     A,R1
   \                     ??uart_link_drain_2:
   \   00002B   700A         JNZ     ??uart_link_drain_3
   \   00002D   7442         MOV     A,#0x42
   \   00002F   12....       LCALL   ?DEALLOC_XSTACK8
   \   000032   7F04         MOV     R7,#0x4
   \   000034   02....       LJMP    ?BANKED_LEAVE_XDATA
   \                     ??uart_link_drain_3:
   \   000037   90....       MOV     DPTR,#s_rx_tail
   \   00003A   E0           MOVX    A,@DPTR
   \   00003B   24..         ADD     A,#s_rx_ring & 0xff
   \   00003D   F8           MOV     R0,A
   \   00003E   A3           INC     DPTR
   \   00003F   E0           MOVX    A,@DPTR
   \   000040   34..         ADDC    A,#(s_rx_ring >> 8) & 0xff
   \   000042   F9           MOV     R1,A
   \   000043   8882         MOV     DPL,R0
   \   000045   8983         MOV     DPH,R1
   \   000047   E0           MOVX    A,@DPTR
   \   000048   FE           MOV     R6,A
   \   000049   90....       MOV     DPTR,#s_rx_tail
   \   00004C   12....       LCALL   ?Subroutine1 & 0xFFFF
   \                     ??CrossCallReturnLabel_1:
   \   00004F   90....       MOV     DPTR,#s_rx_tail
   \   000052   F0           MOVX    @DPTR,A
   \   000053   A3           INC     DPTR
   \   000054   E4           CLR     A
   \   000055   F0           MOVX    @DPTR,A
   \   000056                ; Setup parameters for call to function frame_parser_feed
   \   000056                ; Setup parameters for call to function osal_GetSystemClock
   \   000056   12....       LCALL   ??osal_GetSystemClock?relay
   \   000059   8A..         MOV     ?V0 + 0,R2
   \   00005B   8B..         MOV     ?V0 + 1,R3
   \   00005D   8C..         MOV     ?V0 + 2,R4
   \   00005F   8D..         MOV     ?V0 + 3,R5
   \   000061   78..         MOV     R0,#?V0 + 0
   \   000063   12....       LCALL   ?PUSH_XSTACK_I_FOUR
   \   000066   7404         MOV     A,#0x4
   \   000068   12....       LCALL   ?XSTACK_DISP0_8
   \   00006B   AC82         MOV     R4,DPL
   \   00006D   AD83         MOV     R5,DPH
   \   00006F   EE           MOV     A,R6
   \   000070   F9           MOV     R1,A
   \   000071   7A..         MOV     R2,#s_parser & 0xff
   \   000073   7B..         MOV     R3,#(s_parser >> 8) & 0xff
   \   000075   12....       LCALL   ??frame_parser_feed?relay
   \   000078   7404         MOV     A,#0x4
   \   00007A   12....       LCALL   ?DEALLOC_XSTACK8
   \   00007D   E9           MOV     A,R1
   \   00007E   F8           MOV     R0,A
   \   00007F   7401         MOV     A,#0x1
   \   000081   68           XRL     A,R0
   \   000082   6088         JZ      ??uart_link_drain_1
   \   000084   E8           MOV     A,R0
   \   000085   C3           CLR     C
   \   000086   9400         SUBB    A,#0x0
   \   000088   A2D2         MOV     C,0xD0 /* PSW */.2
   \   00008A   65D0         XRL     A,PSW
   \   00008C   33           RLC     A
   \   00008D   508A         JNC     ??uart_link_drain_0
    101                      /* 错误已在 parser 统计；可选择回 ZB_ERR */
    102                      if (rc == RC_ERR_BAD_CRC) {
   \   00008F   74FA         MOV     A,#-0x6
   \   000091   68           XRL     A,R0
   \   000092   700A         JNZ     ??uart_link_drain_4
    103                          GwCoord_SendErr(ERRC_CRC_FAIL, 0);
   \   000094                ; Setup parameters for call to function GwCoord_SendErr
   \   000094   7A00         MOV     R2,#0x0
   \   000096   7921         MOV     R1,#0x21
   \                     ??uart_link_drain_5:
   \   000098   12....       LCALL   ??GwCoord_SendErr?relay
   \   00009B   02....       LJMP    ??uart_link_drain_0 & 0xFFFF
    104                      } else if (rc == RC_ERR_BAD_FRAME) {
   \                     ??uart_link_drain_4:
   \   00009E   74FB         MOV     A,#-0x5
   \   0000A0   68           XRL     A,R0
   \   0000A1   6003         JZ      $+5
   \   0000A3   02....       LJMP    ??uart_link_drain_0 & 0xFFFF
    105                          GwCoord_SendErr(ERRC_BAD_FRAME, 0);
   \   0000A6                ; Setup parameters for call to function GwCoord_SendErr
   \   0000A6   7A00         MOV     R2,#0x0
   \   0000A8   7920         MOV     R1,#0x20
   \   0000AA   80EC         SJMP    ??uart_link_drain_5
    106                      }
    107                  }
    108              }
    109          }
    110          

   \                                 In  segment BANKED_CODE, align 1, keep-with-next
    111          int8 uart_link_tx(const uint8 *data, uint16 n)
   \                     uart_link_tx:
    112          {
   \   000000   74F6         MOV     A,#-0xa
   \   000002   12....       LCALL   ?BANKED_ENTER_XDATA
   \   000005                ; Saved register size: 10
   \   000005                ; Auto size: 0
   \   000005   EC           MOV     A,R4
   \   000006   FE           MOV     R6,A
   \   000007   ED           MOV     A,R5
   \   000008   FF           MOV     R7,A
    113              uint16 written;
    114              if (data == 0 || n == 0) return (int8)RC_ERR_PARAM;
   \   000009   EA           MOV     A,R2
   \   00000A   4B           ORL     A,R3
   \   00000B   6004         JZ      ??uart_link_tx_0
   \   00000D   EE           MOV     A,R6
   \   00000E   4F           ORL     A,R7
   \   00000F   7004         JNZ     ??uart_link_tx_1
   \                     ??uart_link_tx_0:
   \   000011   79FF         MOV     R1,#-0x1
   \   000013   8019         SJMP    ??uart_link_tx_2
    115              written = HalUARTWrite(GWCOORD_UART_PORT, (uint8 *)data, n);
    116              return (written == n) ? 0 : (int8)RC_ERR_NO_SPACE;
   \                     ??uart_link_tx_1:
   \   000015                ; Setup parameters for call to function HalUARTWrite
   \   000015   7900         MOV     R1,#0x0
   \   000017   12....       LCALL   ??HalUARTWrite?relay
   \   00001A   8A..         MOV     ?V0 + 0,R2
   \   00001C   8B..         MOV     ?V0 + 1,R3
   \   00001E   EE           MOV     A,R6
   \   00001F   65..         XRL     A,?V0 + 0
   \   000021   7003         JNZ     ??uart_link_tx_3
   \   000023   EF           MOV     A,R7
   \   000024   65..         XRL     A,?V0 + 1
   \                     ??uart_link_tx_3:
   \   000026   7004         JNZ     ??uart_link_tx_4
   \   000028   7900         MOV     R1,#0x0
   \   00002A   8002         SJMP    ??uart_link_tx_2
   \                     ??uart_link_tx_4:
   \   00002C   79FC         MOV     R1,#-0x4
   \                     ??uart_link_tx_2:
   \   00002E   7F02         MOV     R7,#0x2
   \   000030   02....       LJMP    ?BANKED_LEAVE_XDATA
    117          }
    118          

   \                                 In  segment BANKED_CODE, align 1, keep-with-next
    119          uint32 uart_link_frame_err(void) { return s_parser.frame_err; }
   \                     uart_link_frame_err:
   \   000000   C082         PUSH    DPL
   \   000002   C083         PUSH    DPH
   \   000004                ; Saved register size: 2
   \   000004                ; Auto size: 0
   \   000004   90....       MOV     DPTR,#s_parser + 74
   \   000007                REQUIRE ?Subroutine0
   \   000007                ; // Fall through to label ?Subroutine0

   \                                 In  segment BANKED_CODE, align 1, keep-with-next
   \                     ?Subroutine0:
   \   000000   12....       LCALL   ?XLOAD_R2345
   \   000003   D083         POP     DPH
   \   000005   D082         POP     DPL
   \   000007   02....       LJMP    ?BRET

   \                                 In  segment BANKED_CODE, align 1, keep-with-next
    120          uint32 uart_link_crc_err(void)   { return s_parser.crc_err; }
   \                     uart_link_crc_err:
   \   000000   C082         PUSH    DPL
   \   000002   C083         PUSH    DPH
   \   000004                ; Saved register size: 2
   \   000004                ; Auto size: 0
   \   000004   90....       MOV     DPTR,#s_parser + 78
   \   000007   80..         SJMP    ?Subroutine0

   \                                 In  segment BANKED_CODE, align 1, keep-with-next
    121          uint32 uart_link_ok_cnt(void)    { return s_parser.ok_cnt; }
   \                     uart_link_ok_cnt:
   \   000000   C082         PUSH    DPL
   \   000002   C083         PUSH    DPH
   \   000004                ; Saved register size: 2
   \   000004                ; Auto size: 0
   \   000004   90....       MOV     DPTR,#s_parser + 82
   \   000007   80..         SJMP    ?Subroutine0

   \                                 In  segment XDATA_ID, align 1, keep-with-next
   \                     `?<Initializer for s_owner_task>`:
   \   000000   FF           DB 255

   \                                 In  segment XDATA_ROM_C, align 1
   \                     __Constant_1:
   \   000000   01000000     DD 1

   \                                 In  segment BANK_RELAYS, align 1
   \                     ??uart_rx_cb?relay:
   \   000000   12....       LCALL   ?BDISPATCH
   \   000003   ......       DC24    uart_rx_cb

   \                                 In  segment BANK_RELAYS, align 1
   \                     ??uart_link_init?relay:
   \   000000   12....       LCALL   ?BDISPATCH
   \   000003   ......       DC24    uart_link_init

   \                                 In  segment BANK_RELAYS, align 1
   \                     ??uart_link_drain?relay:
   \   000000   12....       LCALL   ?BDISPATCH
   \   000003   ......       DC24    uart_link_drain

   \                                 In  segment BANK_RELAYS, align 1
   \                     ??uart_link_tx?relay:
   \   000000   12....       LCALL   ?BDISPATCH
   \   000003   ......       DC24    uart_link_tx

   \                                 In  segment BANK_RELAYS, align 1
   \                     ??uart_link_frame_err?relay:
   \   000000   12....       LCALL   ?BDISPATCH
   \   000003   ......       DC24    uart_link_frame_err

   \                                 In  segment BANK_RELAYS, align 1
   \                     ??uart_link_crc_err?relay:
   \   000000   12....       LCALL   ?BDISPATCH
   \   000003   ......       DC24    uart_link_crc_err

   \                                 In  segment BANK_RELAYS, align 1
   \                     ??uart_link_ok_cnt?relay:
   \   000000   12....       LCALL   ?BDISPATCH
   \   000003   ......       DC24    uart_link_ok_cnt

   Maximum stack usage in bytes:

     Function                 ISTACK PSTACK XSTACK
     --------                 ------ ------ ------
     uart_link_crc_err            2      0      0
     uart_link_drain              0      0     82
       -> GwCoord_OnFrame         0      0    156
       -> osal_GetSystemClock     0      0    156
       -> frame_parser_feed       0      0    164
       -> GwCoord_SendErr         0      0    156
       -> GwCoord_SendErr         0      0    156
     uart_link_frame_err          2      0      0
     uart_link_init               0      0     38
       -> frame_parser_init       0      0     76
       -> osal_memset             0      0     76
       -> HalUARTOpen             0      0     76
     uart_link_ok_cnt             2      0      0
     uart_link_tx                 0      0     10
       -> HalUARTWrite            0      0     20
     uart_rx_cb                   1      0     17
       -> Hal_UART_RxBufLen       0      0     34
       -> HalUARTRead             0      0     34
       -> osal_set_event          0      0     34


   Segment part sizes:

     Function/Label                  Bytes
     --------------                  -----
     s_rx_ring                        128
     s_rx_head                          2
     s_rx_tail                          2
     s_parser                          86
     s_owner_task                       1
     uart_rx_cb                       169
     ?Subroutine1                       9
     uart_link_init                   162
     uart_link_drain                  172
     uart_link_tx                      51
     uart_link_frame_err                7
     ?Subroutine0                      10
     uart_link_crc_err                  9
     uart_link_ok_cnt                   9
     ?<Initializer for s_owner_task>    1
     __Constant_1                       4
     ??uart_rx_cb?relay                 6
     ??uart_link_init?relay             6
     ??uart_link_drain?relay            6
     ??uart_link_tx?relay               6
     ??uart_link_frame_err?relay        6
     ??uart_link_crc_err?relay          6
     ??uart_link_ok_cnt?relay           6

 
 598 bytes in segment BANKED_CODE
  42 bytes in segment BANK_RELAYS
   1 byte  in segment XDATA_I
   1 byte  in segment XDATA_ID
   4 bytes in segment XDATA_ROM_C
 218 bytes in segment XDATA_Z
 
 641 bytes of CODE  memory
   0 bytes of CONST memory (+ 4 bytes shared)
 219 bytes of XDATA memory

Errors: none
Warnings: 1
