###############################################################################
#                                                                             #
# IAR C/C++ Compiler V8.10.3.10338/W32 for 8051         18/Apr/2026  20:51:04 #
# Copyright 2004-2011 IAR Systems AB.                                         #
#                                                                             #
#    Core               =  plain                                              #
#    Code model         =  banked                                             #
#    Data model         =  large                                              #
#    Calling convention =  xdata reentrant                                    #
#    Constant location  =  data_rom                                           #
#    Dptr setup         =  1,16                                               #
#    Source file        =  D:\ZNJJ\ZStack-CC2530-2.5.1a\Projects\zstack\Sampl #
#                          es\ZbNode\Source\oled_ssd1306.c                    #
#    Command line       =  -f D:\ZNJJ\ZStack-CC2530-2.5.1a\Projects\zstack\Sa #
#                          mples\ZbNode\CC2530DB\..\..\..\Tools\CC2530DB\f8wE #
#                          ndev.cfg (-DCPU32MHZ -DROOT=__near_func            #
#                          -DMAC_CFG_TX_DATA_MAX=3 -DMAC_CFG_TX_MAX=6         #
#                          -DMAC_CFG_RX_MAX=3) -f D:\ZNJJ\ZStack-CC2530-2.5.1 #
#                          a\Projects\zstack\Samples\ZbNode\CC2530DB\..\..\.. #
#                          \Tools\CC2530DB\f8wConfig.cfg (-DZIGBEEPRO         #
#                          -DSECURE=0 -DZG_SECURE_DYNAMIC=0 -DREFLECTOR       #
#                          -DDEFAULT_CHANLIST=0x00000800                      #
#                          -DZDAPP_CONFIG_PAN_ID=0xFFFF                       #
#                          -DNWK_START_DELAY=100 -DEXTENDED_JOINING_RANDOM_MA #
#                          SK=0x007F -DBEACON_REQUEST_DELAY=100               #
#                          -DBEACON_REQ_DELAY_MASK=0x00FF                     #
#                          -DLINK_STATUS_JITTER_MASK=0x007F                   #
#                          -DROUTE_EXPIRY_TIME=30 -DAPSC_ACK_WAIT_DURATION_PO #
#                          LLED=3000 -DNWK_INDIRECT_MSG_TIMEOUT=7             #
#                          -DMAX_RREQ_ENTRIES=8 -DAPSC_MAX_FRAME_RETRIES=3    #
#                          -DNWK_MAX_DATA_RETRIES=2                           #
#                          -DMAX_POLL_FAILURE_RETRIES=2 -DMAX_BCAST=9         #
#                          -DAPS_MAX_GROUPS=16 -DMAX_RTG_ENTRIES=40           #
#                          -DNWK_MAX_BINDING_ENTRIES=4                        #
#                          -DMAX_BINDING_CLUSTER_IDS=4 "-DDEFAULT_KEY={0x01,  #
#                          0x03, 0x05, 0x07, 0x09, 0x0B, 0x0D, 0x0F, 0x00,    #
#                          0x02, 0x04, 0x06, 0x08, 0x0A, 0x0C, 0x0D}"         #
#                          -DMAC_MAX_FRAME_SIZE=116                           #
#                          -DZDNWKMGR_MIN_TRANSMISSIONS=20 "-DCONST=const     #
#                          __code" -DGENERIC=__generic                        #
#                          -DRFD_RCVC_ALWAYS_ON=FALSE -DPOLL_RATE=1000        #
#                          -DQUEUED_POLL_RATE=100 -DRESPONSE_POLL_RATE=100)   #
#                          -DREJOIN_POLL_RATE=440 D:\ZNJJ\ZStack-CC2530-2.5.1 #
#                          a\Projects\zstack\Samples\ZbNode\Source\oled_ssd13 #
#                          06.c -D NWK_AUTO_POLL -D NODE_ROLE=2 -D            #
#                          HAL_UART=FALSE -D HAL_LCD=FALSE -lC                #
#                          D:\ZNJJ\ZStack-CC2530-2.5.1a\Projects\zstack\Sampl #
#                          es\ZbNode\CC2530DB\Node2_EndDeviceEB\List\ -lA     #
#                          D:\ZNJJ\ZStack-CC2530-2.5.1a\Projects\zstack\Sampl #
#                          es\ZbNode\CC2530DB\Node2_EndDeviceEB\List\         #
#                          --diag_suppress Pe001,Pa010 -o                     #
#                          D:\ZNJJ\ZStack-CC2530-2.5.1a\Projects\zstack\Sampl #
#                          es\ZbNode\CC2530DB\Node2_EndDeviceEB\Obj\ -e       #
#                          --no_code_motion --debug --core=plain --dptr=16,1  #
#                          --data_model=large --code_model=banked             #
#                          --calling_convention=xdata_reentrant               #
#                          --place_constants=data_rom --nr_virtual_regs 16    #
#                          -I D:\ZNJJ\ZStack-CC2530-2.5.1a\Projects\zstack\Sa #
#                          mples\ZbNode\CC2530DB\ -I                          #
#                          D:\ZNJJ\ZStack-CC2530-2.5.1a\Projects\zstack\Sampl #
#                          es\ZbNode\CC2530DB\..\Source\ -I                   #
#                          D:\ZNJJ\ZStack-CC2530-2.5.1a\Projects\zstack\Sampl #
#                          es\ZbNode\CC2530DB\..\..\..\ZMain\TI2530DB\ -I     #
#                          D:\ZNJJ\ZStack-CC2530-2.5.1a\Projects\zstack\Sampl #
#                          es\ZbNode\CC2530DB\..\..\..\..\..\Components\hal\i #
#                          nclude\ -I D:\ZNJJ\ZStack-CC2530-2.5.1a\Projects\z #
#                          stack\Samples\ZbNode\CC2530DB\..\..\..\..\..\Compo #
#                          nents\hal\target\CC2530EB\ -I                      #
#                          D:\ZNJJ\ZStack-CC2530-2.5.1a\Projects\zstack\Sampl #
#                          es\ZbNode\CC2530DB\..\..\..\..\..\Components\mac\i #
#                          nclude\ -I D:\ZNJJ\ZStack-CC2530-2.5.1a\Projects\z #
#                          stack\Samples\ZbNode\CC2530DB\..\..\..\..\..\Compo #
#                          nents\mac\high_level\ -I                           #
#                          D:\ZNJJ\ZStack-CC2530-2.5.1a\Projects\zstack\Sampl #
#                          es\ZbNode\CC2530DB\..\..\..\..\..\Components\mac\l #
#                          ow_level\srf04\ -I D:\ZNJJ\ZStack-CC2530-2.5.1a\Pr #
#                          ojects\zstack\Samples\ZbNode\CC2530DB\..\..\..\..\ #
#                          ..\Components\mac\low_level\srf04\single_chip\ -I  #
#                          D:\ZNJJ\ZStack-CC2530-2.5.1a\Projects\zstack\Sampl #
#                          es\ZbNode\CC2530DB\..\..\..\..\..\Components\mt\   #
#                          -I D:\ZNJJ\ZStack-CC2530-2.5.1a\Projects\zstack\Sa #
#                          mples\ZbNode\CC2530DB\..\..\..\..\..\Components\os #
#                          al\include\ -I D:\ZNJJ\ZStack-CC2530-2.5.1a\Projec #
#                          ts\zstack\Samples\ZbNode\CC2530DB\..\..\..\..\..\C #
#                          omponents\services\saddr\ -I                       #
#                          D:\ZNJJ\ZStack-CC2530-2.5.1a\Projects\zstack\Sampl #
#                          es\ZbNode\CC2530DB\..\..\..\..\..\Components\servi #
#                          ces\sdata\ -I D:\ZNJJ\ZStack-CC2530-2.5.1a\Project #
#                          s\zstack\Samples\ZbNode\CC2530DB\..\..\..\..\..\Co #
#                          mponents\stack\af\ -I D:\ZNJJ\ZStack-CC2530-2.5.1a #
#                          \Projects\zstack\Samples\ZbNode\CC2530DB\..\..\..\ #
#                          ..\..\Components\stack\nwk\ -I                     #
#                          D:\ZNJJ\ZStack-CC2530-2.5.1a\Projects\zstack\Sampl #
#                          es\ZbNode\CC2530DB\..\..\..\..\..\Components\stack #
#                          \sapi\ -I D:\ZNJJ\ZStack-CC2530-2.5.1a\Projects\zs #
#                          tack\Samples\ZbNode\CC2530DB\..\..\..\..\..\Compon #
#                          ents\stack\sec\ -I D:\ZNJJ\ZStack-CC2530-2.5.1a\Pr #
#                          ojects\zstack\Samples\ZbNode\CC2530DB\..\..\..\..\ #
#                          ..\Components\stack\sys\ -I                        #
#                          D:\ZNJJ\ZStack-CC2530-2.5.1a\Projects\zstack\Sampl #
#                          es\ZbNode\CC2530DB\..\..\..\..\..\Components\stack #
#                          \zdo\ -I D:\ZNJJ\ZStack-CC2530-2.5.1a\Projects\zst #
#                          ack\Samples\ZbNode\CC2530DB\..\..\..\..\..\Compone #
#                          nts\zmac\ -I D:\ZNJJ\ZStack-CC2530-2.5.1a\Projects #
#                          \zstack\Samples\ZbNode\CC2530DB\..\..\..\..\..\Com #
#                          ponents\zmac\f8w\ -Ohz --require_prototypes        #
#    List file          =  D:\ZNJJ\ZStack-CC2530-2.5.1a\Projects\zstack\Sampl #
#                          es\ZbNode\CC2530DB\Node2_EndDeviceEB\List\oled_ssd #
#                          1306.lst                                           #
#    Object file        =  D:\ZNJJ\ZStack-CC2530-2.5.1a\Projects\zstack\Sampl #
#                          es\ZbNode\CC2530DB\Node2_EndDeviceEB\Obj\oled_ssd1 #
#                          306.r51                                            #
#                                                                             #
#                                                                             #
###############################################################################

D:\ZNJJ\ZStack-CC2530-2.5.1a\Projects\zstack\Samples\ZbNode\Source\oled_ssd1306.c
      1          /*
                  ^
Warning[Pa050]: non-native end of line sequence detected (this diagnostic is
          only issued once)
      2           * SSD1306 128x64 OLED 驱动（节点侧）。
      3           * 与 GwCoord/Source/oled_ssd1306.c 同源；初始化序列与 STM32 实测可亮的版本一致。
      4           */
      5          
      6          #include "oled_ssd1306.h"
      7          
      8          #include "soft_i2c.h"
      9          #include "OnBoard.h"
     10          #include "../../../../../../STM32/Hardware/OLED/oledfont.h"

   \                                 In  segment XDATA_ROM_C, align 1
   \   static unsigned char const __xdata_rom asc2_1608[95][16]
   \                     asc2_1608:
   \   000000   00           DB 0
   \   000001   00           DB 0
   \   000002   00           DB 0
   \   000003   00           DB 0
   \   000004   00           DB 0
   \   000005   00           DB 0
   \   000006   00           DB 0
   \   000007   00           DB 0
   \   000008   00           DB 0
   \   000009   00           DB 0
   \   00000A   00           DB 0
   \   00000B   00           DB 0
   \   00000C   00           DB 0
   \   00000D   00           DB 0
   \   00000E   00           DB 0
   \   00000F   00           DB 0
   \   000010   00           DB 0
   \   000011   00           DB 0
   \   000012   00           DB 0
   \   000013   00           DB 0
   \   000014   00           DB 0
   \   000015   00           DB 0
   \   000016   1F           DB 31
   \   000017   CC           DB 204
   \   000018   00           DB 0
   \   000019   0C           DB 12
   \   00001A   00           DB 0
   \   00001B   00           DB 0
   \   00001C   00           DB 0
   \   00001D   00           DB 0
   \   00001E   00           DB 0
   \   00001F   00           DB 0
   \   000020   00           DB 0
   \   000021   00           DB 0
   \   000022   08           DB 8
   \   000023   00           DB 0
   \   000024   30           DB 48
   \   000025   00           DB 0
   \   000026   60           DB 96
   \   000027   00           DB 0
   \   000028   08           DB 8
   \   000029   00           DB 0
   \   00002A   30           DB 48
   \   00002B   00           DB 0
   \   00002C   60           DB 96
   \   00002D   00           DB 0
   \   00002E   00           DB 0
   \   00002F   00           DB 0
   \   000030   02           DB 2
   \   000031   20           DB 32
   \   000032   03           DB 3
   \   000033   FC           DB 252
   \   000034   1E           DB 30
   \   000035   20           DB 32
   \   000036   02           DB 2
   \   000037   20           DB 32
   \   000038   03           DB 3
   \   000039   FC           DB 252
   \   00003A   1E           DB 30
   \   00003B   20           DB 32
   \   00003C   02           DB 2
   \   00003D   20           DB 32
   \   00003E   00           DB 0
   \   00003F   00           DB 0
   \   000040   00           DB 0
   \   000041   00           DB 0
   \   000042   0E           DB 14
   \   000043   18           DB 24
   \   000044   11           DB 17
   \   000045   04           DB 4
   \   000046   3F           DB 63
   \   000047   FF           DB 255
   \   000048   10           DB 16
   \   000049   84           DB 132
   \   00004A   0C           DB 12
   \   00004B   78           DB 120
   \   00004C   00           DB 0
   \   00004D   00           DB 0
   \   00004E   00           DB 0
   \   00004F   00           DB 0
   \   000050   0F           DB 15
   \   000051   00           DB 0
   \   000052   10           DB 16
   \   000053   84           DB 132
   \   000054   0F           DB 15
   \   000055   38           DB 56
   \   000056   00           DB 0
   \   000057   C0           DB 192
   \   000058   07           DB 7
   \   000059   78           DB 120
   \   00005A   18           DB 24
   \   00005B   84           DB 132
   \   00005C   00           DB 0
   \   00005D   78           DB 120
   \   00005E   00           DB 0
   \   00005F   00           DB 0
   \   000060   00           DB 0
   \   000061   78           DB 120
   \   000062   0F           DB 15
   \   000063   84           DB 132
   \   000064   10           DB 16
   \   000065   C4           DB 196
   \   000066   11           DB 17
   \   000067   24           DB 36
   \   000068   0E           DB 14
   \   000069   98           DB 152
   \   00006A   00           DB 0
   \   00006B   E4           DB 228
   \   00006C   00           DB 0
   \   00006D   84           DB 132
   \   00006E   00           DB 0
   \   00006F   08           DB 8
   \   000070   08           DB 8
   \   000071   00           DB 0
   \   000072   68           DB 104
   \   000073   00           DB 0
   \   000074   70           DB 112
   \   000075   00           DB 0
   \   000076   00           DB 0
   \   000077   00           DB 0
   \   000078   00           DB 0
   \   000079   00           DB 0
   \   00007A   00           DB 0
   \   00007B   00           DB 0
   \   00007C   00           DB 0
   \   00007D   00           DB 0
   \   00007E   00           DB 0
   \   00007F   00           DB 0
   \   000080   00           DB 0
   \   000081   00           DB 0
   \   000082   00           DB 0
   \   000083   00           DB 0
   \   000084   00           DB 0
   \   000085   00           DB 0
   \   000086   07           DB 7
   \   000087   E0           DB 224
   \   000088   18           DB 24
   \   000089   18           DB 24
   \   00008A   20           DB 32
   \   00008B   04           DB 4
   \   00008C   40           DB 64
   \   00008D   02           DB 2
   \   00008E   00           DB 0
   \   00008F   00           DB 0
   \   000090   00           DB 0
   \   000091   00           DB 0
   \   000092   40           DB 64
   \   000093   02           DB 2
   \   000094   20           DB 32
   \   000095   04           DB 4
   \   000096   18           DB 24
   \   000097   18           DB 24
   \   000098   07           DB 7
   \   000099   E0           DB 224
   \   00009A   00           DB 0
   \   00009B   00           DB 0
   \   00009C   00           DB 0
   \   00009D   00           DB 0
   \   00009E   00           DB 0
   \   00009F   00           DB 0
   \   0000A0   02           DB 2
   \   0000A1   40           DB 64
   \   0000A2   02           DB 2
   \   0000A3   40           DB 64
   \   0000A4   01           DB 1
   \   0000A5   80           DB 128
   \   0000A6   0F           DB 15
   \   0000A7   F0           DB 240
   \   0000A8   01           DB 1
   \   0000A9   80           DB 128
   \   0000AA   02           DB 2
   \   0000AB   40           DB 64
   \   0000AC   02           DB 2
   \   0000AD   40           DB 64
   \   0000AE   00           DB 0
   \   0000AF   00           DB 0
   \   0000B0   00           DB 0
   \   0000B1   80           DB 128
   \   0000B2   00           DB 0
   \   0000B3   80           DB 128
   \   0000B4   00           DB 0
   \   0000B5   80           DB 128
   \   0000B6   0F           DB 15
   \   0000B7   F8           DB 248
   \   0000B8   00           DB 0
   \   0000B9   80           DB 128
   \   0000BA   00           DB 0
   \   0000BB   80           DB 128
   \   0000BC   00           DB 0
   \   0000BD   80           DB 128
   \   0000BE   00           DB 0
   \   0000BF   00           DB 0
   \   0000C0   00           DB 0
   \   0000C1   01           DB 1
   \   0000C2   00           DB 0
   \   0000C3   0D           DB 13
   \   0000C4   00           DB 0
   \   0000C5   0E           DB 14
   \   0000C6   00           DB 0
   \   0000C7   00           DB 0
   \   0000C8   00           DB 0
   \   0000C9   00           DB 0
   \   0000CA   00           DB 0
   \   0000CB   00           DB 0
   \   0000CC   00           DB 0
   \   0000CD   00           DB 0
   \   0000CE   00           DB 0
   \   0000CF   00           DB 0
   \   0000D0   00           DB 0
   \   0000D1   00           DB 0
   \   0000D2   00           DB 0
   \   0000D3   80           DB 128
   \   0000D4   00           DB 0
   \   0000D5   80           DB 128
   \   0000D6   00           DB 0
   \   0000D7   80           DB 128
   \   0000D8   00           DB 0
   \   0000D9   80           DB 128
   \   0000DA   00           DB 0
   \   0000DB   80           DB 128
   \   0000DC   00           DB 0
   \   0000DD   80           DB 128
   \   0000DE   00           DB 0
   \   0000DF   80           DB 128
   \   0000E0   00           DB 0
   \   0000E1   00           DB 0
   \   0000E2   00           DB 0
   \   0000E3   0C           DB 12
   \   0000E4   00           DB 0
   \   0000E5   0C           DB 12
   \   0000E6   00           DB 0
   \   0000E7   00           DB 0
   \   0000E8   00           DB 0
   \   0000E9   00           DB 0
   \   0000EA   00           DB 0
   \   0000EB   00           DB 0
   \   0000EC   00           DB 0
   \   0000ED   00           DB 0
   \   0000EE   00           DB 0
   \   0000EF   00           DB 0
   \   0000F0   00           DB 0
   \   0000F1   00           DB 0
   \   0000F2   00           DB 0
   \   0000F3   06           DB 6
   \   0000F4   00           DB 0
   \   0000F5   18           DB 24
   \   0000F6   00           DB 0
   \   0000F7   60           DB 96
   \   0000F8   01           DB 1
   \   0000F9   80           DB 128
   \   0000FA   06           DB 6
   \   0000FB   00           DB 0
   \   0000FC   18           DB 24
   \   0000FD   00           DB 0
   \   0000FE   20           DB 32
   \   0000FF   00           DB 0
   \   000100   00           DB 0
   \   000101   00           DB 0
   \   000102   07           DB 7
   \   000103   F0           DB 240
   \   000104   08           DB 8
   \   000105   08           DB 8
   \   000106   10           DB 16
   \   000107   04           DB 4
   \   000108   10           DB 16
   \   000109   04           DB 4
   \   00010A   08           DB 8
   \   00010B   08           DB 8
   \   00010C   07           DB 7
   \   00010D   F0           DB 240
   \   00010E   00           DB 0
   \   00010F   00           DB 0
   \   000110   00           DB 0
   \   000111   00           DB 0
   \   000112   08           DB 8
   \   000113   04           DB 4
   \   000114   08           DB 8
   \   000115   04           DB 4
   \   000116   1F           DB 31
   \   000117   FC           DB 252
   \   000118   00           DB 0
   \   000119   04           DB 4
   \   00011A   00           DB 0
   \   00011B   04           DB 4
   \   00011C   00           DB 0
   \   00011D   00           DB 0
   \   00011E   00           DB 0
   \   00011F   00           DB 0
   \   000120   00           DB 0
   \   000121   00           DB 0
   \   000122   0E           DB 14
   \   000123   0C           DB 12
   \   000124   10           DB 16
   \   000125   14           DB 20
   \   000126   10           DB 16
   \   000127   24           DB 36
   \   000128   10           DB 16
   \   000129   44           DB 68
   \   00012A   11           DB 17
   \   00012B   84           DB 132
   \   00012C   0E           DB 14
   \   00012D   0C           DB 12
   \   00012E   00           DB 0
   \   00012F   00           DB 0
   \   000130   00           DB 0
   \   000131   00           DB 0
   \   000132   0C           DB 12
   \   000133   18           DB 24
   \   000134   10           DB 16
   \   000135   04           DB 4
   \   000136   11           DB 17
   \   000137   04           DB 4
   \   000138   11           DB 17
   \   000139   04           DB 4
   \   00013A   12           DB 18
   \   00013B   88           DB 136
   \   00013C   0C           DB 12
   \   00013D   70           DB 112
   \   00013E   00           DB 0
   \   00013F   00           DB 0
   \   000140   00           DB 0
   \   000141   00           DB 0
   \   000142   00           DB 0
   \   000143   E0           DB 224
   \   000144   03           DB 3
   \   000145   20           DB 32
   \   000146   04           DB 4
   \   000147   24           DB 36
   \   000148   08           DB 8
   \   000149   24           DB 36
   \   00014A   1F           DB 31
   \   00014B   FC           DB 252
   \   00014C   00           DB 0
   \   00014D   24           DB 36
   \   00014E   00           DB 0
   \   00014F   00           DB 0
   \   000150   00           DB 0
   \   000151   00           DB 0
   \   000152   1F           DB 31
   \   000153   98           DB 152
   \   000154   10           DB 16
   \   000155   84           DB 132
   \   000156   11           DB 17
   \   000157   04           DB 4
   \   000158   11           DB 17
   \   000159   04           DB 4
   \   00015A   10           DB 16
   \   00015B   88           DB 136
   \   00015C   10           DB 16
   \   00015D   70           DB 112
   \   00015E   00           DB 0
   \   00015F   00           DB 0
   \   000160   00           DB 0
   \   000161   00           DB 0
   \   000162   07           DB 7
   \   000163   F0           DB 240
   \   000164   08           DB 8
   \   000165   88           DB 136
   \   000166   11           DB 17
   \   000167   04           DB 4
   \   000168   11           DB 17
   \   000169   04           DB 4
   \   00016A   18           DB 24
   \   00016B   88           DB 136
   \   00016C   00           DB 0
   \   00016D   70           DB 112
   \   00016E   00           DB 0
   \   00016F   00           DB 0
   \   000170   00           DB 0
   \   000171   00           DB 0
   \   000172   1C           DB 28
   \   000173   00           DB 0
   \   000174   10           DB 16
   \   000175   00           DB 0
   \   000176   10           DB 16
   \   000177   FC           DB 252
   \   000178   13           DB 19
   \   000179   00           DB 0
   \   00017A   1C           DB 28
   \   00017B   00           DB 0
   \   00017C   10           DB 16
   \   00017D   00           DB 0
   \   00017E   00           DB 0
   \   00017F   00           DB 0
   \   000180   00           DB 0
   \   000181   00           DB 0
   \   000182   0E           DB 14
   \   000183   38           DB 56
   \   000184   11           DB 17
   \   000185   44           DB 68
   \   000186   10           DB 16
   \   000187   84           DB 132
   \   000188   10           DB 16
   \   000189   84           DB 132
   \   00018A   11           DB 17
   \   00018B   44           DB 68
   \   00018C   0E           DB 14
   \   00018D   38           DB 56
   \   00018E   00           DB 0
   \   00018F   00           DB 0
   \   000190   00           DB 0
   \   000191   00           DB 0
   \   000192   07           DB 7
   \   000193   00           DB 0
   \   000194   08           DB 8
   \   000195   8C           DB 140
   \   000196   10           DB 16
   \   000197   44           DB 68
   \   000198   10           DB 16
   \   000199   44           DB 68
   \   00019A   08           DB 8
   \   00019B   88           DB 136
   \   00019C   07           DB 7
   \   00019D   F0           DB 240
   \   00019E   00           DB 0
   \   00019F   00           DB 0
   \   0001A0   00           DB 0
   \   0001A1   00           DB 0
   \   0001A2   00           DB 0
   \   0001A3   00           DB 0
   \   0001A4   00           DB 0
   \   0001A5   00           DB 0
   \   0001A6   03           DB 3
   \   0001A7   0C           DB 12
   \   0001A8   03           DB 3
   \   0001A9   0C           DB 12
   \   0001AA   00           DB 0
   \   0001AB   00           DB 0
   \   0001AC   00           DB 0
   \   0001AD   00           DB 0
   \   0001AE   00           DB 0
   \   0001AF   00           DB 0
   \   0001B0   00           DB 0
   \   0001B1   00           DB 0
   \   0001B2   00           DB 0
   \   0001B3   00           DB 0
   \   0001B4   00           DB 0
   \   0001B5   01           DB 1
   \   0001B6   01           DB 1
   \   0001B7   06           DB 6
   \   0001B8   00           DB 0
   \   0001B9   00           DB 0
   \   0001BA   00           DB 0
   \   0001BB   00           DB 0
   \   0001BC   00           DB 0
   \   0001BD   00           DB 0
   \   0001BE   00           DB 0
   \   0001BF   00           DB 0
   \   0001C0   00           DB 0
   \   0001C1   00           DB 0
   \   0001C2   00           DB 0
   \   0001C3   80           DB 128
   \   0001C4   01           DB 1
   \   0001C5   40           DB 64
   \   0001C6   02           DB 2
   \   0001C7   20           DB 32
   \   0001C8   04           DB 4
   \   0001C9   10           DB 16
   \   0001CA   08           DB 8
   \   0001CB   08           DB 8
   \   0001CC   10           DB 16
   \   0001CD   04           DB 4
   \   0001CE   00           DB 0
   \   0001CF   00           DB 0
   \   0001D0   02           DB 2
   \   0001D1   20           DB 32
   \   0001D2   02           DB 2
   \   0001D3   20           DB 32
   \   0001D4   02           DB 2
   \   0001D5   20           DB 32
   \   0001D6   02           DB 2
   \   0001D7   20           DB 32
   \   0001D8   02           DB 2
   \   0001D9   20           DB 32
   \   0001DA   02           DB 2
   \   0001DB   20           DB 32
   \   0001DC   02           DB 2
   \   0001DD   20           DB 32
   \   0001DE   00           DB 0
   \   0001DF   00           DB 0
   \   0001E0   00           DB 0
   \   0001E1   00           DB 0
   \   0001E2   10           DB 16
   \   0001E3   04           DB 4
   \   0001E4   08           DB 8
   \   0001E5   08           DB 8
   \   0001E6   04           DB 4
   \   0001E7   10           DB 16
   \   0001E8   02           DB 2
   \   0001E9   20           DB 32
   \   0001EA   01           DB 1
   \   0001EB   40           DB 64
   \   0001EC   00           DB 0
   \   0001ED   80           DB 128
   \   0001EE   00           DB 0
   \   0001EF   00           DB 0
   \   0001F0   00           DB 0
   \   0001F1   00           DB 0
   \   0001F2   0E           DB 14
   \   0001F3   00           DB 0
   \   0001F4   12           DB 18
   \   0001F5   00           DB 0
   \   0001F6   10           DB 16
   \   0001F7   0C           DB 12
   \   0001F8   10           DB 16
   \   0001F9   6C           DB 108
   \   0001FA   10           DB 16
   \   0001FB   80           DB 128
   \   0001FC   0F           DB 15
   \   0001FD   00           DB 0
   \   0001FE   00           DB 0
   \   0001FF   00           DB 0
   \   000200   03           DB 3
   \   000201   E0           DB 224
   \   000202   0C           DB 12
   \   000203   18           DB 24
   \   000204   13           DB 19
   \   000205   E4           DB 228
   \   000206   14           DB 20
   \   000207   24           DB 36
   \   000208   17           DB 23
   \   000209   C4           DB 196
   \   00020A   08           DB 8
   \   00020B   28           DB 40
   \   00020C   07           DB 7
   \   00020D   D0           DB 208
   \   00020E   00           DB 0
   \   00020F   00           DB 0
   \   000210   00           DB 0
   \   000211   04           DB 4
   \   000212   00           DB 0
   \   000213   3C           DB 60
   \   000214   03           DB 3
   \   000215   C4           DB 196
   \   000216   1C           DB 28
   \   000217   40           DB 64
   \   000218   07           DB 7
   \   000219   40           DB 64
   \   00021A   00           DB 0
   \   00021B   E4           DB 228
   \   00021C   00           DB 0
   \   00021D   1C           DB 28
   \   00021E   00           DB 0
   \   00021F   04           DB 4
   \   000220   10           DB 16
   \   000221   04           DB 4
   \   000222   1F           DB 31
   \   000223   FC           DB 252
   \   000224   11           DB 17
   \   000225   04           DB 4
   \   000226   11           DB 17
   \   000227   04           DB 4
   \   000228   11           DB 17
   \   000229   04           DB 4
   \   00022A   0E           DB 14
   \   00022B   88           DB 136
   \   00022C   00           DB 0
   \   00022D   70           DB 112
   \   00022E   00           DB 0
   \   00022F   00           DB 0
   \   000230   03           DB 3
   \   000231   E0           DB 224
   \   000232   0C           DB 12
   \   000233   18           DB 24
   \   000234   10           DB 16
   \   000235   04           DB 4
   \   000236   10           DB 16
   \   000237   04           DB 4
   \   000238   10           DB 16
   \   000239   04           DB 4
   \   00023A   10           DB 16
   \   00023B   08           DB 8
   \   00023C   1C           DB 28
   \   00023D   10           DB 16
   \   00023E   00           DB 0
   \   00023F   00           DB 0
   \   000240   10           DB 16
   \   000241   04           DB 4
   \   000242   1F           DB 31
   \   000243   FC           DB 252
   \   000244   10           DB 16
   \   000245   04           DB 4
   \   000246   10           DB 16
   \   000247   04           DB 4
   \   000248   10           DB 16
   \   000249   04           DB 4
   \   00024A   08           DB 8
   \   00024B   08           DB 8
   \   00024C   07           DB 7
   \   00024D   F0           DB 240
   \   00024E   00           DB 0
   \   00024F   00           DB 0
   \   000250   10           DB 16
   \   000251   04           DB 4
   \   000252   1F           DB 31
   \   000253   FC           DB 252
   \   000254   11           DB 17
   \   000255   04           DB 4
   \   000256   11           DB 17
   \   000257   04           DB 4
   \   000258   17           DB 23
   \   000259   C4           DB 196
   \   00025A   10           DB 16
   \   00025B   04           DB 4
   \   00025C   08           DB 8
   \   00025D   18           DB 24
   \   00025E   00           DB 0
   \   00025F   00           DB 0
   \   000260   10           DB 16
   \   000261   04           DB 4
   \   000262   1F           DB 31
   \   000263   FC           DB 252
   \   000264   11           DB 17
   \   000265   04           DB 4
   \   000266   11           DB 17
   \   000267   00           DB 0
   \   000268   17           DB 23
   \   000269   C0           DB 192
   \   00026A   10           DB 16
   \   00026B   00           DB 0
   \   00026C   08           DB 8
   \   00026D   00           DB 0
   \   00026E   00           DB 0
   \   00026F   00           DB 0
   \   000270   03           DB 3
   \   000271   E0           DB 224
   \   000272   0C           DB 12
   \   000273   18           DB 24
   \   000274   10           DB 16
   \   000275   04           DB 4
   \   000276   10           DB 16
   \   000277   04           DB 4
   \   000278   10           DB 16
   \   000279   44           DB 68
   \   00027A   1C           DB 28
   \   00027B   78           DB 120
   \   00027C   00           DB 0
   \   00027D   40           DB 64
   \   00027E   00           DB 0
   \   00027F   00           DB 0
   \   000280   10           DB 16
   \   000281   04           DB 4
   \   000282   1F           DB 31
   \   000283   FC           DB 252
   \   000284   10           DB 16
   \   000285   84           DB 132
   \   000286   00           DB 0
   \   000287   80           DB 128
   \   000288   00           DB 0
   \   000289   80           DB 128
   \   00028A   10           DB 16
   \   00028B   84           DB 132
   \   00028C   1F           DB 31
   \   00028D   FC           DB 252
   \   00028E   10           DB 16
   \   00028F   04           DB 4
   \   000290   00           DB 0
   \   000291   00           DB 0
   \   000292   10           DB 16
   \   000293   04           DB 4
   \   000294   10           DB 16
   \   000295   04           DB 4
   \   000296   1F           DB 31
   \   000297   FC           DB 252
   \   000298   10           DB 16
   \   000299   04           DB 4
   \   00029A   10           DB 16
   \   00029B   04           DB 4
   \   00029C   00           DB 0
   \   00029D   00           DB 0
   \   00029E   00           DB 0
   \   00029F   00           DB 0
   \   0002A0   00           DB 0
   \   0002A1   03           DB 3
   \   0002A2   00           DB 0
   \   0002A3   01           DB 1
   \   0002A4   10           DB 16
   \   0002A5   01           DB 1
   \   0002A6   10           DB 16
   \   0002A7   01           DB 1
   \   0002A8   1F           DB 31
   \   0002A9   FE           DB 254
   \   0002AA   10           DB 16
   \   0002AB   00           DB 0
   \   0002AC   10           DB 16
   \   0002AD   00           DB 0
   \   0002AE   00           DB 0
   \   0002AF   00           DB 0
   \   0002B0   10           DB 16
   \   0002B1   04           DB 4
   \   0002B2   1F           DB 31
   \   0002B3   FC           DB 252
   \   0002B4   11           DB 17
   \   0002B5   04           DB 4
   \   0002B6   03           DB 3
   \   0002B7   80           DB 128
   \   0002B8   14           DB 20
   \   0002B9   64           DB 100
   \   0002BA   18           DB 24
   \   0002BB   1C           DB 28
   \   0002BC   10           DB 16
   \   0002BD   04           DB 4
   \   0002BE   00           DB 0
   \   0002BF   00           DB 0
   \   0002C0   10           DB 16
   \   0002C1   04           DB 4
   \   0002C2   1F           DB 31
   \   0002C3   FC           DB 252
   \   0002C4   10           DB 16
   \   0002C5   04           DB 4
   \   0002C6   00           DB 0
   \   0002C7   04           DB 4
   \   0002C8   00           DB 0
   \   0002C9   04           DB 4
   \   0002CA   00           DB 0
   \   0002CB   04           DB 4
   \   0002CC   00           DB 0
   \   0002CD   0C           DB 12
   \   0002CE   00           DB 0
   \   0002CF   00           DB 0
   \   0002D0   10           DB 16
   \   0002D1   04           DB 4
   \   0002D2   1F           DB 31
   \   0002D3   FC           DB 252
   \   0002D4   1F           DB 31
   \   0002D5   00           DB 0
   \   0002D6   00           DB 0
   \   0002D7   FC           DB 252
   \   0002D8   1F           DB 31
   \   0002D9   00           DB 0
   \   0002DA   1F           DB 31
   \   0002DB   FC           DB 252
   \   0002DC   10           DB 16
   \   0002DD   04           DB 4
   \   0002DE   00           DB 0
   \   0002DF   00           DB 0
   \   0002E0   10           DB 16
   \   0002E1   04           DB 4
   \   0002E2   1F           DB 31
   \   0002E3   FC           DB 252
   \   0002E4   0C           DB 12
   \   0002E5   04           DB 4
   \   0002E6   03           DB 3
   \   0002E7   00           DB 0
   \   0002E8   00           DB 0
   \   0002E9   E0           DB 224
   \   0002EA   10           DB 16
   \   0002EB   18           DB 24
   \   0002EC   1F           DB 31
   \   0002ED   FC           DB 252
   \   0002EE   10           DB 16
   \   0002EF   00           DB 0
   \   0002F0   07           DB 7
   \   0002F1   F0           DB 240
   \   0002F2   08           DB 8
   \   0002F3   08           DB 8
   \   0002F4   10           DB 16
   \   0002F5   04           DB 4
   \   0002F6   10           DB 16
   \   0002F7   04           DB 4
   \   0002F8   10           DB 16
   \   0002F9   04           DB 4
   \   0002FA   08           DB 8
   \   0002FB   08           DB 8
   \   0002FC   07           DB 7
   \   0002FD   F0           DB 240
   \   0002FE   00           DB 0
   \   0002FF   00           DB 0
   \   000300   10           DB 16
   \   000301   04           DB 4
   \   000302   1F           DB 31
   \   000303   FC           DB 252
   \   000304   10           DB 16
   \   000305   84           DB 132
   \   000306   10           DB 16
   \   000307   80           DB 128
   \   000308   10           DB 16
   \   000309   80           DB 128
   \   00030A   10           DB 16
   \   00030B   80           DB 128
   \   00030C   0F           DB 15
   \   00030D   00           DB 0
   \   00030E   00           DB 0
   \   00030F   00           DB 0
   \   000310   07           DB 7
   \   000311   F0           DB 240
   \   000312   08           DB 8
   \   000313   18           DB 24
   \   000314   10           DB 16
   \   000315   24           DB 36
   \   000316   10           DB 16
   \   000317   24           DB 36
   \   000318   10           DB 16
   \   000319   1C           DB 28
   \   00031A   08           DB 8
   \   00031B   0A           DB 10
   \   00031C   07           DB 7
   \   00031D   F2           DB 242
   \   00031E   00           DB 0
   \   00031F   00           DB 0
   \   000320   10           DB 16
   \   000321   04           DB 4
   \   000322   1F           DB 31
   \   000323   FC           DB 252
   \   000324   11           DB 17
   \   000325   04           DB 4
   \   000326   11           DB 17
   \   000327   00           DB 0
   \   000328   11           DB 17
   \   000329   C0           DB 192
   \   00032A   11           DB 17
   \   00032B   30           DB 48
   \   00032C   0E           DB 14
   \   00032D   0C           DB 12
   \   00032E   00           DB 0
   \   00032F   04           DB 4
   \   000330   00           DB 0
   \   000331   00           DB 0
   \   000332   0E           DB 14
   \   000333   1C           DB 28
   \   000334   11           DB 17
   \   000335   04           DB 4
   \   000336   10           DB 16
   \   000337   84           DB 132
   \   000338   10           DB 16
   \   000339   84           DB 132
   \   00033A   10           DB 16
   \   00033B   44           DB 68
   \   00033C   1C           DB 28
   \   00033D   38           DB 56
   \   00033E   00           DB 0
   \   00033F   00           DB 0
   \   000340   18           DB 24
   \   000341   00           DB 0
   \   000342   10           DB 16
   \   000343   00           DB 0
   \   000344   10           DB 16
   \   000345   04           DB 4
   \   000346   1F           DB 31
   \   000347   FC           DB 252
   \   000348   10           DB 16
   \   000349   04           DB 4
   \   00034A   10           DB 16
   \   00034B   00           DB 0
   \   00034C   18           DB 24
   \   00034D   00           DB 0
   \   00034E   00           DB 0
   \   00034F   00           DB 0
   \   000350   10           DB 16
   \   000351   00           DB 0
   \   000352   1F           DB 31
   \   000353   F8           DB 248
   \   000354   10           DB 16
   \   000355   04           DB 4
   \   000356   00           DB 0
   \   000357   04           DB 4
   \   000358   00           DB 0
   \   000359   04           DB 4
   \   00035A   10           DB 16
   \   00035B   04           DB 4
   \   00035C   1F           DB 31
   \   00035D   F8           DB 248
   \   00035E   10           DB 16
   \   00035F   00           DB 0
   \   000360   10           DB 16
   \   000361   00           DB 0
   \   000362   1E           DB 30
   \   000363   00           DB 0
   \   000364   11           DB 17
   \   000365   E0           DB 224
   \   000366   00           DB 0
   \   000367   1C           DB 28
   \   000368   00           DB 0
   \   000369   70           DB 112
   \   00036A   13           DB 19
   \   00036B   80           DB 128
   \   00036C   1C           DB 28
   \   00036D   00           DB 0
   \   00036E   10           DB 16
   \   00036F   00           DB 0
   \   000370   1F           DB 31
   \   000371   C0           DB 192
   \   000372   10           DB 16
   \   000373   3C           DB 60
   \   000374   00           DB 0
   \   000375   E0           DB 224
   \   000376   1F           DB 31
   \   000377   00           DB 0
   \   000378   00           DB 0
   \   000379   E0           DB 224
   \   00037A   10           DB 16
   \   00037B   3C           DB 60
   \   00037C   1F           DB 31
   \   00037D   C0           DB 192
   \   00037E   00           DB 0
   \   00037F   00           DB 0
   \   000380   10           DB 16
   \   000381   04           DB 4
   \   000382   18           DB 24
   \   000383   0C           DB 12
   \   000384   16           DB 22
   \   000385   34           DB 52
   \   000386   01           DB 1
   \   000387   C0           DB 192
   \   000388   01           DB 1
   \   000389   C0           DB 192
   \   00038A   16           DB 22
   \   00038B   34           DB 52
   \   00038C   18           DB 24
   \   00038D   0C           DB 12
   \   00038E   10           DB 16
   \   00038F   04           DB 4
   \   000390   10           DB 16
   \   000391   00           DB 0
   \   000392   1C           DB 28
   \   000393   00           DB 0
   \   000394   13           DB 19
   \   000395   04           DB 4
   \   000396   00           DB 0
   \   000397   FC           DB 252
   \   000398   13           DB 19
   \   000399   04           DB 4
   \   00039A   1C           DB 28
   \   00039B   00           DB 0
   \   00039C   10           DB 16
   \   00039D   00           DB 0
   \   00039E   00           DB 0
   \   00039F   00           DB 0
   \   0003A0   08           DB 8
   \   0003A1   04           DB 4
   \   0003A2   10           DB 16
   \   0003A3   1C           DB 28
   \   0003A4   10           DB 16
   \   0003A5   64           DB 100
   \   0003A6   10           DB 16
   \   0003A7   84           DB 132
   \   0003A8   13           DB 19
   \   0003A9   04           DB 4
   \   0003AA   1C           DB 28
   \   0003AB   04           DB 4
   \   0003AC   10           DB 16
   \   0003AD   18           DB 24
   \   0003AE   00           DB 0
   \   0003AF   00           DB 0
   \   0003B0   00           DB 0
   \   0003B1   00           DB 0
   \   0003B2   00           DB 0
   \   0003B3   00           DB 0
   \   0003B4   00           DB 0
   \   0003B5   00           DB 0
   \   0003B6   7F           DB 127
   \   0003B7   FE           DB 254
   \   0003B8   40           DB 64
   \   0003B9   02           DB 2
   \   0003BA   40           DB 64
   \   0003BB   02           DB 2
   \   0003BC   40           DB 64
   \   0003BD   02           DB 2
   \   0003BE   00           DB 0
   \   0003BF   00           DB 0
   \   0003C0   00           DB 0
   \   0003C1   00           DB 0
   \   0003C2   30           DB 48
   \   0003C3   00           DB 0
   \   0003C4   0C           DB 12
   \   0003C5   00           DB 0
   \   0003C6   03           DB 3
   \   0003C7   80           DB 128
   \   0003C8   00           DB 0
   \   0003C9   60           DB 96
   \   0003CA   00           DB 0
   \   0003CB   1C           DB 28
   \   0003CC   00           DB 0
   \   0003CD   03           DB 3
   \   0003CE   00           DB 0
   \   0003CF   00           DB 0
   \   0003D0   00           DB 0
   \   0003D1   00           DB 0
   \   0003D2   40           DB 64
   \   0003D3   02           DB 2
   \   0003D4   40           DB 64
   \   0003D5   02           DB 2
   \   0003D6   40           DB 64
   \   0003D7   02           DB 2
   \   0003D8   7F           DB 127
   \   0003D9   FE           DB 254
   \   0003DA   00           DB 0
   \   0003DB   00           DB 0
   \   0003DC   00           DB 0
   \   0003DD   00           DB 0
   \   0003DE   00           DB 0
   \   0003DF   00           DB 0
   \   0003E0   00           DB 0
   \   0003E1   00           DB 0
   \   0003E2   00           DB 0
   \   0003E3   00           DB 0
   \   0003E4   20           DB 32
   \   0003E5   00           DB 0
   \   0003E6   40           DB 64
   \   0003E7   00           DB 0
   \   0003E8   40           DB 64
   \   0003E9   00           DB 0
   \   0003EA   40           DB 64
   \   0003EB   00           DB 0
   \   0003EC   20           DB 32
   \   0003ED   00           DB 0
   \   0003EE   00           DB 0
   \   0003EF   00           DB 0
   \   0003F0   00           DB 0
   \   0003F1   01           DB 1
   \   0003F2   00           DB 0
   \   0003F3   01           DB 1
   \   0003F4   00           DB 0
   \   0003F5   01           DB 1
   \   0003F6   00           DB 0
   \   0003F7   01           DB 1
   \   0003F8   00           DB 0
   \   0003F9   01           DB 1
   \   0003FA   00           DB 0
   \   0003FB   01           DB 1
   \   0003FC   00           DB 0
   \   0003FD   01           DB 1
   \   0003FE   00           DB 0
   \   0003FF   01           DB 1
   \   000400   00           DB 0
   \   000401   00           DB 0
   \   000402   40           DB 64
   \   000403   00           DB 0
   \   000404   40           DB 64
   \   000405   00           DB 0
   \   000406   20           DB 32
   \   000407   00           DB 0
   \   000408   00           DB 0
   \   000409   00           DB 0
   \   00040A   00           DB 0
   \   00040B   00           DB 0
   \   00040C   00           DB 0
   \   00040D   00           DB 0
   \   00040E   00           DB 0
   \   00040F   00           DB 0
   \   000410   00           DB 0
   \   000411   00           DB 0
   \   000412   00           DB 0
   \   000413   98           DB 152
   \   000414   01           DB 1
   \   000415   24           DB 36
   \   000416   01           DB 1
   \   000417   44           DB 68
   \   000418   01           DB 1
   \   000419   44           DB 68
   \   00041A   01           DB 1
   \   00041B   44           DB 68
   \   00041C   00           DB 0
   \   00041D   FC           DB 252
   \   00041E   00           DB 0
   \   00041F   04           DB 4
   \   000420   10           DB 16
   \   000421   00           DB 0
   \   000422   1F           DB 31
   \   000423   FC           DB 252
   \   000424   00           DB 0
   \   000425   88           DB 136
   \   000426   01           DB 1
   \   000427   04           DB 4
   \   000428   01           DB 1
   \   000429   04           DB 4
   \   00042A   00           DB 0
   \   00042B   88           DB 136
   \   00042C   00           DB 0
   \   00042D   70           DB 112
   \   00042E   00           DB 0
   \   00042F   00           DB 0
   \   000430   00           DB 0
   \   000431   00           DB 0
   \   000432   00           DB 0
   \   000433   70           DB 112
   \   000434   00           DB 0
   \   000435   88           DB 136
   \   000436   01           DB 1
   \   000437   04           DB 4
   \   000438   01           DB 1
   \   000439   04           DB 4
   \   00043A   01           DB 1
   \   00043B   04           DB 4
   \   00043C   00           DB 0
   \   00043D   88           DB 136
   \   00043E   00           DB 0
   \   00043F   00           DB 0
   \   000440   00           DB 0
   \   000441   00           DB 0
   \   000442   00           DB 0
   \   000443   70           DB 112
   \   000444   00           DB 0
   \   000445   88           DB 136
   \   000446   01           DB 1
   \   000447   04           DB 4
   \   000448   01           DB 1
   \   000449   04           DB 4
   \   00044A   11           DB 17
   \   00044B   08           DB 8
   \   00044C   1F           DB 31
   \   00044D   FC           DB 252
   \   00044E   00           DB 0
   \   00044F   04           DB 4
   \   000450   00           DB 0
   \   000451   00           DB 0
   \   000452   00           DB 0
   \   000453   F8           DB 248
   \   000454   01           DB 1
   \   000455   44           DB 68
   \   000456   01           DB 1
   \   000457   44           DB 68
   \   000458   01           DB 1
   \   000459   44           DB 68
   \   00045A   01           DB 1
   \   00045B   44           DB 68
   \   00045C   00           DB 0
   \   00045D   C8           DB 200
   \   00045E   00           DB 0
   \   00045F   00           DB 0
   \   000460   00           DB 0
   \   000461   00           DB 0
   \   000462   01           DB 1
   \   000463   04           DB 4
   \   000464   01           DB 1
   \   000465   04           DB 4
   \   000466   0F           DB 15
   \   000467   FC           DB 252
   \   000468   11           DB 17
   \   000469   04           DB 4
   \   00046A   11           DB 17
   \   00046B   04           DB 4
   \   00046C   11           DB 17
   \   00046D   00           DB 0
   \   00046E   18           DB 24
   \   00046F   00           DB 0
   \   000470   00           DB 0
   \   000471   00           DB 0
   \   000472   00           DB 0
   \   000473   D6           DB 214
   \   000474   01           DB 1
   \   000475   29           DB 41
   \   000476   01           DB 1
   \   000477   29           DB 41
   \   000478   01           DB 1
   \   000479   29           DB 41
   \   00047A   01           DB 1
   \   00047B   C9           DB 201
   \   00047C   01           DB 1
   \   00047D   06           DB 6
   \   00047E   00           DB 0
   \   00047F   00           DB 0
   \   000480   10           DB 16
   \   000481   04           DB 4
   \   000482   1F           DB 31
   \   000483   FC           DB 252
   \   000484   00           DB 0
   \   000485   84           DB 132
   \   000486   01           DB 1
   \   000487   00           DB 0
   \   000488   01           DB 1
   \   000489   00           DB 0
   \   00048A   01           DB 1
   \   00048B   04           DB 4
   \   00048C   00           DB 0
   \   00048D   FC           DB 252
   \   00048E   00           DB 0
   \   00048F   04           DB 4
   \   000490   00           DB 0
   \   000491   00           DB 0
   \   000492   01           DB 1
   \   000493   04           DB 4
   \   000494   19           DB 25
   \   000495   04           DB 4
   \   000496   19           DB 25
   \   000497   FC           DB 252
   \   000498   00           DB 0
   \   000499   04           DB 4
   \   00049A   00           DB 0
   \   00049B   04           DB 4
   \   00049C   00           DB 0
   \   00049D   00           DB 0
   \   00049E   00           DB 0
   \   00049F   00           DB 0
   \   0004A0   00           DB 0
   \   0004A1   00           DB 0
   \   0004A2   00           DB 0
   \   0004A3   03           DB 3
   \   0004A4   00           DB 0
   \   0004A5   01           DB 1
   \   0004A6   01           DB 1
   \   0004A7   01           DB 1
   \   0004A8   19           DB 25
   \   0004A9   01           DB 1
   \   0004AA   19           DB 25
   \   0004AB   FE           DB 254
   \   0004AC   00           DB 0
   \   0004AD   00           DB 0
   \   0004AE   00           DB 0
   \   0004AF   00           DB 0
   \   0004B0   10           DB 16
   \   0004B1   04           DB 4
   \   0004B2   1F           DB 31
   \   0004B3   FC           DB 252
   \   0004B4   00           DB 0
   \   0004B5   24           DB 36
   \   0004B6   00           DB 0
   \   0004B7   40           DB 64
   \   0004B8   01           DB 1
   \   0004B9   B4           DB 180
   \   0004BA   01           DB 1
   \   0004BB   0C           DB 12
   \   0004BC   01           DB 1
   \   0004BD   04           DB 4
   \   0004BE   00           DB 0
   \   0004BF   00           DB 0
   \   0004C0   00           DB 0
   \   0004C1   00           DB 0
   \   0004C2   10           DB 16
   \   0004C3   04           DB 4
   \   0004C4   10           DB 16
   \   0004C5   04           DB 4
   \   0004C6   1F           DB 31
   \   0004C7   FC           DB 252
   \   0004C8   00           DB 0
   \   0004C9   04           DB 4
   \   0004CA   00           DB 0
   \   0004CB   04           DB 4
   \   0004CC   00           DB 0
   \   0004CD   00           DB 0
   \   0004CE   00           DB 0
   \   0004CF   00           DB 0
   \   0004D0   01           DB 1
   \   0004D1   04           DB 4
   \   0004D2   01           DB 1
   \   0004D3   FC           DB 252
   \   0004D4   01           DB 1
   \   0004D5   04           DB 4
   \   0004D6   01           DB 1
   \   0004D7   00           DB 0
   \   0004D8   01           DB 1
   \   0004D9   FC           DB 252
   \   0004DA   01           DB 1
   \   0004DB   04           DB 4
   \   0004DC   01           DB 1
   \   0004DD   00           DB 0
   \   0004DE   00           DB 0
   \   0004DF   FC           DB 252
   \   0004E0   01           DB 1
   \   0004E1   04           DB 4
   \   0004E2   01           DB 1
   \   0004E3   FC           DB 252
   \   0004E4   00           DB 0
   \   0004E5   84           DB 132
   \   0004E6   01           DB 1
   \   0004E7   00           DB 0
   \   0004E8   01           DB 1
   \   0004E9   00           DB 0
   \   0004EA   01           DB 1
   \   0004EB   04           DB 4
   \   0004EC   00           DB 0
   \   0004ED   FC           DB 252
   \   0004EE   00           DB 0
   \   0004EF   04           DB 4
   \   0004F0   00           DB 0
   \   0004F1   00           DB 0
   \   0004F2   00           DB 0
   \   0004F3   F8           DB 248
   \   0004F4   01           DB 1
   \   0004F5   04           DB 4
   \   0004F6   01           DB 1
   \   0004F7   04           DB 4
   \   0004F8   01           DB 1
   \   0004F9   04           DB 4
   \   0004FA   01           DB 1
   \   0004FB   04           DB 4
   \   0004FC   00           DB 0
   \   0004FD   F8           DB 248
   \   0004FE   00           DB 0
   \   0004FF   00           DB 0
   \   000500   01           DB 1
   \   000501   01           DB 1
   \   000502   01           DB 1
   \   000503   FF           DB 255
   \   000504   00           DB 0
   \   000505   85           DB 133
   \   000506   01           DB 1
   \   000507   04           DB 4
   \   000508   01           DB 1
   \   000509   04           DB 4
   \   00050A   00           DB 0
   \   00050B   88           DB 136
   \   00050C   00           DB 0
   \   00050D   70           DB 112
   \   00050E   00           DB 0
   \   00050F   00           DB 0
   \   000510   00           DB 0
   \   000511   00           DB 0
   \   000512   00           DB 0
   \   000513   70           DB 112
   \   000514   00           DB 0
   \   000515   88           DB 136
   \   000516   01           DB 1
   \   000517   04           DB 4
   \   000518   01           DB 1
   \   000519   04           DB 4
   \   00051A   01           DB 1
   \   00051B   05           DB 5
   \   00051C   01           DB 1
   \   00051D   FF           DB 255
   \   00051E   00           DB 0
   \   00051F   01           DB 1
   \   000520   01           DB 1
   \   000521   04           DB 4
   \   000522   01           DB 1
   \   000523   04           DB 4
   \   000524   01           DB 1
   \   000525   FC           DB 252
   \   000526   00           DB 0
   \   000527   84           DB 132
   \   000528   01           DB 1
   \   000529   04           DB 4
   \   00052A   01           DB 1
   \   00052B   00           DB 0
   \   00052C   01           DB 1
   \   00052D   80           DB 128
   \   00052E   00           DB 0
   \   00052F   00           DB 0
   \   000530   00           DB 0
   \   000531   00           DB 0
   \   000532   00           DB 0
   \   000533   CC           DB 204
   \   000534   01           DB 1
   \   000535   24           DB 36
   \   000536   01           DB 1
   \   000537   24           DB 36
   \   000538   01           DB 1
   \   000539   24           DB 36
   \   00053A   01           DB 1
   \   00053B   24           DB 36
   \   00053C   01           DB 1
   \   00053D   98           DB 152
   \   00053E   00           DB 0
   \   00053F   00           DB 0
   \   000540   00           DB 0
   \   000541   00           DB 0
   \   000542   01           DB 1
   \   000543   00           DB 0
   \   000544   01           DB 1
   \   000545   00           DB 0
   \   000546   07           DB 7
   \   000547   F8           DB 248
   \   000548   01           DB 1
   \   000549   04           DB 4
   \   00054A   01           DB 1
   \   00054B   04           DB 4
   \   00054C   00           DB 0
   \   00054D   00           DB 0
   \   00054E   00           DB 0
   \   00054F   00           DB 0
   \   000550   01           DB 1
   \   000551   00           DB 0
   \   000552   01           DB 1
   \   000553   F8           DB 248
   \   000554   00           DB 0
   \   000555   04           DB 4
   \   000556   00           DB 0
   \   000557   04           DB 4
   \   000558   00           DB 0
   \   000559   04           DB 4
   \   00055A   01           DB 1
   \   00055B   08           DB 8
   \   00055C   01           DB 1
   \   00055D   FC           DB 252
   \   00055E   00           DB 0
   \   00055F   04           DB 4
   \   000560   01           DB 1
   \   000561   00           DB 0
   \   000562   01           DB 1
   \   000563   80           DB 128
   \   000564   01           DB 1
   \   000565   70           DB 112
   \   000566   00           DB 0
   \   000567   0C           DB 12
   \   000568   00           DB 0
   \   000569   10           DB 16
   \   00056A   01           DB 1
   \   00056B   60           DB 96
   \   00056C   01           DB 1
   \   00056D   80           DB 128
   \   00056E   01           DB 1
   \   00056F   00           DB 0
   \   000570   01           DB 1
   \   000571   F0           DB 240
   \   000572   01           DB 1
   \   000573   0C           DB 12
   \   000574   00           DB 0
   \   000575   30           DB 48
   \   000576   01           DB 1
   \   000577   C0           DB 192
   \   000578   00           DB 0
   \   000579   30           DB 48
   \   00057A   01           DB 1
   \   00057B   0C           DB 12
   \   00057C   01           DB 1
   \   00057D   F0           DB 240
   \   00057E   01           DB 1
   \   00057F   00           DB 0
   \   000580   00           DB 0
   \   000581   00           DB 0
   \   000582   01           DB 1
   \   000583   04           DB 4
   \   000584   01           DB 1
   \   000585   8C           DB 140
   \   000586   00           DB 0
   \   000587   74           DB 116
   \   000588   01           DB 1
   \   000589   70           DB 112
   \   00058A   01           DB 1
   \   00058B   8C           DB 140
   \   00058C   01           DB 1
   \   00058D   04           DB 4
   \   00058E   00           DB 0
   \   00058F   00           DB 0
   \   000590   01           DB 1
   \   000591   01           DB 1
   \   000592   01           DB 1
   \   000593   81           DB 129
   \   000594   01           DB 1
   \   000595   71           DB 113
   \   000596   00           DB 0
   \   000597   0E           DB 14
   \   000598   00           DB 0
   \   000599   18           DB 24
   \   00059A   01           DB 1
   \   00059B   60           DB 96
   \   00059C   01           DB 1
   \   00059D   80           DB 128
   \   00059E   01           DB 1
   \   00059F   00           DB 0
   \   0005A0   00           DB 0
   \   0005A1   00           DB 0
   \   0005A2   01           DB 1
   \   0005A3   84           DB 132
   \   0005A4   01           DB 1
   \   0005A5   0C           DB 12
   \   0005A6   01           DB 1
   \   0005A7   34           DB 52
   \   0005A8   01           DB 1
   \   0005A9   44           DB 68
   \   0005AA   01           DB 1
   \   0005AB   84           DB 132
   \   0005AC   01           DB 1
   \   0005AD   0C           DB 12
   \   0005AE   00           DB 0
   \   0005AF   00           DB 0
   \   0005B0   00           DB 0
   \   0005B1   00           DB 0
   \   0005B2   00           DB 0
   \   0005B3   00           DB 0
   \   0005B4   00           DB 0
   \   0005B5   00           DB 0
   \   0005B6   00           DB 0
   \   0005B7   00           DB 0
   \   0005B8   01           DB 1
   \   0005B9   00           DB 0
   \   0005BA   3E           DB 62
   \   0005BB   FC           DB 252
   \   0005BC   40           DB 64
   \   0005BD   02           DB 2
   \   0005BE   40           DB 64
   \   0005BF   02           DB 2
   \   0005C0   00           DB 0
   \   0005C1   00           DB 0
   \   0005C2   00           DB 0
   \   0005C3   00           DB 0
   \   0005C4   00           DB 0
   \   0005C5   00           DB 0
   \   0005C6   00           DB 0
   \   0005C7   00           DB 0
   \   0005C8   FF           DB 255
   \   0005C9   FF           DB 255
   \   0005CA   00           DB 0
   \   0005CB   00           DB 0
   \   0005CC   00           DB 0
   \   0005CD   00           DB 0
   \   0005CE   00           DB 0
   \   0005CF   00           DB 0
   \   0005D0   00           DB 0
   \   0005D1   00           DB 0
   \   0005D2   40           DB 64
   \   0005D3   02           DB 2
   \   0005D4   40           DB 64
   \   0005D5   02           DB 2
   \   0005D6   3E           DB 62
   \   0005D7   FC           DB 252
   \   0005D8   01           DB 1
   \   0005D9   00           DB 0
   \   0005DA   00           DB 0
   \   0005DB   00           DB 0
   \   0005DC   00           DB 0
   \   0005DD   00           DB 0
   \   0005DE   00           DB 0
   \   0005DF   00           DB 0
   \   0005E0   00           DB 0
   \   0005E1   00           DB 0
   \   0005E2   60           DB 96
   \   0005E3   00           DB 0
   \   0005E4   80           DB 128
   \   0005E5   00           DB 0
   \   0005E6   80           DB 128
   \   0005E7   00           DB 0
   \   0005E8   40           DB 64
   \   0005E9   00           DB 0
   \   0005EA   40           DB 64
   \   0005EB   00           DB 0
   \   0005EC   20           DB 32
   \   0005ED   00           DB 0
   \   0005EE   20           DB 32
   \   0005EF   00           DB 0
     11          
     12          #define OLED_ADDR      0x78u
     13          #define OLED_CMD_MODE  0x00u
     14          #define OLED_DAT_MODE  0x40u
     15          

   \                                 In  segment BANKED_CODE, align 1, keep-with-next
     16          static void oled_wait_ms(uint16 ms)
   \                     oled_wait_ms:
     17          {
   \   000000   74F7         MOV     A,#-0x9
   \   000002   12....       LCALL   ?BANKED_ENTER_XDATA
   \   000005                ; Saved register size: 9
   \   000005                ; Auto size: 0
   \   000005   EA           MOV     A,R2
   \   000006   FE           MOV     R6,A
   \   000007   EB           MOV     A,R3
   \   000008   FF           MOV     R7,A
   \   000009   8007         SJMP    ??oled_wait_ms_0
     18              while (ms-- != 0u) {
     19                  MicroWait(4000);
   \                     ??oled_wait_ms_1:
   \   00000B                ; Setup parameters for call to function Onboard_wait
   \   00000B   7AA0         MOV     R2,#-0x60
   \   00000D   7B0F         MOV     R3,#0xf
   \   00000F   12....       LCALL   ??Onboard_wait?relay
     20              }
   \                     ??oled_wait_ms_0:
   \   000012   EE           MOV     A,R6
   \   000013   F8           MOV     R0,A
   \   000014   EF           MOV     A,R7
   \   000015   F9           MOV     R1,A
   \   000016   E8           MOV     A,R0
   \   000017   24FF         ADD     A,#-0x1
   \   000019   1E           DEC     R6
   \   00001A   E9           MOV     A,R1
   \   00001B   34FF         ADDC    A,#-0x1
   \   00001D   FF           MOV     R7,A
   \   00001E   E8           MOV     A,R0
   \   00001F   49           ORL     A,R1
   \   000020   70E9         JNZ     ??oled_wait_ms_1
     21          }
   \   000022   80..         SJMP    ?Subroutine0

   \                                 In  segment BANKED_CODE, align 1, keep-with-next
   \                     ?Subroutine0:
   \   000000   7F01         MOV     R7,#0x1
   \   000002   02....       LJMP    ?BANKED_LEAVE_XDATA
     22          

   \                                 In  segment BANKED_CODE, align 1, keep-with-next
     23          static void oled_write(uint8 mode, uint8 value)
   \                     oled_write:
     24          {
   \   000000   74F7         MOV     A,#-0x9
   \   000002   12....       LCALL   ?BANKED_ENTER_XDATA
   \   000005                ; Saved register size: 9
   \   000005                ; Auto size: 0
   \   000005   E9           MOV     A,R1
   \   000006   FF           MOV     R7,A
   \   000007   EA           MOV     A,R2
   \   000008   FE           MOV     R6,A
     25              soft_i2c_start();
   \   000009                ; Setup parameters for call to function soft_i2c_start
   \   000009   12....       LCALL   ??soft_i2c_start?relay
     26              (void)soft_i2c_write_byte(OLED_ADDR);
   \   00000C                ; Setup parameters for call to function soft_i2c_write_byte
   \   00000C   7978         MOV     R1,#0x78
   \   00000E   12....       LCALL   ??soft_i2c_write_byte?relay
     27              (void)soft_i2c_write_byte(mode);
   \   000011                ; Setup parameters for call to function soft_i2c_write_byte
   \   000011   EF           MOV     A,R7
   \   000012   F9           MOV     R1,A
   \   000013   12....       LCALL   ??soft_i2c_write_byte?relay
     28              (void)soft_i2c_write_byte(value);
   \   000016                ; Setup parameters for call to function soft_i2c_write_byte
   \   000016   EE           MOV     A,R6
   \   000017   F9           MOV     R1,A
   \   000018   12....       LCALL   ??soft_i2c_write_byte?relay
     29              soft_i2c_stop();
   \   00001B                ; Setup parameters for call to function soft_i2c_stop
   \   00001B   12....       LCALL   ??soft_i2c_stop?relay
     30          }
   \   00001E   80..         SJMP    ?Subroutine0
     31          
     32          #define WR_CMD(c)  oled_write(OLED_CMD_MODE, (uint8)(c))
     33          #define WR_DAT(d)  oled_write(OLED_DAT_MODE, (uint8)(d))
     34          

   \                                 In  segment BANKED_CODE, align 1, keep-with-next
     35          static void oled_set_pos(uint8 x, uint8 page)
   \                     oled_set_pos:
     36          {
   \   000000   74F7         MOV     A,#-0x9
   \   000002   12....       LCALL   ?BANKED_ENTER_XDATA
   \   000005                ; Saved register size: 9
   \   000005                ; Auto size: 0
   \   000005   E9           MOV     A,R1
   \   000006   FE           MOV     R6,A
   \   000007   EA           MOV     A,R2
   \   000008   FF           MOV     R7,A
     37              WR_CMD(0xB0u | page);
   \   000009                ; Setup parameters for call to function oled_write
   \   000009   74B0         MOV     A,#-0x50
   \   00000B   4F           ORL     A,R7
   \   00000C   FA           MOV     R2,A
   \   00000D   7900         MOV     R1,#0x0
   \   00000F   12....       LCALL   ??oled_write?relay
     38              WR_CMD(0x10u | ((x >> 4) & 0x0Fu));
   \   000012                ; Setup parameters for call to function oled_write
   \   000012   EE           MOV     A,R6
   \   000013   C4           SWAP    A
   \   000014   540F         ANL     A,#0xf
   \   000016   4410         ORL     A,#0x10
   \   000018   FA           MOV     R2,A
   \   000019   7900         MOV     R1,#0x0
   \   00001B   12....       LCALL   ??oled_write?relay
     39              WR_CMD(0x00u | (x & 0x0Fu));
   \   00001E                ; Setup parameters for call to function oled_write
   \   00001E   740F         MOV     A,#0xf
   \   000020   5E           ANL     A,R6
   \   000021   FA           MOV     R2,A
   \   000022   7900         MOV     R1,#0x0
   \   000024   12....       LCALL   ??oled_write?relay
     40          }
   \   000027                REQUIRE ?Subroutine0
   \   000027                ; // Fall through to label ?Subroutine0
     41          
     42          static void oled_fill_page(uint8 page, uint8 value)
     43          {
     44              uint8 x;
     45          
     46              oled_set_pos(0, page);
     47              for (x = 0; x < 128u; ++x) {
     48                  WR_DAT(value);
     49              }
     50          }
     51          

   \                                 In  segment BANKED_CODE, align 1, keep-with-next
     52          void oled_ssd1306_init(void)
   \                     oled_ssd1306_init:
     53          {
   \   000000   C082         PUSH    DPL
   \   000002   C083         PUSH    DPH
   \   000004                ; Saved register size: 2
   \   000004                ; Auto size: 0
     54              soft_i2c_init();
   \   000004                ; Setup parameters for call to function soft_i2c_init
   \   000004   12....       LCALL   ??soft_i2c_init?relay
     55              oled_wait_ms(120);
   \   000007                ; Setup parameters for call to function oled_wait_ms
   \   000007   7A78         MOV     R2,#0x78
   \   000009   7B00         MOV     R3,#0x0
   \   00000B   12....       LCALL   ??oled_wait_ms?relay
     56          
     57              WR_CMD(0xAE);
   \   00000E                ; Setup parameters for call to function oled_write
   \   00000E   7AAE         MOV     R2,#-0x52
   \   000010   12....       LCALL   ?Subroutine2 & 0xFFFF
     58              WR_CMD(0x00); WR_CMD(0x10);
   \                     ??CrossCallReturnLabel_2:
   \   000013                ; Setup parameters for call to function oled_write
   \   000013   7A10         MOV     R2,#0x10
   \   000015   12....       LCALL   ?Subroutine3 & 0xFFFF
     59              WR_CMD(0x40);
     60              WR_CMD(0x81); WR_CMD(0xCF);
   \                     ??CrossCallReturnLabel_4:
   \   000018                ; Setup parameters for call to function oled_write
   \   000018   7A81         MOV     R2,#-0x7f
   \   00001A   7900         MOV     R1,#0x0
   \   00001C   12....       LCALL   ??oled_write?relay
   \   00001F                ; Setup parameters for call to function oled_write
   \   00001F   7ACF         MOV     R2,#-0x31
   \   000021   7900         MOV     R1,#0x0
   \   000023   12....       LCALL   ??oled_write?relay
     61              WR_CMD(0xA1);
   \   000026                ; Setup parameters for call to function oled_write
   \   000026   7AA1         MOV     R2,#-0x5f
   \   000028   7900         MOV     R1,#0x0
   \   00002A   12....       LCALL   ??oled_write?relay
     62              WR_CMD(0xC8);
   \   00002D                ; Setup parameters for call to function oled_write
   \   00002D   7AC8         MOV     R2,#-0x38
   \   00002F   12....       LCALL   ?Subroutine4 & 0xFFFF
     63              WR_CMD(0xA6);
     64              WR_CMD(0xA8); WR_CMD(0x3F);
   \                     ??CrossCallReturnLabel_6:
   \   000032                ; Setup parameters for call to function oled_write
   \   000032   7AA8         MOV     R2,#-0x58
   \   000034   7900         MOV     R1,#0x0
   \   000036   12....       LCALL   ??oled_write?relay
   \   000039                ; Setup parameters for call to function oled_write
   \   000039   7A3F         MOV     R2,#0x3f
   \   00003B   7900         MOV     R1,#0x0
   \   00003D   12....       LCALL   ??oled_write?relay
     65              WR_CMD(0xD3); WR_CMD(0x00);
   \   000040                ; Setup parameters for call to function oled_write
   \   000040   7AD3         MOV     R2,#-0x2d
   \   000042   12....       LCALL   ?Subroutine2 & 0xFFFF
     66              WR_CMD(0xD5); WR_CMD(0x80);
   \                     ??CrossCallReturnLabel_3:
   \   000045                ; Setup parameters for call to function oled_write
   \   000045   7AD5         MOV     R2,#-0x2b
   \   000047   7900         MOV     R1,#0x0
   \   000049   12....       LCALL   ??oled_write?relay
   \   00004C                ; Setup parameters for call to function oled_write
   \   00004C   7A80         MOV     R2,#-0x80
   \   00004E   7900         MOV     R1,#0x0
   \   000050   12....       LCALL   ??oled_write?relay
     67              WR_CMD(0xD9); WR_CMD(0xF1);
   \   000053                ; Setup parameters for call to function oled_write
   \   000053   7AD9         MOV     R2,#-0x27
   \   000055   7900         MOV     R1,#0x0
   \   000057   12....       LCALL   ??oled_write?relay
   \   00005A                ; Setup parameters for call to function oled_write
   \   00005A   7AF1         MOV     R2,#-0xf
   \   00005C   7900         MOV     R1,#0x0
   \   00005E   12....       LCALL   ??oled_write?relay
     68              WR_CMD(0xDA); WR_CMD(0x12);
   \   000061                ; Setup parameters for call to function oled_write
   \   000061   7ADA         MOV     R2,#-0x26
   \   000063   7900         MOV     R1,#0x0
   \   000065   12....       LCALL   ??oled_write?relay
   \   000068                ; Setup parameters for call to function oled_write
   \   000068   7A12         MOV     R2,#0x12
   \   00006A   7900         MOV     R1,#0x0
   \   00006C   12....       LCALL   ??oled_write?relay
     69              WR_CMD(0xDB); WR_CMD(0x40);
   \   00006F                ; Setup parameters for call to function oled_write
   \   00006F   7ADB         MOV     R2,#-0x25
   \   000071   12....       LCALL   ?Subroutine3 & 0xFFFF
     70              WR_CMD(0x20); WR_CMD(0x02);
   \                     ??CrossCallReturnLabel_5:
   \   000074                ; Setup parameters for call to function oled_write
   \   000074   7A20         MOV     R2,#0x20
   \   000076   7900         MOV     R1,#0x0
   \   000078   12....       LCALL   ??oled_write?relay
   \   00007B                ; Setup parameters for call to function oled_write
   \   00007B   7A02         MOV     R2,#0x2
   \   00007D   7900         MOV     R1,#0x0
   \   00007F   12....       LCALL   ??oled_write?relay
     71              WR_CMD(0x8D); WR_CMD(0x14);
   \   000082                ; Setup parameters for call to function oled_write
   \   000082   7A8D         MOV     R2,#-0x73
   \   000084   7900         MOV     R1,#0x0
   \   000086   12....       LCALL   ??oled_write?relay
   \   000089                ; Setup parameters for call to function oled_write
   \   000089   7A14         MOV     R2,#0x14
   \   00008B   7900         MOV     R1,#0x0
   \   00008D   12....       LCALL   ??oled_write?relay
     72              WR_CMD(0xA4);
   \   000090                ; Setup parameters for call to function oled_write
   \   000090   7AA4         MOV     R2,#-0x5c
   \   000092   12....       LCALL   ?Subroutine4 & 0xFFFF
     73              WR_CMD(0xA6);
     74              WR_CMD(0xAF);
   \                     ??CrossCallReturnLabel_7:
   \   000095                ; Setup parameters for call to function oled_write
   \   000095   7AAF         MOV     R2,#-0x51
   \   000097   7900         MOV     R1,#0x0
   \   000099   12....       LCALL   ??oled_write?relay
     75          
     76              oled_wait_ms(20);
   \   00009C                ; Setup parameters for call to function oled_wait_ms
   \   00009C   7A14         MOV     R2,#0x14
   \   00009E   7B00         MOV     R3,#0x0
   \   0000A0   12....       LCALL   ??oled_wait_ms?relay
     77              oled_ssd1306_clear();
   \   0000A3                ; Setup parameters for call to function oled_ssd1306_clear
   \   0000A3   12....       LCALL   ??oled_ssd1306_clear?relay
     78          }
   \   0000A6   D083         POP     DPH
   \   0000A8   D082         POP     DPL
   \   0000AA   02....       LJMP    ?BRET

   \                                 In  segment BANKED_CODE, align 1, keep-with-next
   \                     ?Subroutine4:
   \   000000   7900         MOV     R1,#0x0
   \   000002   12....       LCALL   ??oled_write?relay
   \   000005                ; Setup parameters for call to function oled_write
   \   000005                ; Setup parameters for call to function oled_write
   \   000005   7AA6         MOV     R2,#-0x5a
   \   000007   7900         MOV     R1,#0x0
   \   000009   12....       LCALL   ??oled_write?relay
   \   00000C   22           RET

   \                                 In  segment BANKED_CODE, align 1, keep-with-next
   \                     ?Subroutine3:
   \   000000   7900         MOV     R1,#0x0
   \   000002   12....       LCALL   ??oled_write?relay
   \   000005                ; Setup parameters for call to function oled_write
   \   000005                ; Setup parameters for call to function oled_write
   \   000005   7A40         MOV     R2,#0x40
   \   000007   7900         MOV     R1,#0x0
   \   000009   12....       LCALL   ??oled_write?relay
   \   00000C   22           RET

   \                                 In  segment BANKED_CODE, align 1, keep-with-next
   \                     ?Subroutine2:
   \   000000   7900         MOV     R1,#0x0
   \   000002   12....       LCALL   ??oled_write?relay
   \   000005                ; Setup parameters for call to function oled_write
   \   000005                ; Setup parameters for call to function oled_write
   \   000005   7A00         MOV     R2,#0x0
   \   000007   7900         MOV     R1,#0x0
   \   000009   12....       LCALL   ??oled_write?relay
   \   00000C   22           RET
     79          

   \                                 In  segment BANKED_CODE, align 1, keep-with-next
     80          void oled_ssd1306_clear(void)
   \                     oled_ssd1306_clear:
     81          {
   \   000000   74F7         MOV     A,#-0x9
   \   000002   12....       LCALL   ?BANKED_ENTER_XDATA
   \   000005                ; Saved register size: 9
   \   000005                ; Auto size: 0
     82              uint8 page;
     83          
     84              for (page = 0; page < 8u; ++page) {
   \   000005   7E00         MOV     R6,#0x0
     85                  oled_fill_page(page, 0x00u);
   \                     ??oled_ssd1306_clear_0:
   \   000007                ; Setup parameters for call to function oled_set_pos
   \   000007   EE           MOV     A,R6
   \   000008   FA           MOV     R2,A
   \   000009   7900         MOV     R1,#0x0
   \   00000B   12....       LCALL   ??oled_set_pos?relay
   \   00000E   7F80         MOV     R7,#-0x80
   \                     ??oled_ssd1306_clear_1:
   \   000010                ; Setup parameters for call to function oled_write
   \   000010   7A00         MOV     R2,#0x0
   \   000012   7940         MOV     R1,#0x40
   \   000014   12....       LCALL   ??oled_write?relay
   \   000017   1F           DEC     R7
   \   000018   EF           MOV     A,R7
   \   000019   70F5         JNZ     ??oled_ssd1306_clear_1
     86              }
   \   00001B   0E           INC     R6
   \   00001C   EE           MOV     A,R6
   \   00001D   C3           CLR     C
   \   00001E   9408         SUBB    A,#0x8
   \   000020   40E5         JC      ??oled_ssd1306_clear_0
     87          }
   \   000022   02....       LJMP    ?Subroutine0 & 0xFFFF
     88          

   \                                 In  segment BANKED_CODE, align 1, keep-with-next
     89          void oled_ssd1306_draw_text(uint8 row, const char *text)
   \                     oled_ssd1306_draw_text:
     90          {
   \   000000   74EF         MOV     A,#-0x11
   \   000002   12....       LCALL   ?BANKED_ENTER_XDATA
   \   000005                ; Saved register size: 17
   \   000005                ; Auto size: 0
   \   000005   EA           MOV     A,R2
   \   000006   FE           MOV     R6,A
   \   000007   EB           MOV     A,R3
   \   000008   FF           MOV     R7,A
     91              uint8 i;
     92              uint8 ch;
     93              uint8 x;
     94              uint8 page;
     95              uint8 col;
     96              const uint8 *glyph;
     97          
     98              if (row > 3u) {
   \   000009   E9           MOV     A,R1
   \   00000A   C3           CLR     C
   \   00000B   9404         SUBB    A,#0x4
   \   00000D   4003         JC      $+5
   \   00000F   02....       LJMP    ??oled_ssd1306_draw_text_0 & 0xFFFF
     99                  return;
    100              }
    101          
    102              page = (uint8)(row * 2u);
   \   000012   E9           MOV     A,R1
   \   000013   C3           CLR     C
   \   000014   33           RLC     A
   \   000015   F5..         MOV     ?V0 + 3,A
    103              x = 0u;
   \   000017   75..00       MOV     ?V0 + 2,#0x0
    104              for (i = 0; i < 16u; ++i) {
   \   00001A   75..00       MOV     ?V0 + 7,#0x0
    105                  ch = (text != 0 && text[i] != '\0') ? (uint8)text[i] : (uint8)' ';
   \                     ??oled_ssd1306_draw_text_1:
   \   00001D   EE           MOV     A,R6
   \   00001E   4F           ORL     A,R7
   \   00001F   6014         JZ      ??oled_ssd1306_draw_text_2
   \   000021   85....       MOV     ?V0 + 0,?V0 + 7
   \   000024   EE           MOV     A,R6
   \   000025   25..         ADD     A,?V0 + 0
   \   000027   F582         MOV     DPL,A
   \   000029   EF           MOV     A,R7
   \   00002A   3400         ADDC    A,#0x0
   \   00002C   F583         MOV     DPH,A
   \   00002E   E0           MOVX    A,@DPTR
   \   00002F   6004         JZ      ??oled_ssd1306_draw_text_2
   \   000031   F5..         MOV     ?V0 + 0,A
   \   000033   8003         SJMP    ??oled_ssd1306_draw_text_3
   \                     ??oled_ssd1306_draw_text_2:
   \   000035   75..20       MOV     ?V0 + 0,#0x20
    106                  if (ch < 0x20u || ch > 0x7Eu) {
   \                     ??oled_ssd1306_draw_text_3:
   \   000038   74E0         MOV     A,#-0x20
   \   00003A   25..         ADD     A,?V0 + 0
   \   00003C   C3           CLR     C
   \   00003D   945F         SUBB    A,#0x5f
   \   00003F   4003         JC      ??oled_ssd1306_draw_text_4
    107                      ch = (uint8)'?';
   \   000041   75..3F       MOV     ?V0 + 0,#0x3f
    108                  }
    109                  glyph = (const uint8 *)&asc2_1608[ch - 0x20u][0];
   \                     ??oled_ssd1306_draw_text_4:
   \   000044   75..00       MOV     ?V0 + 1,#0x0
   \   000047   7404         MOV     A,#0x4
   \   000049   78..         MOV     R0,#?V0 + 0
   \   00004B   12....       LCALL   ?S_SHL
   \   00004E   74..         MOV     A,#asc2_1608 & 0xff
   \   000050   25..         ADD     A,?V0 + 0
   \   000052   F5..         MOV     ?V0 + 0,A
   \   000054   74..         MOV     A,#((asc2_1608 - 512) >> 8) & 0xff
   \   000056   35..         ADDC    A,?V0 + 1
   \   000058   F5..         MOV     ?V0 + 1,A
    110          
    111                  oled_set_pos(x, page);
   \   00005A                ; Setup parameters for call to function oled_set_pos
   \   00005A   AA..         MOV     R2,?V0 + 3
   \   00005C   A9..         MOV     R1,?V0 + 2
   \   00005E   12....       LCALL   ??oled_set_pos?relay
    112                  for (col = 0; col < 8u; ++col) {
   \   000061   75..00       MOV     ?V0 + 8,#0x0
    113                      WR_DAT(glyph[col]);
   \                     ??oled_ssd1306_draw_text_5:
   \   000064                ; Setup parameters for call to function oled_write
   \   000064   12....       LCALL   ?Subroutine5 & 0xFFFF
    114                  }
   \                     ??CrossCallReturnLabel_8:
   \   000067   12....       LCALL   ?Subroutine1 & 0xFFFF
   \                     ??CrossCallReturnLabel_0:
   \   00006A   40F8         JC      ??oled_ssd1306_draw_text_5
    115                  oled_set_pos(x, (uint8)(page + 1u));
   \   00006C                ; Setup parameters for call to function oled_set_pos
   \   00006C   7401         MOV     A,#0x1
   \   00006E   25..         ADD     A,?V0 + 3
   \   000070   FA           MOV     R2,A
   \   000071   A9..         MOV     R1,?V0 + 2
   \   000073   12....       LCALL   ??oled_set_pos?relay
    116                  for (col = 0; col < 8u; ++col) {
   \   000076   75..00       MOV     ?V0 + 8,#0x0
    117                      WR_DAT(glyph[col + 8u]);
   \                     ??oled_ssd1306_draw_text_6:
   \   000079                ; Setup parameters for call to function oled_write
   \   000079   12....       LCALL   ?Subroutine5 & 0xFFFF
    118                  }
   \                     ??CrossCallReturnLabel_9:
   \   00007C   A3           INC     DPTR
   \   00007D   A3           INC     DPTR
   \   00007E   A3           INC     DPTR
   \   00007F   A3           INC     DPTR
   \   000080   A3           INC     DPTR
   \   000081   A3           INC     DPTR
   \   000082   A3           INC     DPTR
   \   000083   A3           INC     DPTR
   \   000084   12....       LCALL   ?Subroutine1 & 0xFFFF
   \                     ??CrossCallReturnLabel_1:
   \   000087   40F0         JC      ??oled_ssd1306_draw_text_6
    119          
    120                  x = (uint8)(x + 8u);
   \   000089   7408         MOV     A,#0x8
   \   00008B   25..         ADD     A,?V0 + 2
   \   00008D   F5..         MOV     ?V0 + 2,A
    121              }
   \   00008F   05..         INC     ?V0 + 7
   \   000091   E5..         MOV     A,?V0 + 7
   \   000093   C3           CLR     C
   \   000094   9410         SUBB    A,#0x10
   \   000096   4085         JC      ??oled_ssd1306_draw_text_1
   \                     ??oled_ssd1306_draw_text_0:
   \   000098   7F09         MOV     R7,#0x9
   \   00009A   02....       LJMP    ?BANKED_LEAVE_XDATA
    122          }

   \                                 In  segment BANKED_CODE, align 1, keep-with-next
   \                     ?Subroutine5:
   \   000000   85....       MOV     ?V0 + 4,?V0 + 8
   \   000003   E5..         MOV     A,?V0 + 0
   \   000005   25..         ADD     A,?V0 + 4
   \   000007   F582         MOV     DPL,A
   \   000009   E5..         MOV     A,?V0 + 1
   \   00000B   3400         ADDC    A,#0x0
   \   00000D   F583         MOV     DPH,A
   \   00000F   22           RET

   \                                 In  segment BANKED_CODE, align 1, keep-with-next
   \                     ?Subroutine1:
   \   000000   E0           MOVX    A,@DPTR
   \   000001   FA           MOV     R2,A
   \   000002   7940         MOV     R1,#0x40
   \   000004   12....       LCALL   ??oled_write?relay
   \   000007   05..         INC     ?V0 + 8
   \   000009   E5..         MOV     A,?V0 + 8
   \   00000B   C3           CLR     C
   \   00000C   9408         SUBB    A,#0x8
   \   00000E   22           RET

   \                                 In  segment BANK_RELAYS, align 1
   \                     ??oled_wait_ms?relay:
   \   000000   12....       LCALL   ?BDISPATCH
   \   000003   ......       DC24    oled_wait_ms

   \                                 In  segment BANK_RELAYS, align 1
   \                     ??oled_write?relay:
   \   000000   12....       LCALL   ?BDISPATCH
   \   000003   ......       DC24    oled_write

   \                                 In  segment BANK_RELAYS, align 1
   \                     ??oled_set_pos?relay:
   \   000000   12....       LCALL   ?BDISPATCH
   \   000003   ......       DC24    oled_set_pos

   \                                 In  segment BANK_RELAYS, align 1
   \                     ??oled_ssd1306_init?relay:
   \   000000   12....       LCALL   ?BDISPATCH
   \   000003   ......       DC24    oled_ssd1306_init

   \                                 In  segment BANK_RELAYS, align 1
   \                     ??oled_ssd1306_clear?relay:
   \   000000   12....       LCALL   ?BDISPATCH
   \   000003   ......       DC24    oled_ssd1306_clear

   \                                 In  segment BANK_RELAYS, align 1
   \                     ??oled_ssd1306_draw_text?relay:
   \   000000   12....       LCALL   ?BDISPATCH
   \   000003   ......       DC24    oled_ssd1306_draw_text

   Maximum stack usage in bytes:

     Function                 ISTACK PSTACK XSTACK
     --------                 ------ ------ ------
     oled_set_pos                 0      0     26
       -> oled_write              0      0     18
       -> oled_write              0      0     18
       -> oled_write              0      0     18
     oled_ssd1306_clear           0      0      9
       -> oled_set_pos            0      0     18
       -> oled_write              0      0     18
     oled_ssd1306_draw_text       0      0     17
       -> oled_set_pos            0      0     34
       -> oled_write              0      0     34
       -> oled_set_pos            0      0     34
       -> oled_write              0      0     34
     oled_ssd1306_init            2      0      0
       -> soft_i2c_init           4      0      0
       -> oled_wait_ms            4      0      0
       -> oled_write              4      0      0
       -> oled_write              4      0      0
       -> oled_write              4      0      0
       -> oled_write              4      0      0
       -> oled_write              4      0      0
       -> oled_write              4      0      0
       -> oled_write              4      0      0
       -> oled_write              4      0      0
       -> oled_write              4      0      0
       -> oled_write              4      0      0
       -> oled_write              4      0      0
       -> oled_write              4      0      0
       -> oled_write              4      0      0
       -> oled_write              4      0      0
       -> oled_write              4      0      0
       -> oled_write              4      0      0
       -> oled_write              4      0      0
       -> oled_write              4      0      0
       -> oled_write              4      0      0
       -> oled_write              4      0      0
       -> oled_write              4      0      0
       -> oled_write              4      0      0
       -> oled_write              4      0      0
       -> oled_write              4      0      0
       -> oled_write              4      0      0
       -> oled_write              4      0      0
       -> oled_write              4      0      0
       -> oled_write              4      0      0
       -> oled_wait_ms            4      0      0
       -> oled_ssd1306_clear      4      0      0
     oled_wait_ms                 0      0      9
       -> Onboard_wait            0      0     18
     oled_write                   0      0     26
       -> soft_i2c_start          0      0     18
       -> soft_i2c_write_byte     0      0     18
       -> soft_i2c_write_byte     0      0     18
       -> soft_i2c_write_byte     0      0     18
       -> soft_i2c_stop           0      0     18


   Segment part sizes:

     Function/Label                 Bytes
     --------------                 -----
     asc2_1608                      1520
     oled_wait_ms                     36
     ?Subroutine0                      5
     oled_write                       32
     oled_set_pos                     39
     oled_ssd1306_init               173
     ?Subroutine4                     13
     ?Subroutine3                     13
     ?Subroutine2                     13
     oled_ssd1306_clear               37
     oled_ssd1306_draw_text          157
     ?Subroutine5                     16
     ?Subroutine1                     15
     ??oled_wait_ms?relay              6
     ??oled_write?relay                6
     ??oled_set_pos?relay              6
     ??oled_ssd1306_init?relay         6
     ??oled_ssd1306_clear?relay        6
     ??oled_ssd1306_draw_text?relay    6

 
   549 bytes in segment BANKED_CODE
    36 bytes in segment BANK_RELAYS
 1 520 bytes in segment XDATA_ROM_C
 
   585 bytes of CODE  memory
 1 520 bytes of CONST memory

Errors: none
Warnings: 1
