Component: ARM Compiler 5.06 update 3 (build 300) Tool: armlink [4d35c9]

==============================================================================

Section Cross References

    main.o(i.main) refers to gw_main.o(i.gw_main_init) for gw_main_init
    main.o(i.main) refers to gw_main.o(i.gw_main_run) for gw_main_run
    system_stm32f10x.o(i.SetSysClock) refers to system_stm32f10x.o(i.SetSysClockTo72) for SetSysClockTo72
    system_stm32f10x.o(i.SystemCoreClockUpdate) refers to system_stm32f10x.o(.data) for SystemCoreClock
    system_stm32f10x.o(i.SystemInit) refers to system_stm32f10x.o(i.EarlyMuteBuzzer) for EarlyMuteBuzzer
    system_stm32f10x.o(i.SystemInit) refers to system_stm32f10x.o(i.SetSysClock) for SetSysClock
    gw_main.o(i.gw_main_init) refers to bsp_clock.o(i.bsp_clock_init) for bsp_clock_init
    gw_main.o(i.gw_main_init) refers to drv_tim.o(i.drv_tim_init) for drv_tim_init
    gw_main.o(i.gw_main_init) refers to drv_gpio.o(i.drv_gpio_init_board) for drv_gpio_init_board
    gw_main.o(i.gw_main_init) refers to drv_usart.o(i.drv_usart_init_all) for drv_usart_init_all
    gw_main.o(i.gw_main_init) refers to bsp_log.o(i.bsp_log_init) for bsp_log_init
    gw_main.o(i.gw_main_init) refers to bsp_log.o(i.bsp_log_write) for bsp_log_write
    gw_main.o(i.gw_main_init) refers to thresholds.o(i.config_load) for config_load
    gw_main.o(i.gw_main_init) refers to thresholds.o(i.config_default) for config_default
    gw_main.o(i.gw_main_init) refers to router.o(i.router_init) for router_init
    gw_main.o(i.gw_main_init) refers to automation.o(i.automation_init) for automation_init
    gw_main.o(i.gw_main_init) refers to zb_link.o(i.zb_link_init) for zb_link_init
    gw_main.o(i.gw_main_init) refers to wifi_link.o(i.wifi_link_init) for wifi_link_init
    gw_main.o(i.gw_main_init) refers to oled_view.o(i.oled_view_init) for oled_view_init
    gw_main.o(i.gw_main_init) refers to drv_gpio.o(i.cc2530_reset_pulse) for cc2530_reset_pulse
    gw_main.o(i.gw_main_init) refers to gw_main.o(i.iwdg_init) for iwdg_init
    gw_main.o(i.gw_main_init) refers to system_stm32f10x.o(.data) for SystemCoreClock
    gw_main.o(i.gw_main_init) refers to gw_main.o(.bss) for s_th
    gw_main.o(i.gw_main_init) refers to gw_main.o(.data) for s_last_pc_rx_ms
    gw_main.o(i.gw_main_init) refers to gw_main.o(i.on_zb_frame) for on_zb_frame
    gw_main.o(i.gw_main_init) refers to gw_main.o(i.on_wifi_line) for on_wifi_line
    gw_main.o(i.gw_main_run) refers to drv_tim.o(i.ms_now) for ms_now
    gw_main.o(i.gw_main_run) refers to zb_link.o(i.zb_link_poll) for zb_link_poll
    gw_main.o(i.gw_main_run) refers to wifi_link.o(i.wifi_link_poll) for wifi_link_poll
    gw_main.o(i.gw_main_run) refers to zb_link.o(i.zb_link_tick) for zb_link_tick
    gw_main.o(i.gw_main_run) refers to wifi_link.o(i.wifi_link_tick) for wifi_link_tick
    gw_main.o(i.gw_main_run) refers to automation.o(i.automation_tick) for automation_tick
    gw_main.o(i.gw_main_run) refers to wifi_link.o(i.wifi_link_is_up) for wifi_link_is_up
    gw_main.o(i.gw_main_run) refers to gw_main.o(i.send_hello) for send_hello
    gw_main.o(i.gw_main_run) refers to zb_link.o(i.zb_link_alive) for zb_link_alive
    gw_main.o(i.gw_main_run) refers to gw_main.o(i.start_join_window) for start_join_window
    gw_main.o(i.gw_main_run) refers to bsp_log.o(i.bsp_log_write) for bsp_log_write
    gw_main.o(i.gw_main_run) refers to router.o(i.router_node_count) for router_node_count
    gw_main.o(i.gw_main_run) refers to gw_main.o(i.open_join_window) for open_join_window
    gw_main.o(i.gw_main_run) refers to gw_main.o(i.request_node_snapshot) for request_node_snapshot
    gw_main.o(i.gw_main_run) refers to router.o(i.router_node1_id) for router_node1_id
    gw_main.o(i.gw_main_run) refers to router.o(i.router_node) for router_node
    gw_main.o(i.gw_main_run) refers to router.o(i.router_node2_id) for router_node2_id
    gw_main.o(i.gw_main_run) refers to rt_memclr_w.o(.text) for __aeabi_memclr4
    gw_main.o(i.gw_main_run) refers to automation.o(i.automation_alarm_text) for automation_alarm_text
    gw_main.o(i.gw_main_run) refers to strncpy.o(.text) for strncpy
    gw_main.o(i.gw_main_run) refers to oled_view.o(i.oled_view_update) for oled_view_update
    gw_main.o(i.gw_main_run) refers to oled_view.o(i.oled_view_tick) for oled_view_tick
    gw_main.o(i.gw_main_run) refers to stm32f10x_iwdg.o(i.IWDG_ReloadCounter) for IWDG_ReloadCounter
    gw_main.o(i.gw_main_run) refers to gw_main.o(.data) for s_zb_join_window_active
    gw_main.o(i.iwdg_init) refers to stm32f10x_iwdg.o(i.IWDG_WriteAccessCmd) for IWDG_WriteAccessCmd
    gw_main.o(i.iwdg_init) refers to stm32f10x_iwdg.o(i.IWDG_SetPrescaler) for IWDG_SetPrescaler
    gw_main.o(i.iwdg_init) refers to stm32f10x_iwdg.o(i.IWDG_SetReload) for IWDG_SetReload
    gw_main.o(i.iwdg_init) refers to stm32f10x_iwdg.o(i.IWDG_ReloadCounter) for IWDG_ReloadCounter
    gw_main.o(i.iwdg_init) refers to stm32f10x_iwdg.o(i.IWDG_Enable) for IWDG_Enable
[...]
    _printf_f                                0x080001d1   Thumb Code     0  _printf_f.o(.ARM.Collect$$_printf_percent$$00000003)
    _printf_e                                0x080001d7   Thumb Code     0  _printf_e.o(.ARM.Collect$$_printf_percent$$00000004)
    _printf_g                                0x080001dd   Thumb Code     0  _printf_g.o(.ARM.Collect$$_printf_percent$$00000005)
    _printf_a                                0x080001e3   Thumb Code     0  _printf_a.o(.ARM.Collect$$_printf_percent$$00000006)
    _printf_ll                               0x080001e9   Thumb Code     0  _printf_ll.o(.ARM.Collect$$_printf_percent$$00000007)
    _printf_i                                0x080001f3   Thumb Code     0  _printf_i.o(.ARM.Collect$$_printf_percent$$00000008)
    _printf_d                                0x080001f9   Thumb Code     0  _printf_d.o(.ARM.Collect$$_printf_percent$$00000009)
    _printf_u                                0x080001ff   Thumb Code     0  _printf_u.o(.ARM.Collect$$_printf_percent$$0000000A)
    _printf_o                                0x08000205   Thumb Code     0  _printf_o.o(.ARM.Collect$$_printf_percent$$0000000B)
    _printf_x                                0x0800020b   Thumb Code     0  _printf_x.o(.ARM.Collect$$_printf_percent$$0000000C)
    _printf_lli                              0x08000211   Thumb Code     0  _printf_lli.o(.ARM.Collect$$_printf_percent$$0000000D)
    _printf_lld                              0x08000217   Thumb Code     0  _printf_lld.o(.ARM.Collect$$_printf_percent$$0000000E)
    _printf_llu                              0x0800021d   Thumb Code     0  _printf_llu.o(.ARM.Collect$$_printf_percent$$0000000F)
    _printf_llo                              0x08000223   Thumb Code     0  _printf_llo.o(.ARM.Collect$$_printf_percent$$00000010)
    _printf_llx                              0x08000229   Thumb Code     0  _printf_llx.o(.ARM.Collect$$_printf_percent$$00000011)
    _printf_l                                0x0800022f   Thumb Code     0  _printf_l.o(.ARM.Collect$$_printf_percent$$00000012)
    _printf_c                                0x08000239   Thumb Code     0  _printf_c.o(.ARM.Collect$$_printf_percent$$00000013)
    _printf_s                                0x0800023f   Thumb Code     0  _printf_s.o(.ARM.Collect$$_printf_percent$$00000014)
    _printf_lc                               0x08000245   Thumb Code     0  _printf_lc.o(.ARM.Collect$$_printf_percent$$00000015)
    _printf_ls                               0x0800024b   Thumb Code     0  _printf_ls.o(.ARM.Collect$$_printf_percent$$00000016)
    _printf_percent_end                      0x08000251   Thumb Code     0  _printf_percent_end.o(.ARM.Collect$$_printf_percent$$00000017)
    __rt_lib_init                            0x08000255   Thumb Code     0  libinit.o(.ARM.Collect$$libinit$$00000000)
    __rt_lib_init_fp_1                       0x08000257   Thumb Code     0  libinit2.o(.ARM.Collect$$libinit$$00000002)
    __rt_lib_init_heap_1                     0x08000257   Thumb Code     0  libinit2.o(.ARM.Collect$$libinit$$0000000A)
    __rt_lib_init_lc_common                  0x08000257   Thumb Code     0  libinit2.o(.ARM.Collect$$libinit$$0000000F)
    __rt_lib_init_preinit_1                  0x08000257   Thumb Code     0  libinit2.o(.ARM.Collect$$libinit$$00000004)
    __rt_lib_init_rand_1                     0x08000257   Thumb Code     0  libinit2.o(.ARM.Collect$$libinit$$0000000E)
    __rt_lib_init_user_alloc_1               0x08000257   Thumb Code     0  libinit2.o(.ARM.Collect$$libinit$$0000000C)
    __rt_lib_init_lc_collate_1               0x0800025d   Thumb Code     0  libinit2.o(.ARM.Collect$$libinit$$00000011)
    __rt_lib_init_lc_ctype_2                 0x0800025d   Thumb Code     0  libinit2.o(.ARM.Collect$$libinit$$00000012)
    __rt_lib_init_lc_ctype_1                 0x08000269   Thumb Code     0  libinit2.o(.ARM.Collect$$libinit$$00000013)
    __rt_lib_init_lc_monetary_1              0x08000269   Thumb Code     0  libinit2.o(.ARM.Collect$$libinit$$00000015)
    __rt_lib_init_lc_numeric_2               0x08000269   Thumb Code     0  libinit2.o(.ARM.Collect$$libinit$$00000016)
    __rt_lib_init_alloca_1                   0x08000273   Thumb Code     0  libinit2.o(.ARM.Collect$$libinit$$0000002E)
    __rt_lib_init_argv_1                     0x08000273   Thumb Code     0  libinit2.o(.ARM.Collect$$libinit$$0000002C)
    __rt_lib_init_atexit_1                   0x08000273   Thumb Code     0  libinit2.o(.ARM.Collect$$libinit$$0000001B)
    __rt_lib_init_clock_1                    0x08000273   Thumb Code     0  libinit2.o(.ARM.Collect$$libinit$$00000021)
    __rt_lib_init_cpp_1                      0x08000273   Thumb Code     0  libinit2.o(.ARM.Collect$$libinit$$00000032)
    __rt_lib_init_exceptions_1               0x08000273   Thumb Code     0  libinit2.o(.ARM.Collect$$libinit$$00000030)
    __rt_lib_init_fp_trap_1                  0x08000273   Thumb Code     0  libinit2.o(.ARM.Collect$$libinit$$0000001F)
    __rt_lib_init_getenv_1                   0x08000273   Thumb Code     0  libinit2.o(.ARM.Collect$$libinit$$00000023)
    __rt_lib_init_lc_numeric_1               0x08000273   Thumb Code     0  libinit2.o(.ARM.Collect$$libinit$$00000017)
    __rt_lib_init_lc_time_1                  0x08000273   Thumb Code     0  libinit2.o(.ARM.Collect$$libinit$$00000019)
    __rt_lib_init_return                     0x08000273   Thumb Code     0  libinit2.o(.ARM.Collect$$libinit$$00000033)
    __rt_lib_init_signal_1                   0x08000273   Thumb Code     0  libinit2.o(.ARM.Collect$$libinit$$0000001D)
    __rt_lib_init_stdio_1                    0x08000273   Thumb Code     0  libinit2.o(.ARM.Collect$$libinit$$00000025)
    __rt_lib_shutdown                        0x08000275   Thumb Code     0  libshutdown.o(.ARM.Collect$$libshutdown$$00000000)
    __rt_lib_shutdown_cpp_1                  0x08000277   Thumb Code     0  libshutdown2.o(.ARM.Collect$$libshutdown$$00000002)
    __rt_lib_shutdown_fp_trap_1              0x08000277   Thumb Code     0  libshutdown2.o(.ARM.Collect$$libshutdown$$00000007)
    __rt_lib_shutdown_heap_1                 0x08000277   Thumb Code     0  libshutdown2.o(.ARM.Collect$$libshutdown$$0000000F)
    __rt_lib_shutdown_return                 0x08000277   Thumb Code     0  libshutdown2.o(.ARM.Collect$$libshutdown$$00000010)
    __rt_lib_shutdown_signal_1               0x08000277   Thumb Code     0  libshutdown2.o(.ARM.Collect$$libshutdown$$0000000A)
    __rt_lib_shutdown_stdio_1                0x08000277   Thumb Code     0  libshutdown2.o(.ARM.Collect$$libshutdown$$00000004)
    __rt_lib_shutdown_user_alloc_1           0x08000277   Thumb Code     0  libshutdown2.o(.ARM.Collect$$libshutdown$$0000000C)
    __rt_entry                               0x08000279   Thumb Code     0  __rtentry.o(.ARM.Collect$$rtentry$$00000000)
    __rt_entry_presh_1                       0x08000279   Thumb Code     0  __rtentry2.o(.ARM.Collect$$rtentry$$00000002)
    __rt_entry_sh                            0x08000279   Thumb Code     0  __rtentry4.o(.ARM.Collect$$rtentry$$00000004)
    __rt_entry_li                            0x0800027f   Thumb Code     0  __rtentry2.o(.ARM.Collect$$rtentry$$0000000A)
    __rt_entry_postsh_1                      0x0800027f   Thumb Code     0  __rtentry2.o(.ARM.Collect$$rtentry$$00000009)
    __rt_entry_main                          0x08000283   Thumb Code     0  __rtentry2.o(.ARM.Collect$$rtentry$$0000000D)
    __rt_entry_postli_1                      0x08000283   Thumb Code     0  __rtentry2.o(.ARM.Collect$$rtentry$$0000000C)
    __rt_exit                                0x0800028b   Thumb Code     0  rtexit.o(.ARM.Collect$$rtexit$$00000000)
    __rt_exit_ls                             0x0800028d   Thumb Code     0  rtexit2.o(.ARM.Collect$$rtexit$$00000003)
    __rt_exit_prels_1                        0x0800028d   Thumb Code     0  rtexit2.o(.ARM.Collect$$rtexit$$00000002)
    __rt_exit_exit                           0x08000291   Thumb Code     0  rtexit2.o(.ARM.Collect$$rtexit$$00000004)
    Reset_Handler                            0x08000299   Thumb Code     8  startup_stm32f10x_hd.o(.text)
    ADC1_2_IRQHandler                        0x080002b3   Thumb Code     0  startup_stm32f10x_hd.o(.text)
    ADC3_IRQHandler                          0x080002b3   Thumb Code     0  startup_stm32f10x_hd.o(.text)
    CAN1_RX1_IRQHandler                      0x080002b3   Thumb Code     0  startup_stm32f10x_hd.o(.text)
    CAN1_SCE_IRQHandler                      0x080002b3   Thumb Code     0  startup_stm32f10x_hd.o(.text)
    DMA1_Channel1_IRQHandler                 0x080002b3   Thumb Code     0  startup_stm32f10x_hd.o(.text)
    DMA1_Channel2_IRQHandler                 0x080002b3   Thumb Code     0  startup_stm32f10x_hd.o(.text)
    DMA1_Channel3_IRQHandler                 0x080002b3   Thumb Code     0  startup_stm32f10x_hd.o(.text)
    DMA1_Channel4_IRQHandler                 0x080002b3   Thumb Code     0  startup_stm32f10x_hd.o(.text)
    DMA1_Channel5_IRQHandler                 0x080002b3   Thumb Code     0  startup_stm32f10x_hd.o(.text)
    DMA1_Channel6_IRQHandler                 0x080002b3   Thumb Code     0  startup_stm32f10x_hd.o(.text)
    DMA1_Channel7_IRQHandler                 0x080002b3   Thumb Code     0  startup_stm32f10x_hd.o(.text)
    DMA2_Channel1_IRQHandler                 0x080002b3   Thumb Code     0  startup_stm32f10x_hd.o(.text)
    DMA2_Channel2_IRQHandler                 0x080002b3   Thumb Code     0  startup_stm32f10x_hd.o(.text)
    DMA2_Channel3_IRQHandler                 0x080002b3   Thumb Code     0  startup_stm32f10x_hd.o(.text)
    DMA2_Channel4_5_IRQHandler               0x080002b3   Thumb Code     0  startup_stm32f10x_hd.o(.text)
    EXTI0_IRQHandler                         0x080002b3   Thumb Code     0  startup_stm32f10x_hd.o(.text)
    EXTI15_10_IRQHandler                     0x080002b3   Thumb Code     0  startup_stm32f10x_hd.o(.text)
    EXTI1_IRQHandler                         0x080002b3   Thumb Code     0  startup_stm32f10x_hd.o(.text)
    EXTI2_IRQHandler                         0x080002b3   Thumb Code     0  startup_stm32f10x_hd.o(.text)
    EXTI3_IRQHandler                         0x080002b3   Thumb Code     0  startup_stm32f10x_hd.o(.text)
    EXTI4_IRQHandler                         0x080002b3   Thumb Code     0  startup_stm32f10x_hd.o(.text)
    EXTI9_5_IRQHandler                       0x080002b3   Thumb Code     0  startup_stm32f10x_hd.o(.text)
    FLASH_IRQHandler                         0x080002b3   Thumb Code     0  startup_stm32f10x_hd.o(.text)
    FSMC_IRQHandler                          0x080002b3   Thumb Code     0  startup_stm32f10x_hd.o(.text)
    I2C1_ER_IRQHandler                       0x080002b3   Thumb Code     0  startup_stm32f10x_hd.o(.text)
    I2C1_EV_IRQHandler                       0x080002b3   Thumb Code     0  startup_stm32f10x_hd.o(.text)
    I2C2_ER_IRQHandler                       0x080002b3   Thumb Code     0  startup_stm32f10x_hd.o(.text)
    I2C2_EV_IRQHandler                       0x080002b3   Thumb Code     0  startup_stm32f10x_hd.o(.text)
    PVD_IRQHandler                           0x080002b3   Thumb Code     0  startup_stm32f10x_hd.o(.text)
    RCC_IRQHandler                           0x080002b3   Thumb Code     0  startup_stm32f10x_hd.o(.text)
    RTCAlarm_IRQHandler                      0x080002b3   Thumb Code     0  startup_stm32f10x_hd.o(.text)
    RTC_IRQHandler                           0x080002b3   Thumb Code     0  startup_stm32f10x_hd.o(.text)
    SDIO_IRQHandler                          0x080002b3   Thumb Code     0  startup_stm32f10x_hd.o(.text)
    SPI1_IRQHandler                          0x080002b3   Thumb Code     0  startup_stm32f10x_hd.o(.text)
    SPI2_IRQHandler                          0x080002b3   Thumb Code     0  startup_stm32f10x_hd.o(.text)
    SPI3_IRQHandler                          0x080002b3   Thumb Code     0  startup_stm32f10x_hd.o(.text)
    TAMPER_IRQHandler                        0x080002b3   Thumb Code     0  startup_stm32f10x_hd.o(.text)
    TIM1_BRK_IRQHandler                      0x080002b3   Thumb Code     0  startup_stm32f10x_hd.o(.text)
    TIM1_CC_IRQHandler                       0x080002b3   Thumb Code     0  startup_stm32f10x_hd.o(.text)
    TIM1_TRG_COM_IRQHandler                  0x080002b3   Thumb Code     0  startup_stm32f10x_hd.o(.text)
    TIM1_UP_IRQHandler                       0x080002b3   Thumb Code     0  startup_stm32f10x_hd.o(.text)
    TIM2_IRQHandler                          0x080002b3   Thumb Code     0  startup_stm32f10x_hd.o(.text)
    TIM3_IRQHandler                          0x080002b3   Thumb Code     0  startup_stm32f10x_hd.o(.text)
    TIM4_IRQHandler                          0x080002b3   Thumb Code     0  startup_stm32f10x_hd.o(.text)
    TIM5_IRQHandler                          0x080002b3   Thumb Code     0  startup_stm32f10x_hd.o(.text)
    TIM6_IRQHandler                          0x080002b3   Thumb Code     0  startup_stm32f10x_hd.o(.text)
    TIM7_IRQHandler                          0x080002b3   Thumb Code     0  startup_stm32f10x_hd.o(.text)
    TIM8_BRK_IRQHandler                      0x080002b3   Thumb Code     0  startup_stm32f10x_hd.o(.text)
    TIM8_CC_IRQHandler                       0x080002b3   Thumb Code     0  startup_stm32f10x_hd.o(.text)
    TIM8_TRG_COM_IRQHandler                  0x080002b3   Thumb Code     0  startup_stm32f10x_hd.o(.text)
    TIM8_UP_IRQHandler                       0x080002b3   Thumb Code     0  startup_stm32f10x_hd.o(.text)
    UART5_IRQHandler                         0x080002b3   Thumb Code     0  startup_stm32f10x_hd.o(.text)
    USART3_IRQHandler                        0x080002b3   Thumb Code     0  startup_stm32f10x_hd.o(.text)
    USBWakeUp_IRQHandler                     0x080002b3   Thumb Code     0  startup_stm32f10x_hd.o(.text)
    USB_HP_CAN1_TX_IRQHandler                0x080002b3   Thumb Code     0  startup_stm32f10x_hd.o(.text)
    USB_LP_CAN1_RX0_IRQHandler               0x080002b3   Thumb Code     0  startup_stm32f10x_hd.o(.text)
    WWDG_IRQHandler                          0x080002b3   Thumb Code     0  startup_stm32f10x_hd.o(.text)
    __user_initial_stackheap                 0x080002b5   Thumb Code     0  startup_stm32f10x_hd.o(.text)
    __c89vsnprintf                           0x080002d9   Thumb Code    48  c89vsnprintf.o(.text)
    __2snprintf                              0x0800030d   Thumb Code    50  __2snprintf.o(.text)
    _printf_pre_padding                      0x08000345   Thumb Code    44  _printf_pad.o(.text)
    _printf_post_padding                     0x08000371   Thumb Code    34  _printf_pad.o(.text)
    _printf_str                              0x08000393   Thumb Code    82  _printf_str.o(.text)
    _printf_int_dec                          0x080003e5   Thumb Code   104  _printf_dec.o(.text)
    __printf                                 0x0800045d   Thumb Code   388  __printf_flags_ss_wp.o(.text)
    __0sscanf                                0x080005e5   Thumb Code    52  __0sscanf.o(.text)
    _scanf_int                               0x08000621   Thumb Code   332  _scanf_int.o(.text)
    strtol                                   0x0800076d   Thumb Code   112  strtol.o(.text)
    strstr                                   0x080007dd   Thumb Code    36  strstr.o(.text)
    memcmp                                   0x08000801   Thumb Code    88  memcmp.o(.text)
    strlen                                   0x08000859   Thumb Code    62  strlen.o(.text)
    strncmp                                  0x08000897   Thumb Code   150  strncmp.o(.text)
    __aeabi_memcpy                           0x0800092d   Thumb Code     0  rt_memcpy_v6.o(.text)
    __rt_memcpy                              0x0800092d   Thumb Code   138  rt_memcpy_v6.o(.text)
    _memcpy_lastbytes                        0x08000993   Thumb Code     0  rt_memcpy_v6.o(.text)
    __aeabi_memset                           0x080009b7   Thumb Code    16  aeabi_memset.o(.text)
    __aeabi_memclr                           0x080009c7   Thumb Code     0  rt_memclr.o(.text)
    __rt_memclr                              0x080009c7   Thumb Code    68  rt_memclr.o(.text)
    _memset                                  0x080009cb   Thumb Code     0  rt_memclr.o(.text)
    __aeabi_memclr4                          0x08000a0b   Thumb Code     0  rt_memclr_w.o(.text)
    __aeabi_memclr8                          0x08000a0b   Thumb Code     0  rt_memclr_w.o(.text)
    __rt_memclr_w                            0x08000a0b   Thumb Code    78  rt_memclr_w.o(.text)
    _memset_w                                0x08000a0f   Thumb Code     0  rt_memclr_w.o(.text)
    strncpy                                  0x08000a59   Thumb Code    86  strncpy.o(.text)
    strcmp                                   0x08000ab1   Thumb Code   128  strcmpv7m.o(.text)
    __use_two_region_memory                  0x08000b31   Thumb Code     2  heapauxi.o(.text)
    __rt_heap_escrow$2region                 0x08000b33   Thumb Code     2  heapauxi.o(.text)
    __rt_heap_expand$2region                 0x08000b35   Thumb Code     2  heapauxi.o(.text)
    __rt_ctype_table                         0x08000b39   Thumb Code    16  rt_ctype_table.o(.text)
    __aeabi_errno_addr                       0x08000b49   Thumb Code     8  rt_errno_addr_intlibspace.o(.text)
    __errno$intlibspace                      0x08000b49   Thumb Code     0  rt_errno_addr_intlibspace.o(.text)
    __rt_errno_addr$intlibspace              0x08000b49   Thumb Code     0  rt_errno_addr_intlibspace.o(.text)
    _printf_truncate_signed                  0x08000b51   Thumb Code    18  _printf_truncate.o(.text)
    _printf_truncate_unsigned                0x08000b63   Thumb Code    18  _printf_truncate.o(.text)
    _printf_int_common                       0x08000b75   Thumb Code   178  _printf_intcommon.o(.text)
    _printf_charcount                        0x08000c27   Thumb Code    40  _printf_charcount.o(.text)
    _printf_char_common                      0x08000c5b   Thumb Code    32  _printf_char_common.o(.text)
    _sputc                                   0x08000c81   Thumb Code    10  _sputc.o(.text)
    _snputc                                  0x08000c8b   Thumb Code    16  _snputc.o(.text)
    _printf_cs_common                        0x08000c9b   Thumb Code    20  _printf_char.o(.text)
    _printf_char                             0x08000caf   Thumb Code    16  _printf_char.o(.text)
    _printf_string                           0x08000cbf   Thumb Code     8  _printf_char.o(.text)
    _printf_wctomb                           0x08000cc9   Thumb Code   182  _printf_wctomb.o(.text)
    _printf_longlong_dec                     0x08000d85   Thumb Code   108  _printf_longlong_dec.o(.text)
    _printf_longlong_oct                     0x08000e01   Thumb Code    68  _printf_oct_int_ll.o(.text)
    _printf_int_oct                          0x08000e45   Thumb Code    24  _printf_oct_int_ll.o(.text)
    _printf_ll_oct                           0x08000e5d   Thumb Code    12  _printf_oct_int_ll.o(.text)
    _printf_longlong_hex                     0x08000e71   Thumb Code    86  _printf_hex_int_ll_ptr.o(.text)
    _printf_int_hex                          0x08000ec7   Thumb Code    28  _printf_hex_int_ll_ptr.o(.text)
    _printf_ll_hex                           0x08000ee3   Thumb Code    12  _printf_hex_int_ll_ptr.o(.text)
    _printf_hex_ptr                          0x08000eef   Thumb Code    18  _printf_hex_int_ll_ptr.o(.text)
    _chval                                   0x08000f05   Thumb Code    28  _chval.o(.text)
    __vfscanf_char                           0x08000f2d   Thumb Code    24  scanf_char.o(.text)
    _sgetc                                   0x08000f4d   Thumb Code    30  _sgetc.o(.text)
    _sbackspace                              0x08000f6b   Thumb Code    34  _sgetc.o(.text)
    _strtoul                                 0x08000f8d   Thumb Code   158  _strtoul.o(.text)
    __strtod_int                             0x08001069   Thumb Code    90  strtod.o(.text)
    __aeabi_memcpy4                          0x080010d1   Thumb Code     0  rt_memcpy_w.o(.text)
    __aeabi_memcpy8                          0x080010d1   Thumb Code     0  rt_memcpy_w.o(.text)
    __rt_memcpy_w                            0x080010d1   Thumb Code   100  rt_memcpy_w.o(.text)
    _memcpy_lastbytes_aligned                0x08001119   Thumb Code     0  rt_memcpy_w.o(.text)
    __user_libspace                          0x08001135   Thumb Code     8  libspace.o(.text)
    __user_perproc_libspace                  0x08001135   Thumb Code     0  libspace.o(.text)
    __user_perthread_libspace                0x08001135   Thumb Code     0  libspace.o(.text)
    __rt_locale                              0x0800113d   Thumb Code     8  rt_locale_intlibspace.o(.text)
    _ll_udiv10                               0x08001145   Thumb Code   138  lludiv10.o(.text)
    isspace                                  0x080011cf   Thumb Code    18  isspace.o(.text)
    __lib_sel_fp_printf                      0x080011e1   Thumb Code     2  _printf_fp_dec.o(.text)
    _printf_fp_dec_real                      0x0800138f   Thumb Code   620  _printf_fp_dec.o(.text)
    _printf_lcs_common                       0x080015fb   Thumb Code    20  _printf_wchar.o(.text)
    _printf_wchar                            0x0800160f   Thumb Code    16  _printf_wchar.o(.text)
    _printf_wstring                          0x0800161f   Thumb Code     8  _printf_wchar.o(.text)
    __vfscanf                                0x08001629   Thumb Code   878  _scanf.o(.text)
    _wcrtomb                                 0x0800199d   Thumb Code    64  _wcrtomb.o(.text)
    __user_setup_stackheap                   0x080019dd   Thumb Code    74  sys_stackheap_outer.o(.text)
    _printf_fp_infnan                        0x08001a29   Thumb Code   112  _printf_fp_infnan.o(.text)
    _scanf_really_real                       0x08001ca5   Thumb Code   668  scanf_fp.o(.text)
    _btod_etento                             0x08001f4d   Thumb Code   216  bigflt0.o(.text)
    exit                                     0x08002029   Thumb Code    18  exit.o(.text)
    __read_errno                             0x0800203b   Thumb Code    10  _rserrno.o(.text)
    __set_errno                              0x08002045   Thumb Code    12  _rserrno.o(.text)
    _scanf_really_hex_real                   0x08002051   Thumb Code   786  scanf_hexfp.o(.text)
    _scanf_really_infnan                     0x08002371   Thumb Code   292  scanf_infnan.o(.text)
    _sys_exit                                0x080024a5   Thumb Code     8  sys_exit.o(.text)
    __aeabi_llsl                             0x080024b1   Thumb Code     0  llshl.o(.text)
    _ll_shift_l                              0x080024b1   Thumb Code    38  llshl.o(.text)
    __I$use$semihosting                      0x080024d7   Thumb Code     0  use_no_semi.o(.text)
    __use_no_semihosting_swi                 0x080024d7   Thumb Code     2  use_no_semi.o(.text)
    __semihosting_library_function           0x080024d9   Thumb Code     0  indicate_semi.o(.text)
    _btod_d2e                                0x080024d9   Thumb Code    62  btod.o(CL$$btod_d2e)
    _d2e_denorm_low                          0x08002517   Thumb Code    70  btod.o(CL$$btod_d2e_denorm_low)
    _d2e_norm_op1                            0x0800255d   Thumb Code    96  btod.o(CL$$btod_d2e_norm_op1)
    __btod_div_common                        0x080025bd   Thumb Code   696  btod.o(CL$$btod_div_common)
    _e2d                                     0x080028f5   Thumb Code    80  btod.o(CL$$btod_e2d)
    _e2e                                     0x08002949   Thumb Code   198  btod.o(CL$$btod_e2e)
    _btod_ediv                               0x08002a0f   Thumb Code    40  btod.o(CL$$btod_ediv)
    _btod_edivd                              0x08002a37   Thumb Code    40  btod.o(CL$$btod_edivd)
    _btod_emul                               0x08002a5f   Thumb Code    40  btod.o(CL$$btod_emul)
    _btod_emuld                              0x08002a87   Thumb Code    40  btod.o(CL$$btod_emuld)
    __btod_mult_common                       0x08002aaf   Thumb Code   580  btod.o(CL$$btod_mult_common)
    BusFault_Handler                         0x08002cf3   Thumb Code     4  stm32f10x_it.o(i.BusFault_Handler)
    DebugMon_Handler                         0x08002cf7   Thumb Code     2  stm32f10x_it.o(i.DebugMon_Handler)
    FLASH_ClearFlag                          0x08002d45   Thumb Code     6  stm32f10x_flash.o(i.FLASH_ClearFlag)
    FLASH_ErasePage                          0x08002d51   Thumb Code    72  stm32f10x_flash.o(i.FLASH_ErasePage)
    FLASH_GetBank1Status                     0x08002d9d   Thumb Code    48  stm32f10x_flash.o(i.FLASH_GetBank1Status)
    FLASH_Lock                               0x08002dd1   Thumb Code    14  stm32f10x_flash.o(i.FLASH_Lock)
    FLASH_ProgramHalfWord                    0x08002de5   Thumb Code    60  stm32f10x_flash.o(i.FLASH_ProgramHalfWord)
    FLASH_Unlock                             0x08002e25   Thumb Code    12  stm32f10x_flash.o(i.FLASH_Unlock)
    FLASH_WaitForLastOperation               0x08002e3d   Thumb Code    38  stm32f10x_flash.o(i.FLASH_WaitForLastOperation)
    GPIO_Init                                0x08002e63   Thumb Code   278  stm32f10x_gpio.o(i.GPIO_Init)
    GPIO_PinRemapConfig                      0x08002f79   Thumb Code   138  stm32f10x_gpio.o(i.GPIO_PinRemapConfig)
    GPIO_ResetBits                           0x08003009   Thumb Code     4  stm32f10x_gpio.o(i.GPIO_ResetBits)
    GPIO_SetBits                             0x0800300d   Thumb Code     4  stm32f10x_gpio.o(i.GPIO_SetBits)
    HardFault_Handler                        0x08003011   Thumb Code     4  stm32f10x_it.o(i.HardFault_Handler)
    IWDG_Enable                              0x08003015   Thumb Code    10  stm32f10x_iwdg.o(i.IWDG_Enable)
    IWDG_ReloadCounter                       0x08003025   Thumb Code    10  stm32f10x_iwdg.o(i.IWDG_ReloadCounter)
    IWDG_SetPrescaler                        0x08003035   Thumb Code     6  stm32f10x_iwdg.o(i.IWDG_SetPrescaler)
    IWDG_SetReload                           0x08003041   Thumb Code     6  stm32f10x_iwdg.o(i.IWDG_SetReload)
    IWDG_WriteAccessCmd                      0x0800304d   Thumb Code     6  stm32f10x_iwdg.o(i.IWDG_WriteAccessCmd)
    MemManage_Handler                        0x08003059   Thumb Code     4  stm32f10x_it.o(i.MemManage_Handler)
    NMI_Handler                              0x0800305d   Thumb Code     2  stm32f10x_it.o(i.NMI_Handler)
    NVIC_Init                                0x08003061   Thumb Code   100  misc.o(i.NVIC_Init)
    PendSV_Handler                           0x080030d1   Thumb Code     2  stm32f10x_it.o(i.PendSV_Handler)
    RCC_APB1PeriphClockCmd                   0x080030d5   Thumb Code    26  stm32f10x_rcc.o(i.RCC_APB1PeriphClockCmd)
    RCC_APB2PeriphClockCmd                   0x080030f5   Thumb Code    26  stm32f10x_rcc.o(i.RCC_APB2PeriphClockCmd)
    RCC_GetClocksFreq                        0x08003115   Thumb Code   192  stm32f10x_rcc.o(i.RCC_GetClocksFreq)
    SVC_Handler                              0x080031e9   Thumb Code     2  stm32f10x_it.o(i.SVC_Handler)
    SysTick_Handler                          0x080032d5   Thumb Code    12  drv_tim.o(i.SysTick_Handler)
    SystemInit                               0x080032e5   Thumb Code    82  system_stm32f10x.o(i.SystemInit)
    UART4_IRQHandler                         0x08003349   Thumb Code    32  drv_usart.o(i.UART4_IRQHandler)
    USART1_IRQHandler                        0x08003371   Thumb Code    32  drv_usart.o(i.USART1_IRQHandler)
    USART2_IRQHandler                        0x08003399   Thumb Code    32  drv_usart.o(i.USART2_IRQHandler)
    USART_Cmd                                0x080033c1   Thumb Code    24  stm32f10x_usart.o(i.USART_Cmd)
    USART_GetFlagStatus                      0x080033d9   Thumb Code    26  stm32f10x_usart.o(i.USART_GetFlagStatus)
    USART_GetITStatus                        0x080033f3   Thumb Code    84  stm32f10x_usart.o(i.USART_GetITStatus)
    USART_ITConfig                           0x08003447   Thumb Code    74  stm32f10x_usart.o(i.USART_ITConfig)
    USART_Init                               0x08003491   Thumb Code   210  stm32f10x_usart.o(i.USART_Init)
    USART_ReceiveData                        0x08003569   Thumb Code    10  stm32f10x_usart.o(i.USART_ReceiveData)
    USART_SendData                           0x08003573   Thumb Code     8  stm32f10x_usart.o(i.USART_SendData)
    UsageFault_Handler                       0x0800357b   Thumb Code     4  stm32f10x_it.o(i.UsageFault_Handler)
    __ARM_fpclassify                         0x0800357f   Thumb Code    40  fpclassify.o(i.__ARM_fpclassify)
    __mathlib_dbl_overflow                   0x080035a7   Thumb Code    14  dunder.o(i.__mathlib_dbl_overflow)
    __mathlib_dbl_underflow                  0x080035b5   Thumb Code    10  dunder.o(i.__mathlib_dbl_underflow)
    __mathlib_narrow                         0x080035c5   Thumb Code    16  narrow.o(i.__mathlib_narrow)
    __mathlib_tofloat                        0x080035d5   Thumb Code   132  narrow.o(i.__mathlib_tofloat)
    __support_ldexp                          0x0800365d   Thumb Code    22  ldexp.o(i.__support_ldexp)
    _is_digit                                0x08003673   Thumb Code    14  __printf_wp.o(i._is_digit)
    automation_alarm_text                    0x0800378d   Thumb Code     4  automation.o(i.automation_alarm_text)
    automation_init                          0x08003795   Thumb Code    44  automation.o(i.automation_init)
    automation_manual_override               0x080037d9   Thumb Code    56  automation.o(i.automation_manual_override)
    automation_on_offline                    0x08003819   Thumb Code    56  automation.o(i.automation_on_offline)
    automation_on_sample                     0x08003865   Thumb Code   458  automation.o(i.automation_on_sample)
    automation_reload                        0x08003a59   Thumb Code    16  automation.o(i.automation_reload)
    automation_tick                          0x08003a6d   Thumb Code   104  automation.o(i.automation_tick)
    bsp_clock_init                           0x08003b05   Thumb Code    12  bsp_clock.o(i.bsp_clock_init)
    bsp_log_init                             0x08003b11   Thumb Code     2  bsp_log.o(i.bsp_log_init)
    bsp_log_write                            0x08003b15   Thumb Code   130  bsp_log.o(i.bsp_log_write)
    cc2530_reset_pulse                       0x08003bb5   Thumb Code    26  drv_gpio.o(i.cc2530_reset_pulse)
    config_default                           0x08003bf7   Thumb Code    44  thresholds.o(i.config_default)
    config_load                              0x08003c25   Thumb Code    98  thresholds.o(i.config_load)
    config_save                              0x08003c8d   Thumb Code    96  thresholds.o(i.config_save)
    crc32_ieee                               0x08003cf1   Thumb Code    54  drv_flash.o(i.crc32_ieee)
    drv_delay_ms                             0x08003d5d   Thumb Code    20  drv_tim.o(i.drv_delay_ms)
    drv_flash_config_page_addr               0x08003d75   Thumb Code    32  drv_flash.o(i.drv_flash_config_page_addr)
    drv_flash_erase_page                     0x08003d99   Thumb Code    40  drv_flash.o(i.drv_flash_erase_page)
    drv_flash_page_size                      0x08003dc1   Thumb Code     6  drv_flash.o(i.drv_flash_page_size)
    drv_flash_read                           0x08003dc7   Thumb Code    22  drv_flash.o(i.drv_flash_read)
    drv_flash_write                          0x08003ddd   Thumb Code   112  drv_flash.o(i.drv_flash_write)
    drv_gpio_init_board                      0x08003e4d   Thumb Code   170  drv_gpio.o(i.drv_gpio_init_board)
    drv_oled_clear                           0x08003f09   Thumb Code    36  drv_oled.o(i.drv_oled_clear)
    drv_oled_draw_point                      0x08003f31   Thumb Code    72  drv_oled.o(i.drv_oled_draw_point)
    drv_oled_init                            0x08003f7d   Thumb Code   246  drv_oled.o(i.drv_oled_init)
    drv_oled_refresh                         0x08004075   Thumb Code    70  drv_oled.o(i.drv_oled_refresh)
    drv_oled_show_char                       0x080040c1   Thumb Code   116  drv_oled.o(i.drv_oled_show_char)
    drv_oled_show_string                     0x08004139   Thumb Code    42  drv_oled.o(i.drv_oled_show_string)
    drv_tim_init                             0x08004165   Thumb Code    84  drv_tim.o(i.drv_tim_init)
    drv_usart_init_all                       0x080041c5   Thumb Code   244  drv_usart.o(i.drv_usart_init_all)
    frame_encode                             0x08004949   Thumb Code   148  frame.o(i.frame_encode)
    frame_parser_feed                        0x080049e1   Thumb Code   316  frame.o(i.frame_parser_feed)
    frame_parser_init                        0x08004b21   Thumb Code    26  frame.o(i.frame_parser_init)
    frexp                                    0x08004b3d   Thumb Code    80  frexp.o(i.frexp)
    gw_main_init                             0x08004b95   Thumb Code   122  gw_main.o(i.gw_main_init)
    gw_main_run                              0x08004c51   Thumb Code   436  gw_main.o(i.gw_main_run)
    json_add_bool                            0x08004f6d   Thumb Code    82  json.o(i.json_add_bool)
    json_add_fp2                             0x08004fdd   Thumb Code   104  json.o(i.json_add_fp2)
    json_add_int                             0x08005061   Thumb Code    72  json.o(i.json_add_int)
    json_add_str                             0x080050b5   Thumb Code    76  json.o(i.json_add_str)
    json_add_uint                            0x0800510d   Thumb Code    72  json.o(i.json_add_uint)
    json_begin                               0x08005161   Thumb Code    24  json.o(i.json_begin)
    json_end                                 0x08005179   Thumb Code    50  json.o(i.json_end)
    json_get_float                           0x080051ab   Thumb Code    72  json.o(i.json_get_float)
    json_get_int                             0x080051f3   Thumb Code    64  json.o(i.json_get_int)
    json_get_string                          0x08005233   Thumb Code   102  json.o(i.json_get_string)
    json_get_uint                            0x08005299   Thumb Code    54  json.o(i.json_get_uint)
    ldexp                                    0x080052cf   Thumb Code   116  ldexp.o(i.ldexp)
    main                                     0x080053c1   Thumb Code    14  main.o(i.main)
    ms_now                                   0x080053f1   Thumb Code     6  drv_tim.o(i.ms_now)
    oled_view_init                           0x08005485   Thumb Code    26  oled_view.o(i.oled_view_init)
    oled_view_tick                           0x080054a9   Thumb Code   280  oled_view.o(i.oled_view_tick)
    oled_view_update                         0x08005621   Thumb Code    18  oled_view.o(i.oled_view_update)
    router_cmd_onoff                         0x08005ffd   Thumb Code    68  router.o(i.router_cmd_onoff)
    router_init                              0x08006041   Thumb Code    40  router.o(i.router_init)
    router_node                              0x08006081   Thumb Code    12  router.o(i.router_node)
    router_node1_id                          0x0800608d   Thumb Code     6  router.o(i.router_node1_id)
    router_node2_id                          0x08006099   Thumb Code     6  router.o(i.router_node2_id)
    router_node_count                        0x080060a5   Thumb Code     6  router.o(i.router_node_count)
    router_on_json_line                      0x080060b1   Thumb Code   196  router.o(i.router_on_json_line)
    router_on_zb_frame                       0x080061b9   Thumb Code   144  router.o(i.router_on_zb_frame)
    strtod                                   0x08006525   Thumb Code    28  strtod.o(i.strtod)
    usart_log_write                          0x08006615   Thumb Code    18  drv_usart.o(i.usart_log_write)
    wifi_en_set                              0x0800662d   Thumb Code    30  drv_gpio.o(i.wifi_en_set)
    wifi_link_init                           0x08006651   Thumb Code    68  wifi_link.o(i.wifi_link_init)
    wifi_link_is_up                          0x080066d1   Thumb Code    16  wifi_link.o(i.wifi_link_is_up)
    wifi_link_poll                           0x080066e5   Thumb Code   142  wifi_link.o(i.wifi_link_poll)
    wifi_link_send_line                      0x08006789   Thumb Code    50  wifi_link.o(i.wifi_link_send_line)
    wifi_link_tick                           0x080067c5   Thumb Code   466  wifi_link.o(i.wifi_link_tick)
    wifi_uart_read                           0x08006a4d   Thumb Code    18  drv_usart.o(i.wifi_uart_read)
    wifi_uart_rx_available                   0x08006a65   Thumb Code    10  drv_usart.o(i.wifi_uart_rx_available)
    wifi_uart_write                          0x08006a75   Thumb Code    18  drv_usart.o(i.wifi_uart_write)
    zb_link_alive                            0x08006a8d   Thumb Code     6  zb_link.o(i.zb_link_alive)
    zb_link_init                             0x08006a99   Thumb Code    40  zb_link.o(i.zb_link_init)
    zb_link_poll                             0x08006ad9   Thumb Code    76  zb_link.o(i.zb_link_poll)
    zb_link_send                             0x08006b2d   Thumb Code    56  zb_link.o(i.zb_link_send)
    zb_link_tick                             0x08006b69   Thumb Code   106  zb_link.o(i.zb_link_tick)
    zb_uart_read                             0x08006c0d   Thumb Code    18  drv_usart.o(i.zb_uart_read)
    zb_uart_rx_available                     0x08006c25   Thumb Code    10  drv_usart.o(i.zb_uart_rx_available)
    zb_uart_write                            0x08006c35   Thumb Code    18  drv_usart.o(i.zb_uart_write)
    _get_lc_ctype                            0x08006c4d   Thumb Code    44  lc_ctype_c.o(locale$$code)
    _get_lc_numeric                          0x08006c79   Thumb Code    44  lc_numeric_c.o(locale$$code)
    __aeabi_d2f                              0x08006ca5   Thumb Code     0  d2f.o(x$fpl$d2f)
    _d2f                                     0x08006ca5   Thumb Code    98  d2f.o(x$fpl$d2f)
    __fpl_dcheck_NaN1                        0x08006d09   Thumb Code    10  dcheck1.o(x$fpl$dcheck1)
    __fpl_dcmp_Inf                           0x08006d19   Thumb Code    24  dcmpi.o(x$fpl$dcmpinf)
    __aeabi_cdcmpeq                          0x08006d31   Thumb Code     0  deqf.o(x$fpl$deqf)
    _dcmpeq                                  0x08006d31   Thumb Code   120  deqf.o(x$fpl$deqf)
    __aeabi_cdcmple                          0x08006da9   Thumb Code     0  dleqf.o(x$fpl$dleqf)
    _dcmple                                  0x08006da9   Thumb Code   120  dleqf.o(x$fpl$dleqf)
    __fpl_dcmple_InfNaN                      0x08006e0b   Thumb Code     0  dleqf.o(x$fpl$dleqf)
    __fpl_dnaninf                            0x08006e21   Thumb Code   156  dnaninf.o(x$fpl$dnaninf)
    __aeabi_cdrcmple                         0x08006ebd   Thumb Code     0  drleqf.o(x$fpl$drleqf)
    _drcmple                                 0x08006ebd   Thumb Code   108  drleqf.o(x$fpl$drleqf)
    __aeabi_f2iz                             0x08006f29   Thumb Code     0  ffix.o(x$fpl$ffix)
    _ffix                                    0x08006f29   Thumb Code    54  ffix.o(x$fpl$ffix)
    __aeabi_f2uiz                            0x08006f61   Thumb Code     0  ffixu.o(x$fpl$ffixu)
    _ffixu                                   0x08006f61   Thumb Code    62  ffixu.o(x$fpl$ffixu)
    __aeabi_fmul                             0x08006fa1   Thumb Code     0  fmul.o(x$fpl$fmul)
    _fmul                                    0x08006fa1   Thumb Code   258  fmul.o(x$fpl$fmul)
    __fpl_fnaninf                            0x080070a3   Thumb Code   140  fnaninf.o(x$fpl$fnaninf)
    __fpl_fretinf                            0x0800712f   Thumb Code    10  fretinf.o(x$fpl$fretinf)
    _printf_fp_dec                           0x08007139   Thumb Code     4  printf1.o(x$fpl$printf1)
    __fpl_return_NaN                         0x0800713d   Thumb Code   100  retnan.o(x$fpl$retnan)
    __ARM_scalbn                             0x080071a1   Thumb Code    92  scalbn.o(x$fpl$scalbn)
    _scanf_real                              0x080071fd   Thumb Code     4  scanf1.o(x$fpl$scanf1)
    _scanf_hex_real                          0x08007201   Thumb Code     4  scanf2.o(x$fpl$scanf2)
    _scanf_infnan                            0x08007205   Thumb Code     4  scanf2.o(x$fpl$scanf2)
    __fpl_cmpreturn                          0x08007209   Thumb Code    48  trapv.o(x$fpl$trapveneer)
    __I$use$fp                               0x08007238   Number         0  usenofp.o(x$fpl$usenofp)
    Region$$Table$$Base                      0x08007a04   Number         0  anon$$obj.o(Region$$Table)
    Region$$Table$$Limit                     0x08007a24   Number         0  anon$$obj.o(Region$$Table)
    __aeabi_HUGE_VAL                         0x08007a24   Data           0  fpconst.o(c$$dinf)
    __aeabi_HUGE_VALL                        0x08007a24   Data           0  fpconst.o(c$$dinf)
    __aeabi_INFINITY                         0x08007a24   Data           0  fpconst.o(c$$dinf)
    __dInf                                   0x08007a24   Data           0  fpconst.o(c$$dinf)
    __huge_val                               0x08007a24   Data           0  fpconst.o(c$$dinf)
    __ctype                                  0x08007a39   Data           0  lc_ctype_c.o(locale$$data)
    SystemCoreClock                          0x20000000   Data           4  system_stm32f10x.o(.data)
    AHBPrescTable                            0x20000004   Data          16  system_stm32f10x.o(.data)
    __libspace_start                         0x20000da0   Data          96  libspace.o(.bss)
    __temporary_stack_top$libspace           0x20000e00   Data           0  libspace.o(.bss)



==============================================================================

Memory Map of the image

  Image Entry point : 0x08000131

  Load Region LR_IROM1 (Base: 0x08000000, Size: 0x00007f08, Max: 0x00040000, ABSOLUTE, COMPRESSED[0x00007b94])

    Execution Region ER_IROM1 (Base: 0x08000000, Size: 0x00007b58, Max: 0x00040000, ABSOLUTE)

    Base Addr    Size         Type   Attr      Idx    E Section Name        Object

    0x08000000   0x00000130   Data   RO         1297    RESET               startup_stm32f10x_hd.o
    0x08000130   0x00000008   Code   RO         4338  * !!!main             c_w.l(__main.o)
    0x08000138   0x00000034   Code   RO         4750    !!!scatter          c_w.l(__scatter.o)
    0x0800016c   0x0000003a   Code   RO         4748    !!dczerorl          c_w.l(__dczerorl.o)
    0x080001a6   0x00000002   PAD
    0x080001a8   0x0000001c   Code   RO         4752    !!handler_zi        c_w.l(__scatter_zi.o)
    0x080001c4   0x00000000   Code   RO         4309    .ARM.Collect$$_printf_percent$$00000000  c_w.l(_printf_percent.o)
    0x080001c4   0x00000006   Code   RO         4410    .ARM.Collect$$_printf_percent$$00000001  c_w.l(_printf_n.o)
    0x080001ca   0x00000006   Code   RO         4412    .ARM.Collect$$_printf_percent$$00000002  c_w.l(_printf_p.o)
    0x080001d0   0x00000006   Code   RO         4415    .ARM.Collect$$_printf_percent$$00000003  c_w.l(_printf_f.o)
    0x080001d6   0x00000006   Code   RO         4416    .ARM.Collect$$_printf_percent$$00000004  c_w.l(_printf_e.o)
    0x080001dc   0x00000006   Code   RO         4417    .ARM.Collect$$_printf_percent$$00000005  c_w.l(_printf_g.o)
    0x080001e2   0x00000006   Code   RO         4418    .ARM.Collect$$_printf_percent$$00000006  c_w.l(_printf_a.o)
    0x080001e8   0x0000000a   Code   RO         4423    .ARM.Collect$$_printf_percent$$00000007  c_w.l(_printf_ll.o)
    0x080001f2   0x00000006   Code   RO         4414    .ARM.Collect$$_printf_percent$$00000008  c_w.l(_printf_i.o)
    0x080001f8   0x00000006   Code   RO         4307    .ARM.Collect$$_printf_percent$$00000009  c_w.l(_printf_d.o)
    0x080001fe   0x00000006   Code   RO         4308    .ARM.Collect$$_printf_percent$$0000000A  c_w.l(_printf_u.o)
    0x08000204   0x00000006   Code   RO         4413    .ARM.Collect$$_printf_percent$$0000000B  c_w.l(_printf_o.o)
    0x0800020a   0x00000006   Code   RO         4411    .ARM.Collect$$_printf_percent$$0000000C  c_w.l(_printf_x.o)
    0x08000210   0x00000006   Code   RO         4420    .ARM.Collect$$_printf_percent$$0000000D  c_w.l(_printf_lli.o)
    0x08000216   0x00000006   Code   RO         4421    .ARM.Collect$$_printf_percent$$0000000E  c_w.l(_printf_lld.o)
    0x0800021c   0x00000006   Code   RO         4422    .ARM.Collect$$_printf_percent$$0000000F  c_w.l(_printf_llu.o)
    0x08000222   0x00000006   Code   RO         4427    .ARM.Collect$$_printf_percent$$00000010  c_w.l(_printf_llo.o)
    0x08000228   0x00000006   Code   RO         4428    .ARM.Collect$$_printf_percent$$00000011  c_w.l(_printf_llx.o)
    0x0800022e   0x0000000a   Code   RO         4424    .ARM.Collect$$_printf_percent$$00000012  c_w.l(_printf_l.o)
    0x08000238   0x00000006   Code   RO         4305    .ARM.Collect$$_printf_percent$$00000013  c_w.l(_printf_c.o)
    0x0800023e   0x00000006   Code   RO         4306    .ARM.Collect$$_printf_percent$$00000014  c_w.l(_printf_s.o)
    0x08000244   0x00000006   Code   RO         4425    .ARM.Collect$$_printf_percent$$00000015  c_w.l(_printf_lc.o)
    0x0800024a   0x00000006   Code   RO         4426    .ARM.Collect$$_printf_percent$$00000016  c_w.l(_printf_ls.o)
    0x08000250   0x00000004   Code   RO         4419    .ARM.Collect$$_printf_percent$$00000017  c_w.l(_printf_percent_end.o)
    0x08000254   0x00000002   Code   RO         4533    .ARM.Collect$$libinit$$00000000  c_w.l(libinit.o)
    0x08000256   0x00000000   Code   RO         4535    .ARM.Collect$$libinit$$00000002  c_w.l(libinit2.o)
    0x08000256   0x00000000   Code   RO         4537    .ARM.Collect$$libinit$$00000004  c_w.l(libinit2.o)
    0x08000256   0x00000000   Code   RO         4540    .ARM.Collect$$libinit$$0000000A  c_w.l(libinit2.o)
    0x08000256   0x00000000   Code   RO         4542    .ARM.Collect$$libinit$$0000000C  c_w.l(libinit2.o)
    0x08000256   0x00000000   Code   RO         4544    .ARM.Collect$$libinit$$0000000E  c_w.l(libinit2.o)
    0x08000256   0x00000006   Code   RO         4545    .ARM.Collect$$libinit$$0000000F  c_w.l(libinit2.o)
    0x0800025c   0x00000000   Code   RO         4547    .ARM.Collect$$libinit$$00000011  c_w.l(libinit2.o)
    0x0800025c   0x0000000c   Code   RO         4548    .ARM.Collect$$libinit$$00000012  c_w.l(libinit2.o)
    0x08000268   0x00000000   Code   RO         4549    .ARM.Collect$$libinit$$00000013  c_w.l(libinit2.o)
    0x08000268   0x00000000   Code   RO         4551    .ARM.Collect$$libinit$$00000015  c_w.l(libinit2.o)
    0x08000268   0x0000000a   Code   RO         4552    .ARM.Collect$$libinit$$00000016  c_w.l(libinit2.o)
    0x08000272   0x00000000   Code   RO         4553    .ARM.Collect$$libinit$$00000017  c_w.l(libinit2.o)
    0x08000272   0x00000000   Code   RO         4555    .ARM.Collect$$libinit$$00000019  c_w.l(libinit2.o)
    0x08000272   0x00000000   Code   RO         4557    .ARM.Collect$$libinit$$0000001B  c_w.l(libinit2.o)
    0x08000272   0x00000000   Code   RO         4559    .ARM.Collect$$libinit$$0000001D  c_w.l(libinit2.o)
    0x08000272   0x00000000   Code   RO         4561    .ARM.Collect$$libinit$$0000001F  c_w.l(libinit2.o)
    0x08000272   0x00000000   Code   RO         4563    .ARM.Collect$$libinit$$00000021  c_w.l(libinit2.o)
    0x08000272   0x00000000   Code   RO         4565    .ARM.Collect$$libinit$$00000023  c_w.l(libinit2.o)
    0x08000272   0x00000000   Code   RO         4567    .ARM.Collect$$libinit$$00000025  c_w.l(libinit2.o)
    0x08000272   0x00000000   Code   RO         4571    .ARM.Collect$$libinit$$0000002C  c_w.l(libinit2.o)
    0x08000272   0x00000000   Code   RO         4573    .ARM.Collect$$libinit$$0000002E  c_w.l(libinit2.o)
    0x08000272   0x00000000   Code   RO         4575    .ARM.Collect$$libinit$$00000030  c_w.l(libinit2.o)
    0x08000272   0x00000000   Code   RO         4577    .ARM.Collect$$libinit$$00000032  c_w.l(libinit2.o)
    0x08000272   0x00000002   Code   RO         4578    .ARM.Collect$$libinit$$00000033  c_w.l(libinit2.o)
    0x08000274   0x00000002   Code   RO         4643    .ARM.Collect$$libshutdown$$00000000  c_w.l(libshutdown.o)
    0x08000276   0x00000000   Code   RO         4672    .ARM.Collect$$libshutdown$$00000002  c_w.l(libshutdown2.o)
    0x08000276   0x00000000   Code   RO         4674    .ARM.Collect$$libshutdown$$00000004  c_w.l(libshutdown2.o)
    0x08000276   0x00000000   Code   RO         4677    .ARM.Collect$$libshutdown$$00000007  c_w.l(libshutdown2.o)
    0x08000276   0x00000000   Code   RO         4680    .ARM.Collect$$libshutdown$$0000000A  c_w.l(libshutdown2.o)
    0x08000276   0x00000000   Code   RO         4682    .ARM.Collect$$libshutdown$$0000000C  c_w.l(libshutdown2.o)
    0x08000276   0x00000000   Code   RO         4685    .ARM.Collect$$libshutdown$$0000000F  c_w.l(libshutdown2.o)
    0x08000276   0x00000002   Code   RO         4686    .ARM.Collect$$libshutdown$$00000010  c_w.l(libshutdown2.o)
    0x08000278   0x00000000   Code   RO         4356    .ARM.Collect$$rtentry$$00000000  c_w.l(__rtentry.o)
    0x08000278   0x00000000   Code   RO         4454    .ARM.Collect$$rtentry$$00000002  c_w.l(__rtentry2.o)
    0x08000278   0x00000006   Code   RO         4466    .ARM.Collect$$rtentry$$00000004  c_w.l(__rtentry4.o)
    0x0800027e   0x00000000   Code   RO         4456    .ARM.Collect$$rtentry$$00000009  c_w.l(__rtentry2.o)
    0x0800027e   0x00000004   Code   RO         4457    .ARM.Collect$$rtentry$$0000000A  c_w.l(__rtentry2.o)
    0x08000282   0x00000000   Code   RO         4459    .ARM.Collect$$rtentry$$0000000C  c_w.l(__rtentry2.o)
    0x08000282   0x00000008   Code   RO         4460    .ARM.Collect$$rtentry$$0000000D  c_w.l(__rtentry2.o)
    0x0800028a   0x00000002   Code   RO         4583    .ARM.Collect$$rtexit$$00000000  c_w.l(rtexit.o)
    0x0800028c   0x00000000   Code   RO         4605    .ARM.Collect$$rtexit$$00000002  c_w.l(rtexit2.o)
    0x0800028c   0x00000004   Code   RO         4606    .ARM.Collect$$rtexit$$00000003  c_w.l(rtexit2.o)
    0x08000290   0x00000006   Code   RO         4607    .ARM.Collect$$rtexit$$00000004  c_w.l(rtexit2.o)
    0x08000296   0x00000002   PAD
    0x08000298   0x00000040   Code   RO         1298    .text               startup_stm32f10x_hd.o
    0x080002d8   0x00000034   Code   RO         4271    .text               c_w.l(c89vsnprintf.o)
    0x0800030c   0x00000038   Code   RO         4273    .text               c_w.l(__2snprintf.o)
    0x08000344   0x0000004e   Code   RO         4279    .text               c_w.l(_printf_pad.o)
    0x08000392   0x00000052   Code   RO         4281    .text               c_w.l(_printf_str.o)
    0x080003e4   0x00000078   Code   RO         4283    .text               c_w.l(_printf_dec.o)
    0x0800045c   0x00000188   Code   RO         4302    .text               c_w.l(__printf_flags_ss_wp.o)
    0x080005e4   0x0000003c   Code   RO         4310    .text               c_w.l(__0sscanf.o)
    0x08000620   0x0000014c   Code   RO         4312    .text               c_w.l(_scanf_int.o)
    0x0800076c   0x00000070   Code   RO         4314    .text               c_w.l(strtol.o)
    0x080007dc   0x00000024   Code   RO         4316    .text               c_w.l(strstr.o)
    0x08000800   0x00000058   Code   RO         4318    .text               c_w.l(memcmp.o)
    0x08000858   0x0000003e   Code   RO         4320    .text               c_w.l(strlen.o)
    0x08000896   0x00000096   Code   RO         4322    .text               c_w.l(strncmp.o)
    0x0800092c   0x0000008a   Code   RO         4324    .text               c_w.l(rt_memcpy_v6.o)
    0x080009b6   0x00000010   Code   RO         4326    .text               c_w.l(aeabi_memset.o)
    0x080009c6   0x00000044   Code   RO         4328    .text               c_w.l(rt_memclr.o)
    0x08000a0a   0x0000004e   Code   RO         4330    .text               c_w.l(rt_memclr_w.o)
    0x08000a58   0x00000056   Code   RO         4332    .text               c_w.l(strncpy.o)
    0x08000aae   0x00000002   PAD
    0x08000ab0   0x00000080   Code   RO         4334    .text               c_w.l(strcmpv7m.o)
    0x08000b30   0x00000006   Code   RO         4336    .text               c_w.l(heapauxi.o)
    0x08000b36   0x00000002   PAD
    0x08000b38   0x00000010   Code   RO         4357    .text               c_w.l(rt_ctype_table.o)
    0x08000b48   0x00000008   Code   RO         4362    .text               c_w.l(rt_errno_addr_intlibspace.o)
    0x08000b50   0x00000024   Code   RO         4364    .text               c_w.l(_printf_truncate.o)
    0x08000b74   0x000000b2   Code   RO         4366    .text               c_w.l(_printf_intcommon.o)
    0x08000c26   0x00000028   Code   RO         4368    .text               c_w.l(_printf_charcount.o)
    0x08000c4e   0x00000002   PAD
    0x08000c50   0x00000030   Code   RO         4370    .text               c_w.l(_printf_char_common.o)
    0x08000c80   0x0000000a   Code   RO         4372    .text               c_w.l(_sputc.o)
    0x08000c8a   0x00000010   Code   RO         4374    .text               c_w.l(_snputc.o)
    0x08000c9a   0x0000002c   Code   RO         4376    .text               c_w.l(_printf_char.o)
    0x08000cc6   0x00000002   PAD
    0x08000cc8   0x000000bc   Code   RO         4378    .text               c_w.l(_printf_wctomb.o)
    0x08000d84   0x0000007c   Code   RO         4381    .text               c_w.l(_printf_longlong_dec.o)
    0x08000e00   0x00000070   Code   RO         4387    .text               c_w.l(_printf_oct_int_ll.o)
    0x08000e70   0x00000094   Code   RO         4407    .text               c_w.l(_printf_hex_int_ll_ptr.o)
    0x08000f04   0x0000001c   Code   RO         4429    .text               c_w.l(_chval.o)
    0x08000f20   0x0000002c   Code   RO         4431    .text               c_w.l(scanf_char.o)
    0x08000f4c   0x00000040   Code   RO         4433    .text               c_w.l(_sgetc.o)
    0x08000f8c   0x0000009e   Code   RO         4435    .text               c_w.l(_strtoul.o)
    0x0800102a   0x00000002   PAD
    0x0800102c   0x000000a4   Code   RO         4437    .text               c_w.l(strtod.o)
    0x080010d0   0x00000064   Code   RO         4439    .text               c_w.l(rt_memcpy_w.o)
    0x08001134   0x00000008   Code   RO         4450    .text               c_w.l(libspace.o)
    0x0800113c   0x00000008   Code   RO         4471    .text               c_w.l(rt_locale_intlibspace.o)
    0x08001144   0x0000008a   Code   RO         4473    .text               c_w.l(lludiv10.o)
    0x080011ce   0x00000012   Code   RO         4475    .text               c_w.l(isspace.o)
    0x080011e0   0x0000041a   Code   RO         4477    .text               c_w.l(_printf_fp_dec.o)
    0x080015fa   0x0000002c   Code   RO         4481    .text               c_w.l(_printf_wchar.o)
    0x08001626   0x00000002   PAD
    0x08001628   0x00000374   Code   RO         4483    .text               c_w.l(_scanf.o)
    0x0800199c   0x00000040   Code   RO         4485    .text               c_w.l(_wcrtomb.o)
    0x080019dc   0x0000004a   Code   RO         4495    .text               c_w.l(sys_stackheap_outer.o)
    0x08001a26   0x00000002   PAD
    0x08001a28   0x00000080   Code   RO         4497    .text               c_w.l(_printf_fp_infnan.o)
    0x08001aa8   0x000004a4   Code   RO         4499    .text               c_w.l(scanf_fp.o)
    0x08001f4c   0x000000dc   Code   RO         4501    .text               c_w.l(bigflt0.o)
    0x08002028   0x00000012   Code   RO         4526    .text               c_w.l(exit.o)
    0x0800203a   0x00000016   Code   RO         4611    .text               c_w.l(_rserrno.o)
    0x08002050   0x00000320   Code   RO         4613    .text               c_w.l(scanf_hexfp.o)
    0x08002370   0x00000134   Code   RO         4615    .text               c_w.l(scanf_infnan.o)
    0x080024a4   0x0000000c   Code   RO         4631    .text               c_w.l(sys_exit.o)
    0x080024b0   0x00000026   Code   RO         4635    .text               c_w.l(llshl.o)
    0x080024d6   0x00000002   Code   RO         4662    .text               c_w.l(use_no_semi.o)
    0x080024d8   0x00000000   Code   RO         4664    .text               c_w.l(indicate_semi.o)
    0x080024d8   0x0000003e   Code   RO         4504    CL$$btod_d2e        c_w.l(btod.o)
    0x08002516   0x00000046   Code   RO         4506    CL$$btod_d2e_denorm_low  c_w.l(btod.o)
    0x0800255c   0x00000060   Code   RO         4505    CL$$btod_d2e_norm_op1  c_w.l(btod.o)
    0x080025bc   0x00000338   Code   RO         4514    CL$$btod_div_common  c_w.l(btod.o)
    0x080028f4   0x00000054   Code   RO         4512    CL$$btod_e2d        c_w.l(btod.o)
    0x08002948   0x000000c6   Code   RO         4511    CL$$btod_e2e        c_w.l(btod.o)
    0x08002a0e   0x00000028   Code   RO         4508    CL$$btod_ediv       c_w.l(btod.o)
    0x08002a36   0x00000028   Code   RO         4510    CL$$btod_edivd      c_w.l(btod.o)
    0x08002a5e   0x00000028   Code   RO         4507    CL$$btod_emul       c_w.l(btod.o)
    0x08002a86   0x00000028   Code   RO         4509    CL$$btod_emuld      c_w.l(btod.o)
    0x08002aae   0x00000244   Code   RO         4513    CL$$btod_mult_common  c_w.l(btod.o)
    0x08002cf2   0x00000004   Code   RO           18    i.BusFault_Handler  stm32f10x_it.o
    0x08002cf6   0x00000002   Code   RO           19    i.DebugMon_Handler  stm32f10x_it.o
    0x08002cf8   0x0000004c   Code   RO          161    i.EarlyMuteBuzzer   system_stm32f10x.o
    0x08002d44   0x0000000c   Code   RO         2153    i.FLASH_ClearFlag   stm32f10x_flash.o
    0x08002d50   0x0000004c   Code   RO         2158    i.FLASH_ErasePage   stm32f10x_flash.o
    0x08002d9c   0x00000034   Code   RO         2159    i.FLASH_GetBank1Status  stm32f10x_flash.o
    0x08002dd0   0x00000014   Code   RO         2168    i.FLASH_Lock        stm32f10x_flash.o
    0x08002de4   0x00000040   Code   RO         2171    i.FLASH_ProgramHalfWord  stm32f10x_flash.o
    0x08002e24   0x00000018   Code   RO         2176    i.FLASH_Unlock      stm32f10x_flash.o
    0x08002e3c   0x00000026   Code   RO         2180    i.FLASH_WaitForLastOperation  stm32f10x_flash.o
    0x08002e62   0x00000116   Code   RO         2453    i.GPIO_Init         stm32f10x_gpio.o
    0x08002f78   0x00000090   Code   RO         2455    i.GPIO_PinRemapConfig  stm32f10x_gpio.o
    0x08003008   0x00000004   Code   RO         2460    i.GPIO_ResetBits    stm32f10x_gpio.o
    0x0800300c   0x00000004   Code   RO         2461    i.GPIO_SetBits      stm32f10x_gpio.o
    0x08003010   0x00000004   Code   RO           20    i.HardFault_Handler  stm32f10x_it.o
    0x08003014   0x00000010   Code   RO         2765    i.IWDG_Enable       stm32f10x_iwdg.o
    0x08003024   0x00000010   Code   RO         2767    i.IWDG_ReloadCounter  stm32f10x_iwdg.o
    0x08003034   0x0000000c   Code   RO         2768    i.IWDG_SetPrescaler  stm32f10x_iwdg.o
    0x08003040   0x0000000c   Code   RO         2769    i.IWDG_SetReload    stm32f10x_iwdg.o
    0x0800304c   0x0000000c   Code   RO         2770    i.IWDG_WriteAccessCmd  stm32f10x_iwdg.o
    0x08003058   0x00000004   Code   RO           21    i.MemManage_Handler  stm32f10x_it.o
    0x0800305c   0x00000002   Code   RO           22    i.NMI_Handler       stm32f10x_it.o
    0x0800305e   0x00000002   PAD
    0x08003060   0x00000070   Code   RO         1302    i.NVIC_Init         misc.o
    0x080030d0   0x00000002   Code   RO           23    i.PendSV_Handler    stm32f10x_it.o
    0x080030d2   0x00000002   PAD
    0x080030d4   0x00000020   Code   RO         2869    i.RCC_APB1PeriphClockCmd  stm32f10x_rcc.o
    0x080030f4   0x00000020   Code   RO         2871    i.RCC_APB2PeriphClockCmd  stm32f10x_rcc.o
    0x08003114   0x000000d4   Code   RO         2879    i.RCC_GetClocksFreq  stm32f10x_rcc.o
    0x080031e8   0x00000002   Code   RO           24    i.SVC_Handler       stm32f10x_it.o
    0x080031ea   0x00000008   Code   RO          162    i.SetSysClock       system_stm32f10x.o
    0x080031f2   0x00000002   PAD
    0x080031f4   0x000000e0   Code   RO          163    i.SetSysClockTo72   system_stm32f10x.o
    0x080032d4   0x00000010   Code   RO         1011    i.SysTick_Handler   drv_tim.o
    0x080032e4   0x00000064   Code   RO          165    i.SystemInit        system_stm32f10x.o
    0x08003348   0x00000028   Code   RO          837    i.UART4_IRQHandler  drv_usart.o
    0x08003370   0x00000028   Code   RO          838    i.USART1_IRQHandler  drv_usart.o
    0x08003398   0x00000028   Code   RO          839    i.USART2_IRQHandler  drv_usart.o
    0x080033c0   0x00000018   Code   RO         4039    i.USART_Cmd         stm32f10x_usart.o
    0x080033d8   0x0000001a   Code   RO         4042    i.USART_GetFlagStatus  stm32f10x_usart.o
    0x080033f2   0x00000054   Code   RO         4043    i.USART_GetITStatus  stm32f10x_usart.o
    0x08003446   0x0000004a   Code   RO         4045    i.USART_ITConfig    stm32f10x_usart.o
    0x08003490   0x000000d8   Code   RO         4046    i.USART_Init        stm32f10x_usart.o
    0x08003568   0x0000000a   Code   RO         4053    i.USART_ReceiveData  stm32f10x_usart.o
    0x08003572   0x00000008   Code   RO         4056    i.USART_SendData    stm32f10x_usart.o
    0x0800357a   0x00000004   Code   RO           25    i.UsageFault_Handler  stm32f10x_it.o
    0x0800357e   0x00000028   Code   RO         4581    i.__ARM_fpclassify  m_ws.l(fpclassify.o)
    0x080035a6   0x0000000e   Code   RO         4693    i.__mathlib_dbl_overflow  m_ws.l(dunder.o)
    0x080035b4   0x00000010   Code   RO         4695    i.__mathlib_dbl_underflow  m_ws.l(dunder.o)
    0x080035c4   0x00000010   Code   RO         4598    i.__mathlib_narrow  m_ws.l(narrow.o)
    0x080035d4   0x00000088   Code   RO         4599    i.__mathlib_tofloat  m_ws.l(narrow.o)
    0x0800365c   0x00000016   Code   RO         4651    i.__support_ldexp   m_ws.l(ldexp.o)
    0x08003672   0x0000000e   Code   RO         4295    i._is_digit         c_w.l(__printf_wp.o)
    0x08003680   0x00000032   Code   RO          659    i.append            json.o
    0x080036b2   0x00000022   Code   RO          484    i.apply_pending     automation.o
    0x080036d4   0x00000054   Code   RO         1089    i.at_line_failed    wifi_link.o
    0x08003728   0x00000064   Code   RO         1090    i.at_line_match     wifi_link.o
    0x0800378c   0x00000008   Code   RO          485    i.automation_alarm_text  automation.o
    0x08003794   0x00000044   Code   RO          486    i.automation_init   automation.o
    0x080037d8   0x00000040   Code   RO          487    i.automation_manual_override  automation.o
    0x08003818   0x0000004c   Code   RO          488    i.automation_on_offline  automation.o
    0x08003864   0x000001f4   Code   RO          489    i.automation_on_sample  automation.o
    0x08003a58   0x00000014   Code   RO          490    i.automation_reload  automation.o
    0x08003a6c   0x0000007c   Code   RO          491    i.automation_tick   automation.o
    0x08003ae8   0x0000001c   Code   RO          334    i.bind_role         router.o
    0x08003b04   0x0000000c   Code   RO         1241    i.bsp_clock_init    bsp_clock.o
    0x08003b10   0x00000002   Code   RO         1253    i.bsp_log_init      bsp_log.o
    0x08003b12   0x00000002   PAD
    0x08003b14   0x000000a0   Code   RO         1254    i.bsp_log_write     bsp_log.o
    0x08003bb4   0x00000020   Code   RO          952    i.cc2530_reset_pulse  drv_gpio.o
    0x08003bd4   0x00000022   Code   RO          492    i.clear_rule_if_stale  automation.o
    0x08003bf6   0x0000002c   Code   RO          595    i.config_default    thresholds.o
    0x08003c22   0x00000002   PAD
    0x08003c24   0x00000068   Code   RO          596    i.config_load       thresholds.o
    0x08003c8c   0x00000064   Code   RO          597    i.config_save       thresholds.o
    0x08003cf0   0x0000003c   Code   RO         1047    i.crc32_ieee        drv_flash.o
    0x08003d2c   0x00000030   Code   RO          335    i.dev_name          router.o
    0x08003d5c   0x00000018   Code   RO         1012    i.drv_delay_ms      drv_tim.o
    0x08003d74   0x00000024   Code   RO         1048    i.drv_flash_config_page_addr  drv_flash.o
    0x08003d98   0x00000028   Code   RO         1049    i.drv_flash_erase_page  drv_flash.o
    0x08003dc0   0x00000006   Code   RO         1050    i.drv_flash_page_size  drv_flash.o
    0x08003dc6   0x00000016   Code   RO         1051    i.drv_flash_read    drv_flash.o
    0x08003ddc   0x00000070   Code   RO         1052    i.drv_flash_write   drv_flash.o
    0x08003e4c   0x000000bc   Code   RO          953    i.drv_gpio_init_board  drv_gpio.o
    0x08003f08   0x00000028   Code   RO          744    i.drv_oled_clear    drv_oled.o
    0x08003f30   0x0000004c   Code   RO          745    i.drv_oled_draw_point  drv_oled.o
    0x08003f7c   0x000000f6   Code   RO          746    i.drv_oled_init     drv_oled.o
    0x08004072   0x00000002   PAD
    0x08004074   0x0000004c   Code   RO          747    i.drv_oled_refresh  drv_oled.o
    0x080040c0   0x00000078   Code   RO          748    i.drv_oled_show_char  drv_oled.o
    0x08004138   0x0000002a   Code   RO          749    i.drv_oled_show_string  drv_oled.o
    0x08004162   0x00000002   PAD
    0x08004164   0x00000060   Code   RO         1013    i.drv_tim_init      drv_tim.o
    0x080041c4   0x00000108   Code   RO          840    i.drv_usart_init_all  drv_usart.o
    0x080042cc   0x00000104   Code   RO          493    i.emit_alarm        automation.o
    0x080043d0   0x000000b4   Code   RO          336    i.emit_net_json     router.o
    0x08004484   0x000000f8   Code   RO          337    i.emit_node_info_json  router.o
    0x0800457c   0x00000128   Code   RO          338    i.emit_report_json  router.o
    0x080046a4   0x000000c8   Code   RO          339    i.emit_status_json  router.o
    0x0800476c   0x000000a0   Code   RO         1091    i.enter             wifi_link.o
    0x0800480c   0x00000048   Code   RO         1092    i.enter_backoff     wifi_link.o
    0x08004854   0x0000008c   Code   RO         1093    i.feed_at_byte      wifi_link.o
    0x080048e0   0x00000066   Code   RO          660    i.find_key          json.o
    0x08004946   0x00000002   PAD
    0x08004948   0x00000098   Code   RO          623    i.frame_encode      frame.o
    0x080049e0   0x00000140   Code   RO          624    i.frame_parser_feed  frame.o
    0x08004b20   0x0000001a   Code   RO          625    i.frame_parser_init  frame.o
    0x08004b3a   0x00000002   PAD
    0x08004b3c   0x00000058   Code   RO         4626    i.frexp             m_ws.l(frexp.o)
    0x08004b94   0x000000bc   Code   RO          200    i.gw_main_init      gw_main.o
    0x08004c50   0x0000025c   Code   RO          201    i.gw_main_run       gw_main.o
    0x08004eac   0x00000018   Code   RO          750    i.i2c_delay         drv_oled.o
    0x08004ec4   0x00000030   Code   RO          751    i.i2c_send_byte     drv_oled.o
    0x08004ef4   0x00000024   Code   RO          752    i.i2c_start         drv_oled.o
    0x08004f18   0x0000001e   Code   RO          753    i.i2c_stop          drv_oled.o
    0x08004f36   0x00000014   Code   RO          754    i.i2c_wait_ack      drv_oled.o
    0x08004f4a   0x00000022   Code   RO          202    i.iwdg_init         gw_main.o
    0x08004f6c   0x00000070   Code   RO          661    i.json_add_bool     json.o
    0x08004fdc   0x00000084   Code   RO          662    i.json_add_fp2      json.o
    0x08005060   0x00000054   Code   RO          663    i.json_add_int      json.o
    0x080050b4   0x00000058   Code   RO          664    i.json_add_str      json.o
    0x0800510c   0x00000054   Code   RO          665    i.json_add_uint     json.o
    0x08005160   0x00000018   Code   RO          666    i.json_begin        json.o
    0x08005178   0x00000032   Code   RO          667    i.json_end          json.o
    0x080051aa   0x00000048   Code   RO          668    i.json_get_float    json.o
    0x080051f2   0x00000040   Code   RO          669    i.json_get_int      json.o
    0x08005232   0x00000066   Code   RO          670    i.json_get_string   json.o
    0x08005298   0x00000036   Code   RO          671    i.json_get_uint     json.o
    0x080052ce   0x00000074   Code   RO         4652    i.ldexp             m_ws.l(ldexp.o)
    0x08005342   0x00000002   PAD
    0x08005344   0x0000007c   Code   RO         1094    i.log_timeout_detail  wifi_link.o
    0x080053c0   0x0000000e   Code   RO            1    i.main              main.o
    0x080053ce   0x00000002   PAD
    0x080053d0   0x00000020   Code   RO          560    i.model_changed     oled_view.o
    0x080053f0   0x0000000c   Code   RO         1014    i.ms_now            drv_tim.o
    0x080053fc   0x00000028   Code   RO          494    i.node1_alarm_threshold  automation.o
    0x08005424   0x00000028   Code   RO          495    i.node1_alarm_type  automation.o
    0x0800544c   0x00000038   Code   RO          755    i.oled_gpio_init    drv_oled.o
    0x08005484   0x00000024   Code   RO          561    i.oled_view_init    oled_view.o
    0x080054a8   0x00000178   Code   RO          562    i.oled_view_tick    oled_view.o
    0x08005620   0x00000018   Code   RO          563    i.oled_view_update  oled_view.o
    0x08005638   0x00000036   Code   RO          756    i.oled_write        drv_oled.o
    0x0800566e   0x00000002   PAD
    0x08005670   0x000000a4   Code   RO          340    i.on_allow_join     router.o
    0x08005714   0x00000180   Code   RO          341    i.on_cmd_json       router.o
    0x08005894   0x00000050   Code   RO         1179    i.on_frame          zb_link.o
    0x080058e4   0x0000012c   Code   RO          342    i.on_set_threshold  router.o
    0x08005a10   0x0000001c   Code   RO          203    i.on_wifi_line      gw_main.o
    0x08005a2c   0x0000000c   Code   RO          204    i.on_zb_frame       gw_main.o
    0x08005a38   0x000000d4   Code   RO          343    i.on_zb_node_info   router.o
    0x08005b0c   0x000001b6   Code   RO          344    i.on_zb_report      router.o
    0x08005cc2   0x00000002   PAD
    0x08005cc4   0x00000078   Code   RO          205    i.open_join_window  gw_main.o
    0x08005d3c   0x0000000c   Code   RO          626    i.parser_soft_reset  frame.o
    0x08005d48   0x00000114   Code   RO         1095    i.remember_rx_line  wifi_link.o
    0x08005e5c   0x0000003c   Code   RO         1096    i.remember_tx_line  wifi_link.o
    0x08005e98   0x0000006c   Code   RO          206    i.request_node_snapshot  gw_main.o
    0x08005f04   0x0000003c   Code   RO          345    i.request_node_snapshot  router.o
    0x08005f40   0x00000010   Code   RO          841    i.ring_avail        drv_usart.o
    0x08005f50   0x00000036   Code   RO          842    i.ring_pop          drv_usart.o
    0x08005f86   0x00000024   Code   RO          843    i.ring_push         drv_usart.o
    0x08005faa   0x00000022   Code   RO          346    i.role_from_cluster  router.o
    0x08005fcc   0x00000030   Code   RO          347    i.role_name         router.o
    0x08005ffc   0x00000044   Code   RO          348    i.router_cmd_onoff  router.o
    0x08006040   0x00000040   Code   RO          349    i.router_init       router.o
    0x08006080   0x0000000c   Code   RO          350    i.router_node       router.o
    0x0800608c   0x0000000c   Code   RO          351    i.router_node1_id   router.o
    0x08006098   0x0000000c   Code   RO          352    i.router_node2_id   router.o
    0x080060a4   0x0000000c   Code   RO          353    i.router_node_count  router.o
    0x080060b0   0x00000108   Code   RO          354    i.router_on_json_line  router.o
    0x080061b8   0x000000d8   Code   RO          355    i.router_on_zb_frame  router.o
    0x08006290   0x00000024   Code   RO          757    i.scl_set           drv_oled.o
    0x080062b4   0x00000024   Code   RO          758    i.sda_set           drv_oled.o
    0x080062d8   0x00000088   Code   RO          356    i.send_ack          router.o
    0x08006360   0x00000028   Code   RO         1097    i.send_at           wifi_link.o
    0x08006388   0x00000084   Code   RO          207    i.send_hello        gw_main.o
    0x0800640c   0x00000038   Code   RO          357    i.slot_find         router.o
    0x08006444   0x00000060   Code   RO          358    i.slot_touch        router.o
    0x080064a4   0x00000080   Code   RO          208    i.start_join_window  gw_main.o
    0x08006524   0x0000001c   Code   RO         4353    i.strtod            m_ws.l(strtod.o)
    0x08006540   0x00000044   Code   RO          844    i.uart_write_blocking  drv_usart.o
    0x08006584   0x0000004e   Code   RO          359    i.update_identity   router.o
    0x080065d2   0x00000040   Code   RO          845    i.usart_common_init  drv_usart.o
    0x08006612   0x00000002   PAD
    0x08006614   0x00000018   Code   RO          848    i.usart_log_write   drv_usart.o
    0x0800662c   0x00000024   Code   RO          959    i.wifi_en_set       drv_gpio.o
    0x08006650   0x00000080   Code   RO         1098    i.wifi_link_init    wifi_link.o
    0x080066d0   0x00000014   Code   RO         1099    i.wifi_link_is_up   wifi_link.o
    0x080066e4   0x000000a4   Code   RO         1100    i.wifi_link_poll    wifi_link.o
    0x08006788   0x0000003c   Code   RO         1101    i.wifi_link_send_line  wifi_link.o
    0x080067c4   0x00000288   Code   RO         1102    i.wifi_link_tick    wifi_link.o
    0x08006a4c   0x00000018   Code   RO          849    i.wifi_uart_read    drv_usart.o
    0x08006a64   0x00000010   Code   RO          850    i.wifi_uart_rx_available  drv_usart.o
    0x08006a74   0x00000018   Code   RO          851    i.wifi_uart_write   drv_usart.o
    0x08006a8c   0x0000000c   Code   RO         1180    i.zb_link_alive     zb_link.o
    0x08006a98   0x00000040   Code   RO         1182    i.zb_link_init      zb_link.o
    0x08006ad8   0x00000054   Code   RO         1184    i.zb_link_poll      zb_link.o
    0x08006b2c   0x0000003c   Code   RO         1185    i.zb_link_send      zb_link.o
    0x08006b68   0x000000a4   Code   RO         1186    i.zb_link_tick      zb_link.o
    0x08006c0c   0x00000018   Code   RO          852    i.zb_uart_read      drv_usart.o
    0x08006c24   0x00000010   Code   RO          853    i.zb_uart_rx_available  drv_usart.o
    0x08006c34   0x00000018   Code   RO          854    i.zb_uart_write     drv_usart.o
    0x08006c4c   0x0000002c   Code   RO         4488    locale$$code        c_w.l(lc_ctype_c.o)
    0x08006c78   0x0000002c   Code   RO         4491    locale$$code        c_w.l(lc_numeric_c.o)
    0x08006ca4   0x00000062   Code   RO         4340    x$fpl$d2f           fz_ws.l(d2f.o)
    0x08006d06   0x00000002   PAD
    0x08006d08   0x00000010   Code   RO         4687    x$fpl$dcheck1       fz_ws.l(dcheck1.o)
    0x08006d18   0x00000018   Code   RO         4644    x$fpl$dcmpinf       fz_ws.l(dcmpi.o)
    0x08006d30   0x00000078   Code   RO         4621    x$fpl$deqf          fz_ws.l(deqf.o)
    0x08006da8   0x00000078   Code   RO         4646    x$fpl$dleqf         fz_ws.l(dleqf.o)
    0x08006e20   0x0000009c   Code   RO         4441    x$fpl$dnaninf       fz_ws.l(dnaninf.o)
    0x08006ebc   0x0000006c   Code   RO         4623    x$fpl$drleqf        fz_ws.l(drleqf.o)
    0x08006f28   0x00000036   Code   RO         4342    x$fpl$ffix          fz_ws.l(ffix.o)
    0x08006f5e   0x00000002   PAD
    0x08006f60   0x0000003e   Code   RO         4346    x$fpl$ffixu         fz_ws.l(ffixu.o)
    0x08006f9e   0x00000002   PAD
    0x08006fa0   0x00000102   Code   RO         4350    x$fpl$fmul          fz_ws.l(fmul.o)
    0x080070a2   0x0000008c   Code   RO         4443    x$fpl$fnaninf       fz_ws.l(fnaninf.o)
    0x0800712e   0x0000000a   Code   RO         4445    x$fpl$fretinf       fz_ws.l(fretinf.o)
    0x08007138   0x00000004   Code   RO         4447    x$fpl$printf1       fz_ws.l(printf1.o)
    0x0800713c   0x00000064   Code   RO         4720    x$fpl$retnan        fz_ws.l(retnan.o)
    0x080071a0   0x0000005c   Code   RO         4648    x$fpl$scalbn        fz_ws.l(scalbn.o)
    0x080071fc   0x00000004   Code   RO         4493    x$fpl$scanf1        fz_ws.l(scanf1.o)
    0x08007200   0x00000008   Code   RO         4592    x$fpl$scanf2        fz_ws.l(scanf2.o)
    0x08007208   0x00000030   Code   RO         4728    x$fpl$trapveneer    fz_ws.l(trapv.o)
    0x08007238   0x00000000   Code   RO         4449    x$fpl$usenofp       fz_ws.l(usenofp.o)
    0x08007238   0x00000100   Data   RO          627    .constdata          frame.o
    0x08007338   0x000005f0   Data   RO          760    .constdata          drv_oled.o
    0x08007928   0x00000005   Data   RO         1256    .constdata          bsp_log.o
    0x0800792d   0x00000011   Data   RO         4303    .constdata          c_w.l(__printf_flags_ss_wp.o)
    0x0800793e   0x00000002   PAD
    0x08007940   0x00000008   Data   RO         4379    .constdata          c_w.l(_printf_wctomb.o)
    0x08007948   0x00000028   Data   RO         4408    .constdata          c_w.l(_printf_hex_int_ll_ptr.o)
    0x08007970   0x00000094   Data   RO         4502    .constdata          c_w.l(bigflt0.o)
    0x08007a04   0x00000020   Data   RO         4746    Region$$Table       anon$$obj.o
    0x08007a24   0x00000008   Data   RO         4587    c$$dinf             fz_ws.l(fpconst.o)
    0x08007a2c   0x00000110   Data   RO         4487    locale$$data        c_w.l(lc_ctype_c.o)
    0x08007b3c   0x0000001c   Data   RO         4490    locale$$data        c_w.l(lc_numeric_c.o)


    Execution Region RW_IRAM1 (Base: 0x20000000, Size: 0x00001400, Max: 0x0000c000, ABSOLUTE, COMPRESSED[0x0000003c])

    Base Addr    Size         Type   Attr      Idx    E Section Name        Object

    0x20000000   0x00000014   Data   RW          166    .data               system_stm32f10x.o
    0x20000014   0x0000000d   Data   RW          210    .data               gw_main.o
    0x20000021   0x00000001   PAD
    0x20000022   0x00000006   Data   RW          361    .data               router.o
    0x20000028   0x00000018   Data   RW          497    .data               automation.o
    0x20000040   0x00000004   Data   RW          565    .data               oled_view.o
    0x20000044   0x00000318   Data   RW          855    .data               drv_usart.o
    0x2000035c   0x00000004   Data   RW         1015    .data               drv_tim.o
    0x20000360   0x00000023   Data   RW         1104    .data               wifi_link.o
    0x20000383   0x00000001   PAD
    0x20000384   0x00000018   Data   RW         1188    .data               zb_link.o
    0x2000039c   0x00000014   Data   RW         2899    .data               stm32f10x_rcc.o
    0x200003b0   0x00000010   Zero   RW          209    .bss                gw_main.o
    0x200003c0   0x000000b0   Zero   RW          360    .bss                router.o
    0x20000470   0x00000028   Zero   RW          496    .bss                automation.o
    0x20000498   0x00000048   Zero   RW          564    .bss                oled_view.o
    0x200004e0   0x00000400   Zero   RW          759    .bss                drv_oled.o
    0x200008e0   0x00000380   Zero   RW         1103    .bss                wifi_link.o
    0x20000c60   0x0000009e   Zero   RW         1187    .bss                zb_link.o
    0x20000cfe   0x000000a0   Zero   RW         1255    .bss                bsp_log.o
    0x20000d9e   0x00000002   PAD
    0x20000da0   0x00000060   Zero   RW         4451    .bss                c_w.l(libspace.o)
    0x20000e00   0x00000200   Zero   RW         1296    HEAP                startup_stm32f10x_hd.o
    0x20001000   0x00000400   Zero   RW         1295    STACK               startup_stm32f10x_hd.o


==============================================================================

Image component sizes


      Code (inc. data)   RO Data    RW Data    ZI Data      Debug   Object Name

      1268        222          0         24         40       7496   automation.o
        12          0          0          0          0        405   bsp_clock.o
       162         30          5          0        160       2223   bsp_log.o
         0          0          0          0          0         32   core_cm3.o
       276         10          0          0          0       3974   drv_flash.o
       256         30          0          0          0       1417   drv_gpio.o
       940         34       1520          0       1024       8466   drv_oled.o
       148         26          0          4          0      17288   drv_tim.o
       774         86          0        792          0       8920   drv_usart.o
       510         16        256          0          0       2863   frame.o
      1354        462          0         13         16     212265   gw_main.o
      1018         94          0          0          0       9811   json.o
        14          0          0          0          0       1827   main.o
       112         12          0          0          0        876   misc.o
       468        122          0          4         72       2477   oled_view.o
      3666        766          0          6        176      15562   router.o
        64         26        304          0       1536        756   startup_stm32f10x_hd.o
       286         36          0          0          0       3460   stm32f10x_flash.o
       430          6          0          0          0       3514   stm32f10x_gpio.o
        24          0          0          0          0      35192   stm32f10x_it.o
        68         30          0          0          0       2130   stm32f10x_iwdg.o
       276         32          0         20          0       4106   stm32f10x_rcc.o
       442          6          0          0          0       5605   stm32f10x_usart.o
       408         40          0         20          0       2205   system_stm32f10x.o
       248         10          0          0          0       2141   thresholds.o
      2076        694          0         35        896       8683   wifi_link.o
       464        120          0         24        158       4876   zb_link.o

    ----------------------------------------------------------------------
     15790       2910       2117        944       4080     368570   Object Totals
         0          0         32          0          0          0   (incl. Generated)
        26          0          0          2          2          0   (incl. Padding)

    ----------------------------------------------------------------------

      Code (inc. data)   RO Data    RW Data    ZI Data      Debug   Library Member Name

        60          8          0          0          0         84   __0sscanf.o
        56          6          0          0          0         88   __2snprintf.o
        58          0          0          0          0          0   __dczerorl.o
         8          0          0          0          0         68   __main.o
       392          4         17          0          0         92   __printf_flags_ss_wp.o
        14          0          0          0          0         68   __printf_wp.o
         0          0          0          0          0          0   __rtentry.o
        12          0          0          0          0          0   __rtentry2.o
         6          0          0          0          0          0   __rtentry4.o
        52          8          0          0          0          0   __scatter.o
        28          0          0          0          0          0   __scatter_zi.o
        28          0          0          0          0         68   _chval.o
         6          0          0          0          0          0   _printf_a.o
         6          0          0          0          0          0   _printf_c.o
        44          0          0          0          0        108   _printf_char.o
        48          6          0          0          0         96   _printf_char_common.o
        40          0          0          0          0         68   _printf_charcount.o
         6          0          0          0          0          0   _printf_d.o
       120         16          0          0          0         92   _printf_dec.o
         6          0          0          0          0          0   _printf_e.o
         6          0          0          0          0          0   _printf_f.o
      1050          0          0          0          0        216   _printf_fp_dec.o
       128         16          0          0          0         84   _printf_fp_infnan.o
         6          0          0          0          0          0   _printf_g.o
       148          4         40          0          0        160   _printf_hex_int_ll_ptr.o
         6          0          0          0          0          0   _printf_i.o
       178          0          0          0          0         88   _printf_intcommon.o
        10          0          0          0          0          0   _printf_l.o
         6          0          0          0          0          0   _printf_lc.o
        10          0          0          0          0          0   _printf_ll.o
         6          0          0          0          0          0   _printf_lld.o
         6          0          0          0          0          0   _printf_lli.o
         6          0          0          0          0          0   _printf_llo.o
         6          0          0          0          0          0   _printf_llu.o
         6          0          0          0          0          0   _printf_llx.o
       124         16          0          0          0         92   _printf_longlong_dec.o
         6          0          0          0          0          0   _printf_ls.o
         6          0          0          0          0          0   _printf_n.o
         6          0          0          0          0          0   _printf_o.o
       112          8          0          0          0        124   _printf_oct_int_ll.o
         6          0          0          0          0          0   _printf_p.o
        78          0          0          0          0        108   _printf_pad.o
         0          0          0          0          0          0   _printf_percent.o
         4          0          0          0          0          0   _printf_percent_end.o
         6          0          0          0          0          0   _printf_s.o
        82          0          0          0          0         80   _printf_str.o
        36          0          0          0          0         84   _printf_truncate.o
         6          0          0          0          0          0   _printf_u.o
        44          0          0          0          0        108   _printf_wchar.o
       188          6          8          0          0         92   _printf_wctomb.o
         6          0          0          0          0          0   _printf_x.o
        22          0          0          0          0        100   _rserrno.o
       884          6          0          0          0        100   _scanf.o
       332          0          0          0          0         96   _scanf_int.o
        64          0          0          0          0         84   _sgetc.o
        16          0          0          0          0         68   _snputc.o
        10          0          0          0          0         68   _sputc.o
       158          0          0          0          0         92   _strtoul.o
        64          0          0          0          0         92   _wcrtomb.o
        16          0          0          0          0         68   aeabi_memset.o
       220          4        148          0          0         96   bigflt0.o
      2074        132          0          0          0        940   btod.o
        52          4          0          0          0         80   c89vsnprintf.o
        18          0          0          0          0         80   exit.o
         6          0          0          0          0        152   heapauxi.o
         0          0          0          0          0          0   indicate_semi.o
        18          0          0          0          0         76   isspace.o
        44         10        272          0          0         76   lc_ctype_c.o
        44         10         28          0          0         76   lc_numeric_c.o
         2          0          0          0          0          0   libinit.o
        30          0          0          0          0          0   libinit2.o
         2          0          0          0          0          0   libshutdown.o
         2          0          0          0          0          0   libshutdown2.o
         8          4          0          0         96         68   libspace.o
        38          0          0          0          0         68   llshl.o
       138          0          0          0          0         80   lludiv10.o
        88          0          0          0          0         76   memcmp.o
        16          4          0          0          0         76   rt_ctype_table.o
         8          4          0          0          0         68   rt_errno_addr_intlibspace.o
         8          4          0          0          0         68   rt_locale_intlibspace.o
        68          0          0          0          0         68   rt_memclr.o
        78          0          0          0          0         80   rt_memclr_w.o
       138          0          0          0          0         68   rt_memcpy_v6.o
       100          0          0          0          0         80   rt_memcpy_w.o
         2          0          0          0          0          0   rtexit.o
        10          0          0          0          0          0   rtexit2.o
        44          8          0          0          0         84   scanf_char.o
      1188         12          0          0          0        148   scanf_fp.o
       800         14          0          0          0        100   scanf_hexfp.o
       308         16          0          0          0        100   scanf_infnan.o
       128          0          0          0          0         68   strcmpv7m.o
        62          0          0          0          0         76   strlen.o
       150          0          0          0          0         80   strncmp.o
        86          0          0          0          0         76   strncpy.o
        36          0          0          0          0         80   strstr.o
       164         14          0          0          0        120   strtod.o
       112          0          0          0          0         88   strtol.o
        12          4          0          0          0         68   sys_exit.o
        74          0          0          0          0         80   sys_stackheap_outer.o
         2          0          0          0          0         68   use_no_semi.o
        98          4          0          0          0         92   d2f.o
        16          4          0          0          0         68   dcheck1.o
        24          0          0          0          0         68   dcmpi.o
       120          4          0          0          0         92   deqf.o
       120          4          0          0          0         92   dleqf.o
       156          4          0          0          0         92   dnaninf.o
       108          0          0          0          0         80   drleqf.o
        54          4          0          0          0         84   ffix.o
        62          4          0          0          0         84   ffixu.o
       258          4          0          0          0         84   fmul.o
       140          4          0          0          0         84   fnaninf.o
         0          0          8          0          0          0   fpconst.o
        10          0          0          0          0         68   fretinf.o
         4          0          0          0          0         68   printf1.o
       100          0          0          0          0         68   retnan.o
        92          0          0          0          0         68   scalbn.o
         4          0          0          0          0         68   scanf1.o
         8          0          0          0          0         84   scanf2.o
        48          0          0          0          0         68   trapv.o
         0          0          0          0          0          0   usenofp.o
        30          6          0          0          0        136   dunder.o
        40          0          0          0          0         68   fpclassify.o
        88          8          0          0          0         76   frexp.o
       138          0          0          0          0        160   ldexp.o
       152          4          0          0          0        168   narrow.o
        28          0          0          0          0         80   strtod.o

    ----------------------------------------------------------------------
     13146        402        523          0         96       8548   Library Totals
        26          0          2          0          0          0   (incl. Padding)

    ----------------------------------------------------------------------

      Code (inc. data)   RO Data    RW Data    ZI Data      Debug   Library Name

     11222        348        513          0         96       6448   c_w.l
      1422         36          8          0          0       1412   fz_ws.l
       476         18          0          0          0        688   m_ws.l

    ----------------------------------------------------------------------
     13146        402        523          0         96       8548   Library Totals

    ----------------------------------------------------------------------

==============================================================================


      Code (inc. data)   RO Data    RW Data    ZI Data      Debug   

     28936       3312       2640        944       4176     363074   Grand Totals
     28936       3312       2640         60       4176     363074   ELF Image Totals (compressed)
     28936       3312       2640         60          0          0   ROM Totals

==============================================================================

    Total RO  Size (Code + RO Data)                31576 (  30.84kB)
    Total RW  Size (RW Data + ZI Data)              5120 (   5.00kB)
    Total ROM Size (Code + RO Data + RW Data)      31636 (  30.89kB)

==============================================================================

