Component: ARM Compiler 5.06 update 3 (build 300) Tool: armlink [4d35c9]

==============================================================================

Section Cross References

    main.o(i.main) refers to gw_main.o(i.gw_main_init) for gw_main_init
    main.o(i.main) refers to gw_main.o(i.gw_main_run) for gw_main_run
    system_stm32f10x.o(i.SetSysClock) refers to system_stm32f10x.o(i.SetSysClockTo72) for SetSysClockTo72
    system_stm32f10x.o(i.SystemCoreClockUpdate) refers to system_stm32f10x.o(.data) for SystemCoreClock
    system_stm32f10x.o(i.SystemInit) refers to system_stm32f10x.o(i.SetSysClock) for SetSysClock
    gw_main.o(i.gw_main_init) refers to bsp_clock.o(i.bsp_clock_init) for bsp_clock_init
    gw_main.o(i.gw_main_init) refers to drv_tim.o(i.drv_tim_init) for drv_tim_init
    gw_main.o(i.gw_main_init) refers to drv_gpio.o(i.drv_gpio_init_board) for drv_gpio_init_board
    gw_main.o(i.gw_main_init) refers to drv_usart.o(i.drv_usart_init_all) for drv_usart_init_all
    gw_main.o(i.gw_main_init) refers to bsp_log.o(i.bsp_log_init) for bsp_log_init
    gw_main.o(i.gw_main_init) refers to bsp_log.o(i.bsp_log_write) for bsp_log_write
    gw_main.o(i.gw_main_init) refers to thresholds.o(i.config_load) for config_load
    gw_main.o(i.gw_main_init) refers to thresholds.o(i.config_default) for config_default
    gw_main.o(i.gw_main_init) refers to router.o(i.router_init) for router_init
    gw_main.o(i.gw_main_init) refers to automation.o(i.automation_init) for automation_init
    gw_main.o(i.gw_main_init) refers to zb_link.o(i.zb_link_init) for zb_link_init
    gw_main.o(i.gw_main_init) refers to wifi_link.o(i.wifi_link_init) for wifi_link_init
    gw_main.o(i.gw_main_init) refers to oled_view.o(i.oled_view_init) for oled_view_init
    gw_main.o(i.gw_main_init) refers to drv_gpio.o(i.cc2530_reset_pulse) for cc2530_reset_pulse
    gw_main.o(i.gw_main_init) refers to gw_main.o(i.iwdg_init) for iwdg_init
    gw_main.o(i.gw_main_init) refers to system_stm32f10x.o(.data) for SystemCoreClock
    gw_main.o(i.gw_main_init) refers to gw_main.o(.bss) for s_th
    gw_main.o(i.gw_main_init) refers to gw_main.o(i.on_zb_frame) for on_zb_frame
    gw_main.o(i.gw_main_init) refers to gw_main.o(i.on_wifi_line) for on_wifi_line
    gw_main.o(i.gw_main_run) refers to drv_tim.o(i.ms_now) for ms_now
    gw_main.o(i.gw_main_run) refers to zb_link.o(i.zb_link_poll) for zb_link_poll
    gw_main.o(i.gw_main_run) refers to wifi_link.o(i.wifi_link_poll) for wifi_link_poll
    gw_main.o(i.gw_main_run) refers to zb_link.o(i.zb_link_tick) for zb_link_tick
    gw_main.o(i.gw_main_run) refers to wifi_link.o(i.wifi_link_tick) for wifi_link_tick
    gw_main.o(i.gw_main_run) refers to automation.o(i.automation_tick) for automation_tick
    gw_main.o(i.gw_main_run) refers to wifi_link.o(i.wifi_link_is_up) for wifi_link_is_up
    gw_main.o(i.gw_main_run) refers to gw_main.o(i.send_hello) for send_hello
    gw_main.o(i.gw_main_run) refers to zb_link.o(i.zb_link_alive) for zb_link_alive
    gw_main.o(i.gw_main_run) refers to gw_main.o(i.open_join_window) for open_join_window
    gw_main.o(i.gw_main_run) refers to router.o(i.router_node1_id) for router_node1_id
    gw_main.o(i.gw_main_run) refers to router.o(i.router_node) for router_node
    gw_main.o(i.gw_main_run) refers to router.o(i.router_node2_id) for router_node2_id
    gw_main.o(i.gw_main_run) refers to rt_memclr_w.o(.text) for __aeabi_memclr4
    gw_main.o(i.gw_main_run) refers to automation.o(i.automation_alarm_text) for automation_alarm_text
    gw_main.o(i.gw_main_run) refers to strncpy.o(.text) for strncpy
    gw_main.o(i.gw_main_run) refers to oled_view.o(i.oled_view_update) for oled_view_update
    gw_main.o(i.gw_main_run) refers to oled_view.o(i.oled_view_tick) for oled_view_tick
    gw_main.o(i.gw_main_run) refers to stm32f10x_iwdg.o(i.IWDG_ReloadCounter) for IWDG_ReloadCounter
    gw_main.o(i.iwdg_init) refers to stm32f10x_iwdg.o(i.IWDG_WriteAccessCmd) for IWDG_WriteAccessCmd
    gw_main.o(i.iwdg_init) refers to stm32f10x_iwdg.o(i.IWDG_SetPrescaler) for IWDG_SetPrescaler
    gw_main.o(i.iwdg_init) refers to stm32f10x_iwdg.o(i.IWDG_SetReload) for IWDG_SetReload
    gw_main.o(i.iwdg_init) refers to stm32f10x_iwdg.o(i.IWDG_ReloadCounter) for IWDG_ReloadCounter
    gw_main.o(i.iwdg_init) refers to stm32f10x_iwdg.o(i.IWDG_Enable) for IWDG_Enable
    gw_main.o(i.on_wifi_line) refers to router.o(i.router_on_json_line) for router_on_json_line
    gw_main.o(i.on_zb_frame) refers to router.o(i.router_on_zb_frame) for router_on_zb_frame
    gw_main.o(i.open_join_window) refers to zb_link.o(i.zb_link_send) for zb_link_send
    gw_main.o(i.send_hello) refers to json.o(i.json_begin) for json_begin
    gw_main.o(i.send_hello) refers to json.o(i.json_add_str) for json_add_str
    gw_main.o(i.send_hello) refers to json.o(i.json_add_uint) for json_add_uint
    gw_main.o(i.send_hello) refers to json.o(i.json_end) for json_end
[...]
    __ARM_use_no_argv                        0x00000000   Number         0  main.o ABSOLUTE
    _printf_flags                            0x00000000   Number         0  printf_stubs.o ABSOLUTE
    _printf_return_value                     0x00000000   Number         0  printf_stubs.o ABSOLUTE
    _printf_sizespec                         0x00000000   Number         0  printf_stubs.o ABSOLUTE
    _printf_widthprec                        0x00000000   Number         0  printf_stubs.o ABSOLUTE
    __ARM_exceptions_init                     - Undefined Weak Reference
    __alloca_initialize                       - Undefined Weak Reference
    __arm_preinit_                            - Undefined Weak Reference
    __cpp_initialize__aeabi_                  - Undefined Weak Reference
    __cxa_finalize                            - Undefined Weak Reference
    __sigvec_lookup                           - Undefined Weak Reference
    _atexit_init                              - Undefined Weak Reference
    _call_atexit_fns                          - Undefined Weak Reference
    _clock_init                               - Undefined Weak Reference
    _fp_trap_init                             - Undefined Weak Reference
    _fp_trap_shutdown                         - Undefined Weak Reference
    _get_lc_collate                           - Undefined Weak Reference
    _get_lc_monetary                          - Undefined Weak Reference
    _get_lc_time                              - Undefined Weak Reference
    _getenv_init                              - Undefined Weak Reference
    _handle_redirection                       - Undefined Weak Reference
    _init_alloc                               - Undefined Weak Reference
    _init_user_alloc                          - Undefined Weak Reference
    _initio                                   - Undefined Weak Reference
    _printf_fp_hex                            - Undefined Weak Reference
    _printf_mbtowc                            - Undefined Weak Reference
    _printf_wc                                - Undefined Weak Reference
    _rand_init                                - Undefined Weak Reference
    _signal_finish                            - Undefined Weak Reference
    _signal_init                              - Undefined Weak Reference
    _terminate_alloc                          - Undefined Weak Reference
    _terminate_user_alloc                     - Undefined Weak Reference
    _terminateio                              - Undefined Weak Reference
    __Vectors_Size                           0x00000130   Number         0  startup_stm32f10x_hd.o ABSOLUTE
    __Vectors                                0x08000000   Data           4  startup_stm32f10x_hd.o(RESET)
    __Vectors_End                            0x08000130   Data           0  startup_stm32f10x_hd.o(RESET)
    __main                                   0x08000131   Thumb Code     8  __main.o(!!!main)
    __scatterload                            0x08000139   Thumb Code     0  __scatter.o(!!!scatter)
    __scatterload_rt2                        0x08000139   Thumb Code    44  __scatter.o(!!!scatter)
    __scatterload_rt2_thumb_only             0x08000139   Thumb Code     0  __scatter.o(!!!scatter)
    __scatterload_null                       0x08000147   Thumb Code     0  __scatter.o(!!!scatter)
    __decompress                             0x0800016d   Thumb Code    58  __dczerorl.o(!!dczerorl)
    __decompress0                            0x0800016d   Thumb Code     0  __dczerorl.o(!!dczerorl)
    __scatterload_zeroinit                   0x080001a9   Thumb Code    28  __scatter_zi.o(!!handler_zi)
    _printf_n                                0x080001c5   Thumb Code     0  _printf_n.o(.ARM.Collect$$_printf_percent$$00000001)
    _printf_percent                          0x080001c5   Thumb Code     0  _printf_percent.o(.ARM.Collect$$_printf_percent$$00000000)
    _printf_p                                0x080001cb   Thumb Code     0  _printf_p.o(.ARM.Collect$$_printf_percent$$00000002)
    _printf_f                                0x080001d1   Thumb Code     0  _printf_f.o(.ARM.Collect$$_printf_percent$$00000003)
    _printf_e                                0x080001d7   Thumb Code     0  _printf_e.o(.ARM.Collect$$_printf_percent$$00000004)
    _printf_g                                0x080001dd   Thumb Code     0  _printf_g.o(.ARM.Collect$$_printf_percent$$00000005)
    _printf_a                                0x080001e3   Thumb Code     0  _printf_a.o(.ARM.Collect$$_printf_percent$$00000006)
    _printf_ll                               0x080001e9   Thumb Code     0  _printf_ll.o(.ARM.Collect$$_printf_percent$$00000007)
    _printf_i                                0x080001f3   Thumb Code     0  _printf_i.o(.ARM.Collect$$_printf_percent$$00000008)
    _printf_d                                0x080001f9   Thumb Code     0  _printf_d.o(.ARM.Collect$$_printf_percent$$00000009)
    _printf_u                                0x080001ff   Thumb Code     0  _printf_u.o(.ARM.Collect$$_printf_percent$$0000000A)
    _printf_o                                0x08000205   Thumb Code     0  _printf_o.o(.ARM.Collect$$_printf_percent$$0000000B)
    _printf_x                                0x0800020b   Thumb Code     0  _printf_x.o(.ARM.Collect$$_printf_percent$$0000000C)
    _printf_lli                              0x08000211   Thumb Code     0  _printf_lli.o(.ARM.Collect$$_printf_percent$$0000000D)
    _printf_lld                              0x08000217   Thumb Code     0  _printf_lld.o(.ARM.Collect$$_printf_percent$$0000000E)
    _printf_llu                              0x0800021d   Thumb Code     0  _printf_llu.o(.ARM.Collect$$_printf_percent$$0000000F)
    _printf_llo                              0x08000223   Thumb Code     0  _printf_llo.o(.ARM.Collect$$_printf_percent$$00000010)
    _printf_llx                              0x08000229   Thumb Code     0  _printf_llx.o(.ARM.Collect$$_printf_percent$$00000011)
    _printf_l                                0x0800022f   Thumb Code     0  _printf_l.o(.ARM.Collect$$_printf_percent$$00000012)
    _printf_c                                0x08000239   Thumb Code     0  _printf_c.o(.ARM.Collect$$_printf_percent$$00000013)
    _printf_s                                0x0800023f   Thumb Code     0  _printf_s.o(.ARM.Collect$$_printf_percent$$00000014)
    _printf_lc                               0x08000245   Thumb Code     0  _printf_lc.o(.ARM.Collect$$_printf_percent$$00000015)
    _printf_ls                               0x0800024b   Thumb Code     0  _printf_ls.o(.ARM.Collect$$_printf_percent$$00000016)
    _printf_percent_end                      0x08000251   Thumb Code     0  _printf_percent_end.o(.ARM.Collect$$_printf_percent$$00000017)
    __rt_lib_init                            0x08000255   Thumb Code     0  libinit.o(.ARM.Collect$$libinit$$00000000)
    __rt_lib_init_fp_1                       0x08000257   Thumb Code     0  libinit2.o(.ARM.Collect$$libinit$$00000002)
    __rt_lib_init_heap_1                     0x08000257   Thumb Code     0  libinit2.o(.ARM.Collect$$libinit$$0000000A)
    __rt_lib_init_lc_common                  0x08000257   Thumb Code     0  libinit2.o(.ARM.Collect$$libinit$$0000000F)
    __rt_lib_init_preinit_1                  0x08000257   Thumb Code     0  libinit2.o(.ARM.Collect$$libinit$$00000004)
    __rt_lib_init_rand_1                     0x08000257   Thumb Code     0  libinit2.o(.ARM.Collect$$libinit$$0000000E)
    __rt_lib_init_user_alloc_1               0x08000257   Thumb Code     0  libinit2.o(.ARM.Collect$$libinit$$0000000C)
    __rt_lib_init_lc_collate_1               0x0800025d   Thumb Code     0  libinit2.o(.ARM.Collect$$libinit$$00000011)
    __rt_lib_init_lc_ctype_2                 0x0800025d   Thumb Code     0  libinit2.o(.ARM.Collect$$libinit$$00000012)
    __rt_lib_init_lc_ctype_1                 0x08000269   Thumb Code     0  libinit2.o(.ARM.Collect$$libinit$$00000013)
    __rt_lib_init_lc_monetary_1              0x08000269   Thumb Code     0  libinit2.o(.ARM.Collect$$libinit$$00000015)
    __rt_lib_init_lc_numeric_2               0x08000269   Thumb Code     0  libinit2.o(.ARM.Collect$$libinit$$00000016)
    __rt_lib_init_alloca_1                   0x08000273   Thumb Code     0  libinit2.o(.ARM.Collect$$libinit$$0000002E)
    __rt_lib_init_argv_1                     0x08000273   Thumb Code     0  libinit2.o(.ARM.Collect$$libinit$$0000002C)
    __rt_lib_init_atexit_1                   0x08000273   Thumb Code     0  libinit2.o(.ARM.Collect$$libinit$$0000001B)
    __rt_lib_init_clock_1                    0x08000273   Thumb Code     0  libinit2.o(.ARM.Collect$$libinit$$00000021)
    __rt_lib_init_cpp_1                      0x08000273   Thumb Code     0  libinit2.o(.ARM.Collect$$libinit$$00000032)
    __rt_lib_init_exceptions_1               0x08000273   Thumb Code     0  libinit2.o(.ARM.Collect$$libinit$$00000030)
    __rt_lib_init_fp_trap_1                  0x08000273   Thumb Code     0  libinit2.o(.ARM.Collect$$libinit$$0000001F)
    __rt_lib_init_getenv_1                   0x08000273   Thumb Code     0  libinit2.o(.ARM.Collect$$libinit$$00000023)
    __rt_lib_init_lc_numeric_1               0x08000273   Thumb Code     0  libinit2.o(.ARM.Collect$$libinit$$00000017)
    __rt_lib_init_lc_time_1                  0x08000273   Thumb Code     0  libinit2.o(.ARM.Collect$$libinit$$00000019)
    __rt_lib_init_return                     0x08000273   Thumb Code     0  libinit2.o(.ARM.Collect$$libinit$$00000033)
    __rt_lib_init_signal_1                   0x08000273   Thumb Code     0  libinit2.o(.ARM.Collect$$libinit$$0000001D)
    __rt_lib_init_stdio_1                    0x08000273   Thumb Code     0  libinit2.o(.ARM.Collect$$libinit$$00000025)
    __rt_lib_shutdown                        0x08000275   Thumb Code     0  libshutdown.o(.ARM.Collect$$libshutdown$$00000000)
    __rt_lib_shutdown_cpp_1                  0x08000277   Thumb Code     0  libshutdown2.o(.ARM.Collect$$libshutdown$$00000002)
    __rt_lib_shutdown_fp_trap_1              0x08000277   Thumb Code     0  libshutdown2.o(.ARM.Collect$$libshutdown$$00000007)
    __rt_lib_shutdown_heap_1                 0x08000277   Thumb Code     0  libshutdown2.o(.ARM.Collect$$libshutdown$$0000000F)
    __rt_lib_shutdown_return                 0x08000277   Thumb Code     0  libshutdown2.o(.ARM.Collect$$libshutdown$$00000010)
    __rt_lib_shutdown_signal_1               0x08000277   Thumb Code     0  libshutdown2.o(.ARM.Collect$$libshutdown$$0000000A)
    __rt_lib_shutdown_stdio_1                0x08000277   Thumb Code     0  libshutdown2.o(.ARM.Collect$$libshutdown$$00000004)
    __rt_lib_shutdown_user_alloc_1           0x08000277   Thumb Code     0  libshutdown2.o(.ARM.Collect$$libshutdown$$0000000C)
    __rt_entry                               0x08000279   Thumb Code     0  __rtentry.o(.ARM.Collect$$rtentry$$00000000)
    __rt_entry_presh_1                       0x08000279   Thumb Code     0  __rtentry2.o(.ARM.Collect$$rtentry$$00000002)
    __rt_entry_sh                            0x08000279   Thumb Code     0  __rtentry4.o(.ARM.Collect$$rtentry$$00000004)
    __rt_entry_li                            0x0800027f   Thumb Code     0  __rtentry2.o(.ARM.Collect$$rtentry$$0000000A)
    __rt_entry_postsh_1                      0x0800027f   Thumb Code     0  __rtentry2.o(.ARM.Collect$$rtentry$$00000009)
    __rt_entry_main                          0x08000283   Thumb Code     0  __rtentry2.o(.ARM.Collect$$rtentry$$0000000D)
    __rt_entry_postli_1                      0x08000283   Thumb Code     0  __rtentry2.o(.ARM.Collect$$rtentry$$0000000C)
    __rt_exit                                0x0800028b   Thumb Code     0  rtexit.o(.ARM.Collect$$rtexit$$00000000)
    __rt_exit_ls                             0x0800028d   Thumb Code     0  rtexit2.o(.ARM.Collect$$rtexit$$00000003)
    __rt_exit_prels_1                        0x0800028d   Thumb Code     0  rtexit2.o(.ARM.Collect$$rtexit$$00000002)
    __rt_exit_exit                           0x08000291   Thumb Code     0  rtexit2.o(.ARM.Collect$$rtexit$$00000004)
    Reset_Handler                            0x08000299   Thumb Code     8  startup_stm32f10x_hd.o(.text)
    ADC1_2_IRQHandler                        0x080002b3   Thumb Code     0  startup_stm32f10x_hd.o(.text)
    ADC3_IRQHandler                          0x080002b3   Thumb Code     0  startup_stm32f10x_hd.o(.text)
    CAN1_RX1_IRQHandler                      0x080002b3   Thumb Code     0  startup_stm32f10x_hd.o(.text)
    CAN1_SCE_IRQHandler                      0x080002b3   Thumb Code     0  startup_stm32f10x_hd.o(.text)
    DMA1_Channel1_IRQHandler                 0x080002b3   Thumb Code     0  startup_stm32f10x_hd.o(.text)
    DMA1_Channel2_IRQHandler                 0x080002b3   Thumb Code     0  startup_stm32f10x_hd.o(.text)
    DMA1_Channel3_IRQHandler                 0x080002b3   Thumb Code     0  startup_stm32f10x_hd.o(.text)
    DMA1_Channel4_IRQHandler                 0x080002b3   Thumb Code     0  startup_stm32f10x_hd.o(.text)
    DMA1_Channel5_IRQHandler                 0x080002b3   Thumb Code     0  startup_stm32f10x_hd.o(.text)
    DMA1_Channel6_IRQHandler                 0x080002b3   Thumb Code     0  startup_stm32f10x_hd.o(.text)
    DMA1_Channel7_IRQHandler                 0x080002b3   Thumb Code     0  startup_stm32f10x_hd.o(.text)
    DMA2_Channel1_IRQHandler                 0x080002b3   Thumb Code     0  startup_stm32f10x_hd.o(.text)
    DMA2_Channel2_IRQHandler                 0x080002b3   Thumb Code     0  startup_stm32f10x_hd.o(.text)
    DMA2_Channel3_IRQHandler                 0x080002b3   Thumb Code     0  startup_stm32f10x_hd.o(.text)
    DMA2_Channel4_5_IRQHandler               0x080002b3   Thumb Code     0  startup_stm32f10x_hd.o(.text)
    EXTI0_IRQHandler                         0x080002b3   Thumb Code     0  startup_stm32f10x_hd.o(.text)
    EXTI15_10_IRQHandler                     0x080002b3   Thumb Code     0  startup_stm32f10x_hd.o(.text)
    EXTI1_IRQHandler                         0x080002b3   Thumb Code     0  startup_stm32f10x_hd.o(.text)
    EXTI2_IRQHandler                         0x080002b3   Thumb Code     0  startup_stm32f10x_hd.o(.text)
    EXTI3_IRQHandler                         0x080002b3   Thumb Code     0  startup_stm32f10x_hd.o(.text)
    EXTI4_IRQHandler                         0x080002b3   Thumb Code     0  startup_stm32f10x_hd.o(.text)
    EXTI9_5_IRQHandler                       0x080002b3   Thumb Code     0  startup_stm32f10x_hd.o(.text)
    FLASH_IRQHandler                         0x080002b3   Thumb Code     0  startup_stm32f10x_hd.o(.text)
    FSMC_IRQHandler                          0x080002b3   Thumb Code     0  startup_stm32f10x_hd.o(.text)
    I2C1_ER_IRQHandler                       0x080002b3   Thumb Code     0  startup_stm32f10x_hd.o(.text)
    I2C1_EV_IRQHandler                       0x080002b3   Thumb Code     0  startup_stm32f10x_hd.o(.text)
    I2C2_ER_IRQHandler                       0x080002b3   Thumb Code     0  startup_stm32f10x_hd.o(.text)
    I2C2_EV_IRQHandler                       0x080002b3   Thumb Code     0  startup_stm32f10x_hd.o(.text)
    PVD_IRQHandler                           0x080002b3   Thumb Code     0  startup_stm32f10x_hd.o(.text)
    RCC_IRQHandler                           0x080002b3   Thumb Code     0  startup_stm32f10x_hd.o(.text)
    RTCAlarm_IRQHandler                      0x080002b3   Thumb Code     0  startup_stm32f10x_hd.o(.text)
    RTC_IRQHandler                           0x080002b3   Thumb Code     0  startup_stm32f10x_hd.o(.text)
    SDIO_IRQHandler                          0x080002b3   Thumb Code     0  startup_stm32f10x_hd.o(.text)
    SPI1_IRQHandler                          0x080002b3   Thumb Code     0  startup_stm32f10x_hd.o(.text)
    SPI2_IRQHandler                          0x080002b3   Thumb Code     0  startup_stm32f10x_hd.o(.text)
    SPI3_IRQHandler                          0x080002b3   Thumb Code     0  startup_stm32f10x_hd.o(.text)
    TAMPER_IRQHandler                        0x080002b3   Thumb Code     0  startup_stm32f10x_hd.o(.text)
    TIM1_BRK_IRQHandler                      0x080002b3   Thumb Code     0  startup_stm32f10x_hd.o(.text)
    TIM1_CC_IRQHandler                       0x080002b3   Thumb Code     0  startup_stm32f10x_hd.o(.text)
    TIM1_TRG_COM_IRQHandler                  0x080002b3   Thumb Code     0  startup_stm32f10x_hd.o(.text)
    TIM1_UP_IRQHandler                       0x080002b3   Thumb Code     0  startup_stm32f10x_hd.o(.text)
    TIM2_IRQHandler                          0x080002b3   Thumb Code     0  startup_stm32f10x_hd.o(.text)
    TIM3_IRQHandler                          0x080002b3   Thumb Code     0  startup_stm32f10x_hd.o(.text)
    TIM4_IRQHandler                          0x080002b3   Thumb Code     0  startup_stm32f10x_hd.o(.text)
    TIM5_IRQHandler                          0x080002b3   Thumb Code     0  startup_stm32f10x_hd.o(.text)
    TIM6_IRQHandler                          0x080002b3   Thumb Code     0  startup_stm32f10x_hd.o(.text)
    TIM7_IRQHandler                          0x080002b3   Thumb Code     0  startup_stm32f10x_hd.o(.text)
    TIM8_BRK_IRQHandler                      0x080002b3   Thumb Code     0  startup_stm32f10x_hd.o(.text)
    TIM8_CC_IRQHandler                       0x080002b3   Thumb Code     0  startup_stm32f10x_hd.o(.text)
    TIM8_TRG_COM_IRQHandler                  0x080002b3   Thumb Code     0  startup_stm32f10x_hd.o(.text)
    TIM8_UP_IRQHandler                       0x080002b3   Thumb Code     0  startup_stm32f10x_hd.o(.text)
    UART5_IRQHandler                         0x080002b3   Thumb Code     0  startup_stm32f10x_hd.o(.text)
    USART3_IRQHandler                        0x080002b3   Thumb Code     0  startup_stm32f10x_hd.o(.text)
    USBWakeUp_IRQHandler                     0x080002b3   Thumb Code     0  startup_stm32f10x_hd.o(.text)
    USB_HP_CAN1_TX_IRQHandler                0x080002b3   Thumb Code     0  startup_stm32f10x_hd.o(.text)
    USB_LP_CAN1_RX0_IRQHandler               0x080002b3   Thumb Code     0  startup_stm32f10x_hd.o(.text)
    WWDG_IRQHandler                          0x080002b3   Thumb Code     0  startup_stm32f10x_hd.o(.text)
    __user_initial_stackheap                 0x080002b5   Thumb Code     0  startup_stm32f10x_hd.o(.text)
    __c89vsnprintf                           0x080002d9   Thumb Code    48  c89vsnprintf.o(.text)
    __2snprintf                              0x0800030d   Thumb Code    50  __2snprintf.o(.text)
    _printf_pre_padding                      0x08000345   Thumb Code    44  _printf_pad.o(.text)
    _printf_post_padding                     0x08000371   Thumb Code    34  _printf_pad.o(.text)
    _printf_str                              0x08000393   Thumb Code    82  _printf_str.o(.text)
    _printf_int_dec                          0x080003e5   Thumb Code   104  _printf_dec.o(.text)
    __printf                                 0x0800045d   Thumb Code   388  __printf_flags_ss_wp.o(.text)
    strtol                                   0x080005e5   Thumb Code   112  strtol.o(.text)
    strstr                                   0x08000655   Thumb Code    36  strstr.o(.text)
    memcmp                                   0x08000679   Thumb Code    88  memcmp.o(.text)
    strlen                                   0x080006d1   Thumb Code    62  strlen.o(.text)
    __aeabi_memcpy                           0x0800070f   Thumb Code     0  rt_memcpy_v6.o(.text)
    __rt_memcpy                              0x0800070f   Thumb Code   138  rt_memcpy_v6.o(.text)
    _memcpy_lastbytes                        0x08000775   Thumb Code     0  rt_memcpy_v6.o(.text)
    __aeabi_memset                           0x08000799   Thumb Code    16  aeabi_memset.o(.text)
    __aeabi_memclr                           0x080007a9   Thumb Code     0  rt_memclr.o(.text)
    __rt_memclr                              0x080007a9   Thumb Code    68  rt_memclr.o(.text)
    _memset                                  0x080007ad   Thumb Code     0  rt_memclr.o(.text)
    __aeabi_memclr4                          0x080007ed   Thumb Code     0  rt_memclr_w.o(.text)
    __aeabi_memclr8                          0x080007ed   Thumb Code     0  rt_memclr_w.o(.text)
    __rt_memclr_w                            0x080007ed   Thumb Code    78  rt_memclr_w.o(.text)
    _memset_w                                0x080007f1   Thumb Code     0  rt_memclr_w.o(.text)
    strncpy                                  0x0800083b   Thumb Code    86  strncpy.o(.text)
    strcmp                                   0x08000891   Thumb Code   128  strcmpv7m.o(.text)
    __use_two_region_memory                  0x08000911   Thumb Code     2  heapauxi.o(.text)
    __rt_heap_escrow$2region                 0x08000913   Thumb Code     2  heapauxi.o(.text)
    __rt_heap_expand$2region                 0x08000915   Thumb Code     2  heapauxi.o(.text)
    __rt_ctype_table                         0x08000919   Thumb Code    16  rt_ctype_table.o(.text)
    __aeabi_errno_addr                       0x08000929   Thumb Code     8  rt_errno_addr_intlibspace.o(.text)
    __errno$intlibspace                      0x08000929   Thumb Code     0  rt_errno_addr_intlibspace.o(.text)
    __rt_errno_addr$intlibspace              0x08000929   Thumb Code     0  rt_errno_addr_intlibspace.o(.text)
    _printf_truncate_signed                  0x08000931   Thumb Code    18  _printf_truncate.o(.text)
    _printf_truncate_unsigned                0x08000943   Thumb Code    18  _printf_truncate.o(.text)
    _printf_int_common                       0x08000955   Thumb Code   178  _printf_intcommon.o(.text)
    _printf_charcount                        0x08000a07   Thumb Code    40  _printf_charcount.o(.text)
    _printf_char_common                      0x08000a3b   Thumb Code    32  _printf_char_common.o(.text)
    _sputc                                   0x08000a61   Thumb Code    10  _sputc.o(.text)
    _snputc                                  0x08000a6b   Thumb Code    16  _snputc.o(.text)
    _printf_cs_common                        0x08000a7b   Thumb Code    20  _printf_char.o(.text)
    _printf_char                             0x08000a8f   Thumb Code    16  _printf_char.o(.text)
    _printf_string                           0x08000a9f   Thumb Code     8  _printf_char.o(.text)
    _printf_wctomb                           0x08000aa9   Thumb Code   182  _printf_wctomb.o(.text)
    _printf_longlong_dec                     0x08000b65   Thumb Code   108  _printf_longlong_dec.o(.text)
    _printf_longlong_oct                     0x08000be1   Thumb Code    68  _printf_oct_int_ll.o(.text)
    _printf_int_oct                          0x08000c25   Thumb Code    24  _printf_oct_int_ll.o(.text)
    _printf_ll_oct                           0x08000c3d   Thumb Code    12  _printf_oct_int_ll.o(.text)
    _printf_longlong_hex                     0x08000c51   Thumb Code    86  _printf_hex_int_ll_ptr.o(.text)
    _printf_int_hex                          0x08000ca7   Thumb Code    28  _printf_hex_int_ll_ptr.o(.text)
    _printf_ll_hex                           0x08000cc3   Thumb Code    12  _printf_hex_int_ll_ptr.o(.text)
    _printf_hex_ptr                          0x08000ccf   Thumb Code    18  _printf_hex_int_ll_ptr.o(.text)
    _strtoul                                 0x08000ce5   Thumb Code   158  _strtoul.o(.text)
    __strtod_int                             0x08000dc1   Thumb Code    90  strtod.o(.text)
    __aeabi_memcpy4                          0x08000e29   Thumb Code     0  rt_memcpy_w.o(.text)
    __aeabi_memcpy8                          0x08000e29   Thumb Code     0  rt_memcpy_w.o(.text)
    __rt_memcpy_w                            0x08000e29   Thumb Code   100  rt_memcpy_w.o(.text)
    _memcpy_lastbytes_aligned                0x08000e71   Thumb Code     0  rt_memcpy_w.o(.text)
    __user_libspace                          0x08000e8d   Thumb Code     8  libspace.o(.text)
    __user_perproc_libspace                  0x08000e8d   Thumb Code     0  libspace.o(.text)
    __user_perthread_libspace                0x08000e8d   Thumb Code     0  libspace.o(.text)
    __rt_locale                              0x08000e95   Thumb Code     8  rt_locale_intlibspace.o(.text)
    _ll_udiv10                               0x08000e9d   Thumb Code   138  lludiv10.o(.text)
    isspace                                  0x08000f27   Thumb Code    18  isspace.o(.text)
    __lib_sel_fp_printf                      0x08000f39   Thumb Code     2  _printf_fp_dec.o(.text)
    _printf_fp_dec_real                      0x080010e7   Thumb Code   620  _printf_fp_dec.o(.text)
    _printf_lcs_common                       0x08001353   Thumb Code    20  _printf_wchar.o(.text)
    _printf_wchar                            0x08001367   Thumb Code    16  _printf_wchar.o(.text)
    _printf_wstring                          0x08001377   Thumb Code     8  _printf_wchar.o(.text)
    _chval                                   0x0800137f   Thumb Code    28  _chval.o(.text)
    _sgetc                                   0x0800139b   Thumb Code    30  _sgetc.o(.text)
    _sbackspace                              0x080013b9   Thumb Code    34  _sgetc.o(.text)
    _wcrtomb                                 0x080013db   Thumb Code    64  _wcrtomb.o(.text)
    __user_setup_stackheap                   0x0800141b   Thumb Code    74  sys_stackheap_outer.o(.text)
    _printf_fp_infnan                        0x08001465   Thumb Code   112  _printf_fp_infnan.o(.text)
    _scanf_really_real                       0x080016e1   Thumb Code   668  scanf_fp.o(.text)
    _btod_etento                             0x08001989   Thumb Code   216  bigflt0.o(.text)
    exit                                     0x08001a65   Thumb Code    18  exit.o(.text)
    __read_errno                             0x08001a77   Thumb Code    10  _rserrno.o(.text)
    __set_errno                              0x08001a81   Thumb Code    12  _rserrno.o(.text)
    _scanf_really_hex_real                   0x08001a8d   Thumb Code   786  scanf_hexfp.o(.text)
    _scanf_really_infnan                     0x08001dad   Thumb Code   292  scanf_infnan.o(.text)
    _sys_exit                                0x08001ee1   Thumb Code     8  sys_exit.o(.text)
    __aeabi_llsl                             0x08001eed   Thumb Code     0  llshl.o(.text)
    _ll_shift_l                              0x08001eed   Thumb Code    38  llshl.o(.text)
    __I$use$semihosting                      0x08001f13   Thumb Code     0  use_no_semi.o(.text)
    __use_no_semihosting_swi                 0x08001f13   Thumb Code     2  use_no_semi.o(.text)
    __semihosting_library_function           0x08001f15   Thumb Code     0  indicate_semi.o(.text)
    _btod_d2e                                0x08001f15   Thumb Code    62  btod.o(CL$$btod_d2e)
    _d2e_denorm_low                          0x08001f53   Thumb Code    70  btod.o(CL$$btod_d2e_denorm_low)
    _d2e_norm_op1                            0x08001f99   Thumb Code    96  btod.o(CL$$btod_d2e_norm_op1)
    __btod_div_common                        0x08001ff9   Thumb Code   696  btod.o(CL$$btod_div_common)
    _e2d                                     0x08002331   Thumb Code    80  btod.o(CL$$btod_e2d)
    _e2e                                     0x08002385   Thumb Code   198  btod.o(CL$$btod_e2e)
    _btod_ediv                               0x0800244b   Thumb Code    40  btod.o(CL$$btod_ediv)
    _btod_edivd                              0x08002473   Thumb Code    40  btod.o(CL$$btod_edivd)
    _btod_emul                               0x0800249b   Thumb Code    40  btod.o(CL$$btod_emul)
    _btod_emuld                              0x080024c3   Thumb Code    40  btod.o(CL$$btod_emuld)
    __btod_mult_common                       0x080024eb   Thumb Code   580  btod.o(CL$$btod_mult_common)
    BusFault_Handler                         0x0800272f   Thumb Code     4  stm32f10x_it.o(i.BusFault_Handler)
    DebugMon_Handler                         0x08002733   Thumb Code     2  stm32f10x_it.o(i.DebugMon_Handler)
    FLASH_ClearFlag                          0x08002735   Thumb Code     6  stm32f10x_flash.o(i.FLASH_ClearFlag)
    FLASH_ErasePage                          0x08002741   Thumb Code    72  stm32f10x_flash.o(i.FLASH_ErasePage)
    FLASH_GetBank1Status                     0x0800278d   Thumb Code    48  stm32f10x_flash.o(i.FLASH_GetBank1Status)
    FLASH_Lock                               0x080027c1   Thumb Code    14  stm32f10x_flash.o(i.FLASH_Lock)
    FLASH_ProgramHalfWord                    0x080027d5   Thumb Code    60  stm32f10x_flash.o(i.FLASH_ProgramHalfWord)
    FLASH_Unlock                             0x08002815   Thumb Code    12  stm32f10x_flash.o(i.FLASH_Unlock)
    FLASH_WaitForLastOperation               0x0800282d   Thumb Code    38  stm32f10x_flash.o(i.FLASH_WaitForLastOperation)
    GPIO_Init                                0x08002853   Thumb Code   278  stm32f10x_gpio.o(i.GPIO_Init)
    GPIO_PinRemapConfig                      0x08002969   Thumb Code   138  stm32f10x_gpio.o(i.GPIO_PinRemapConfig)
    GPIO_ResetBits                           0x080029f9   Thumb Code     4  stm32f10x_gpio.o(i.GPIO_ResetBits)
    GPIO_SetBits                             0x080029fd   Thumb Code     4  stm32f10x_gpio.o(i.GPIO_SetBits)
    HardFault_Handler                        0x08002a01   Thumb Code     4  stm32f10x_it.o(i.HardFault_Handler)
    IWDG_Enable                              0x08002a05   Thumb Code    10  stm32f10x_iwdg.o(i.IWDG_Enable)
    IWDG_ReloadCounter                       0x08002a15   Thumb Code    10  stm32f10x_iwdg.o(i.IWDG_ReloadCounter)
    IWDG_SetPrescaler                        0x08002a25   Thumb Code     6  stm32f10x_iwdg.o(i.IWDG_SetPrescaler)
    IWDG_SetReload                           0x08002a31   Thumb Code     6  stm32f10x_iwdg.o(i.IWDG_SetReload)
    IWDG_WriteAccessCmd                      0x08002a3d   Thumb Code     6  stm32f10x_iwdg.o(i.IWDG_WriteAccessCmd)
    MemManage_Handler                        0x08002a49   Thumb Code     4  stm32f10x_it.o(i.MemManage_Handler)
    NMI_Handler                              0x08002a4d   Thumb Code     2  stm32f10x_it.o(i.NMI_Handler)
    NVIC_Init                                0x08002a51   Thumb Code   100  misc.o(i.NVIC_Init)
    PendSV_Handler                           0x08002ac1   Thumb Code     2  stm32f10x_it.o(i.PendSV_Handler)
    RCC_APB1PeriphClockCmd                   0x08002ac5   Thumb Code    26  stm32f10x_rcc.o(i.RCC_APB1PeriphClockCmd)
    RCC_APB2PeriphClockCmd                   0x08002ae5   Thumb Code    26  stm32f10x_rcc.o(i.RCC_APB2PeriphClockCmd)
    RCC_GetClocksFreq                        0x08002b05   Thumb Code   192  stm32f10x_rcc.o(i.RCC_GetClocksFreq)
    SVC_Handler                              0x08002bd9   Thumb Code     2  stm32f10x_it.o(i.SVC_Handler)
    SysTick_Handler                          0x08002cc5   Thumb Code    12  drv_tim.o(i.SysTick_Handler)
    SystemInit                               0x08002cd5   Thumb Code    78  system_stm32f10x.o(i.SystemInit)
    UART4_IRQHandler                         0x08002d35   Thumb Code    32  drv_usart.o(i.UART4_IRQHandler)
    USART1_IRQHandler                        0x08002d5d   Thumb Code    32  drv_usart.o(i.USART1_IRQHandler)
    USART2_IRQHandler                        0x08002d85   Thumb Code    32  drv_usart.o(i.USART2_IRQHandler)
    USART_Cmd                                0x08002dad   Thumb Code    24  stm32f10x_usart.o(i.USART_Cmd)
    USART_GetFlagStatus                      0x08002dc5   Thumb Code    26  stm32f10x_usart.o(i.USART_GetFlagStatus)
    USART_GetITStatus                        0x08002ddf   Thumb Code    84  stm32f10x_usart.o(i.USART_GetITStatus)
    USART_ITConfig                           0x08002e33   Thumb Code    74  stm32f10x_usart.o(i.USART_ITConfig)
    USART_Init                               0x08002e7d   Thumb Code   210  stm32f10x_usart.o(i.USART_Init)
    USART_ReceiveData                        0x08002f55   Thumb Code    10  stm32f10x_usart.o(i.USART_ReceiveData)
    USART_SendData                           0x08002f5f   Thumb Code     8  stm32f10x_usart.o(i.USART_SendData)
    UsageFault_Handler                       0x08002f67   Thumb Code     4  stm32f10x_it.o(i.UsageFault_Handler)
    __ARM_fpclassify                         0x08002f6b   Thumb Code    40  fpclassify.o(i.__ARM_fpclassify)
    __mathlib_dbl_overflow                   0x08002f93   Thumb Code    14  dunder.o(i.__mathlib_dbl_overflow)
    __mathlib_dbl_underflow                  0x08002fa1   Thumb Code    10  dunder.o(i.__mathlib_dbl_underflow)
    __mathlib_narrow                         0x08002fb1   Thumb Code    16  narrow.o(i.__mathlib_narrow)
    __mathlib_tofloat                        0x08002fc1   Thumb Code   132  narrow.o(i.__mathlib_tofloat)
    __support_ldexp                          0x08003049   Thumb Code    22  ldexp.o(i.__support_ldexp)
    _is_digit                                0x0800305f   Thumb Code    14  __printf_wp.o(i._is_digit)
    automation_alarm_text                    0x08003149   Thumb Code     4  automation.o(i.automation_alarm_text)
    automation_init                          0x08003151   Thumb Code    36  automation.o(i.automation_init)
    automation_on_offline                    0x08003185   Thumb Code    80  automation.o(i.automation_on_offline)
    automation_on_sample                     0x080031f1   Thumb Code   300  automation.o(i.automation_on_sample)
    automation_reload                        0x08003341   Thumb Code    16  automation.o(i.automation_reload)
    automation_tick                          0x08003355   Thumb Code     2  automation.o(i.automation_tick)
    bsp_clock_init                           0x08003357   Thumb Code    12  bsp_clock.o(i.bsp_clock_init)
    bsp_log_init                             0x08003363   Thumb Code     2  bsp_log.o(i.bsp_log_init)
    bsp_log_write                            0x08003365   Thumb Code   130  bsp_log.o(i.bsp_log_write)
    cc2530_reset_pulse                       0x08003405   Thumb Code    26  drv_gpio.o(i.cc2530_reset_pulse)
    config_default                           0x08003425   Thumb Code    44  thresholds.o(i.config_default)
    config_load                              0x08003451   Thumb Code    98  thresholds.o(i.config_load)
    config_save                              0x080034b9   Thumb Code    96  thresholds.o(i.config_save)
    crc32_ieee                               0x0800351d   Thumb Code    54  drv_flash.o(i.crc32_ieee)
    drv_delay_ms                             0x08003559   Thumb Code    20  drv_tim.o(i.drv_delay_ms)
    drv_flash_config_page_addr               0x08003571   Thumb Code    32  drv_flash.o(i.drv_flash_config_page_addr)
    drv_flash_erase_page                     0x08003595   Thumb Code    40  drv_flash.o(i.drv_flash_erase_page)
    drv_flash_page_size                      0x080035bd   Thumb Code     6  drv_flash.o(i.drv_flash_page_size)
    drv_flash_read                           0x080035c3   Thumb Code    22  drv_flash.o(i.drv_flash_read)
    drv_flash_write                          0x080035d9   Thumb Code   112  drv_flash.o(i.drv_flash_write)
    drv_gpio_init_board                      0x08003649   Thumb Code   160  drv_gpio.o(i.drv_gpio_init_board)
    drv_oled_clear                           0x080036f9   Thumb Code    36  drv_oled.o(i.drv_oled_clear)
    drv_oled_draw_point                      0x08003721   Thumb Code    72  drv_oled.o(i.drv_oled_draw_point)
    drv_oled_init                            0x0800376d   Thumb Code   246  drv_oled.o(i.drv_oled_init)
    drv_oled_refresh                         0x08003865   Thumb Code    70  drv_oled.o(i.drv_oled_refresh)
    drv_oled_show_char                       0x080038b1   Thumb Code   116  drv_oled.o(i.drv_oled_show_char)
    drv_oled_show_string                     0x08003929   Thumb Code    42  drv_oled.o(i.drv_oled_show_string)
    drv_tim_init                             0x08003955   Thumb Code    84  drv_tim.o(i.drv_tim_init)
    drv_usart_init_all                       0x080039b5   Thumb Code   244  drv_usart.o(i.drv_usart_init_all)
    frame_encode                             0x08003f3d   Thumb Code   148  frame.o(i.frame_encode)
    frame_parser_feed                        0x08003fd5   Thumb Code   316  frame.o(i.frame_parser_feed)
    frame_parser_init                        0x08004115   Thumb Code    26  frame.o(i.frame_parser_init)
    frexp                                    0x08004131   Thumb Code    80  frexp.o(i.frexp)
    gw_main_init                             0x08004189   Thumb Code   104  gw_main.o(i.gw_main_init)
    gw_main_run                              0x08004221   Thumb Code   208  gw_main.o(i.gw_main_run)
    json_add_fp2                             0x080043b1   Thumb Code    90  json.o(i.json_add_fp2)
    json_add_int                             0x0800441d   Thumb Code    72  json.o(i.json_add_int)
    json_add_str                             0x08004471   Thumb Code    76  json.o(i.json_add_str)
    json_add_uint                            0x080044c9   Thumb Code    72  json.o(i.json_add_uint)
    json_begin                               0x0800451d   Thumb Code    24  json.o(i.json_begin)
    json_end                                 0x08004535   Thumb Code    50  json.o(i.json_end)
    json_get_float                           0x08004567   Thumb Code    72  json.o(i.json_get_float)
    json_get_int                             0x080045af   Thumb Code    64  json.o(i.json_get_int)
    json_get_string                          0x080045ef   Thumb Code   102  json.o(i.json_get_string)
    json_get_uint                            0x08004655   Thumb Code    54  json.o(i.json_get_uint)
    ldexp                                    0x0800468b   Thumb Code   116  ldexp.o(i.ldexp)
    main                                     0x080046ff   Thumb Code    14  main.o(i.main)
    ms_now                                   0x0800472d   Thumb Code     6  drv_tim.o(i.ms_now)
    oled_view_init                           0x08004771   Thumb Code    26  oled_view.o(i.oled_view_init)
    oled_view_tick                           0x08004795   Thumb Code   280  oled_view.o(i.oled_view_tick)
    oled_view_update                         0x0800490d   Thumb Code    18  oled_view.o(i.oled_view_update)
    router_cmd_onoff                         0x08004e3d   Thumb Code    68  router.o(i.router_cmd_onoff)
    router_init                              0x08004e81   Thumb Code    28  router.o(i.router_init)
    router_node                              0x08004ea9   Thumb Code    40  router.o(i.router_node)
    router_node1_id                          0x08004edd   Thumb Code     6  router.o(i.router_node1_id)
    router_node2_id                          0x08004ee9   Thumb Code     6  router.o(i.router_node2_id)
    router_on_json_line                      0x08004ef5   Thumb Code   206  router.o(i.router_on_json_line)
    router_on_zb_frame                       0x08005009   Thumb Code    92  router.o(i.router_on_zb_frame)
    strtod                                   0x080052d5   Thumb Code    28  strtod.o(i.strtod)
    usart_log_write                          0x08005375   Thumb Code    18  drv_usart.o(i.usart_log_write)
    wifi_en_set                              0x0800538d   Thumb Code    30  drv_gpio.o(i.wifi_en_set)
    wifi_link_init                           0x080053b1   Thumb Code    30  wifi_link.o(i.wifi_link_init)
    wifi_link_is_up                          0x080053e9   Thumb Code    16  wifi_link.o(i.wifi_link_is_up)
    wifi_link_poll                           0x080053fd   Thumb Code   138  wifi_link.o(i.wifi_link_poll)
    wifi_link_send_line                      0x08005499   Thumb Code    50  wifi_link.o(i.wifi_link_send_line)
    wifi_link_tick                           0x080054d5   Thumb Code   332  wifi_link.o(i.wifi_link_tick)
    wifi_uart_read                           0x0800569d   Thumb Code    18  drv_usart.o(i.wifi_uart_read)
    wifi_uart_rx_available                   0x080056b5   Thumb Code    10  drv_usart.o(i.wifi_uart_rx_available)
    wifi_uart_write                          0x080056c5   Thumb Code    18  drv_usart.o(i.wifi_uart_write)
    zb_link_alive                            0x080056dd   Thumb Code     6  zb_link.o(i.zb_link_alive)
    zb_link_init                             0x080056e9   Thumb Code    34  zb_link.o(i.zb_link_init)
    zb_link_poll                             0x08005725   Thumb Code    76  zb_link.o(i.zb_link_poll)
    zb_link_send                             0x08005779   Thumb Code    56  zb_link.o(i.zb_link_send)
    zb_link_tick                             0x080057b5   Thumb Code   112  zb_link.o(i.zb_link_tick)
    zb_uart_read                             0x0800585d   Thumb Code    18  drv_usart.o(i.zb_uart_read)
    zb_uart_rx_available                     0x08005875   Thumb Code    10  drv_usart.o(i.zb_uart_rx_available)
    zb_uart_write                            0x08005885   Thumb Code    18  drv_usart.o(i.zb_uart_write)
    _get_lc_ctype                            0x0800589d   Thumb Code    44  lc_ctype_c.o(locale$$code)
    _get_lc_numeric                          0x080058c9   Thumb Code    44  lc_numeric_c.o(locale$$code)
    __aeabi_d2f                              0x080058f5   Thumb Code     0  d2f.o(x$fpl$d2f)
    _d2f                                     0x080058f5   Thumb Code    98  d2f.o(x$fpl$d2f)
    __fpl_dcheck_NaN1                        0x08005959   Thumb Code    10  dcheck1.o(x$fpl$dcheck1)
    __fpl_dcmp_Inf                           0x08005969   Thumb Code    24  dcmpi.o(x$fpl$dcmpinf)
    __aeabi_cdcmpeq                          0x08005981   Thumb Code     0  deqf.o(x$fpl$deqf)
    _dcmpeq                                  0x08005981   Thumb Code   120  deqf.o(x$fpl$deqf)
    __aeabi_cdcmple                          0x080059f9   Thumb Code     0  dleqf.o(x$fpl$dleqf)
    _dcmple                                  0x080059f9   Thumb Code   120  dleqf.o(x$fpl$dleqf)
    __fpl_dcmple_InfNaN                      0x08005a5b   Thumb Code     0  dleqf.o(x$fpl$dleqf)
    __fpl_dnaninf                            0x08005a71   Thumb Code   156  dnaninf.o(x$fpl$dnaninf)
    __aeabi_cdrcmple                         0x08005b0d   Thumb Code     0  drleqf.o(x$fpl$drleqf)
    _drcmple                                 0x08005b0d   Thumb Code   108  drleqf.o(x$fpl$drleqf)
    __aeabi_f2iz                             0x08005b79   Thumb Code     0  ffix.o(x$fpl$ffix)
    _ffix                                    0x08005b79   Thumb Code    54  ffix.o(x$fpl$ffix)
    __aeabi_f2uiz                            0x08005bb1   Thumb Code     0  ffixu.o(x$fpl$ffixu)
    _ffixu                                   0x08005bb1   Thumb Code    62  ffixu.o(x$fpl$ffixu)
    __aeabi_fmul                             0x08005bf1   Thumb Code     0  fmul.o(x$fpl$fmul)
    _fmul                                    0x08005bf1   Thumb Code   258  fmul.o(x$fpl$fmul)
    __fpl_fnaninf                            0x08005cf3   Thumb Code   140  fnaninf.o(x$fpl$fnaninf)
    __fpl_fretinf                            0x08005d7f   Thumb Code    10  fretinf.o(x$fpl$fretinf)
    _printf_fp_dec                           0x08005d89   Thumb Code     4  printf1.o(x$fpl$printf1)
    __fpl_return_NaN                         0x08005d8d   Thumb Code   100  retnan.o(x$fpl$retnan)
    __ARM_scalbn                             0x08005df1   Thumb Code    92  scalbn.o(x$fpl$scalbn)
    _scanf_real                              0x08005e4d   Thumb Code     4  scanf1.o(x$fpl$scanf1)
    _scanf_hex_real                          0x08005e51   Thumb Code     4  scanf2.o(x$fpl$scanf2)
    _scanf_infnan                            0x08005e55   Thumb Code     4  scanf2.o(x$fpl$scanf2)
    __fpl_cmpreturn                          0x08005e59   Thumb Code    48  trapv.o(x$fpl$trapveneer)
    __I$use$fp                               0x08005e88   Number         0  usenofp.o(x$fpl$usenofp)
    Region$$Table$$Base                      0x08006654   Number         0  anon$$obj.o(Region$$Table)
    Region$$Table$$Limit                     0x08006674   Number         0  anon$$obj.o(Region$$Table)
    __aeabi_HUGE_VAL                         0x08006674   Data           0  fpconst.o(c$$dinf)
    __aeabi_HUGE_VALL                        0x08006674   Data           0  fpconst.o(c$$dinf)
    __aeabi_INFINITY                         0x08006674   Data           0  fpconst.o(c$$dinf)
    __dInf                                   0x08006674   Data           0  fpconst.o(c$$dinf)
    __huge_val                               0x08006674   Data           0  fpconst.o(c$$dinf)
    __ctype                                  0x08006689   Data           0  lc_ctype_c.o(locale$$data)
    SystemCoreClock                          0x20000000   Data           4  system_stm32f10x.o(.data)
    AHBPrescTable                            0x20000004   Data          16  system_stm32f10x.o(.data)
    __libspace_start                         0x20000cf8   Data          96  libspace.o(.bss)
    __temporary_stack_top$libspace           0x20000d58   Data           0  libspace.o(.bss)



==============================================================================

Memory Map of the image

  Image Entry point : 0x08000131

  Load Region LR_IROM1 (Base: 0x08000000, Size: 0x00006b40, Max: 0x00040000, ABSOLUTE, COMPRESSED[0x000067e0])

    Execution Region ER_IROM1 (Base: 0x08000000, Size: 0x000067a8, Max: 0x00040000, ABSOLUTE)

    Base Addr    Size         Type   Attr      Idx    E Section Name        Object

    0x08000000   0x00000130   Data   RO         1178    RESET               startup_stm32f10x_hd.o
    0x08000130   0x00000008   Code   RO         4213  * !!!main             c_w.l(__main.o)
    0x08000138   0x00000034   Code   RO         4621    !!!scatter          c_w.l(__scatter.o)
    0x0800016c   0x0000003a   Code   RO         4619    !!dczerorl          c_w.l(__dczerorl.o)
    0x080001a6   0x00000002   PAD
    0x080001a8   0x0000001c   Code   RO         4623    !!handler_zi        c_w.l(__scatter_zi.o)
    0x080001c4   0x00000000   Code   RO         4190    .ARM.Collect$$_printf_percent$$00000000  c_w.l(_printf_percent.o)
    0x080001c4   0x00000006   Code   RO         4285    .ARM.Collect$$_printf_percent$$00000001  c_w.l(_printf_n.o)
    0x080001ca   0x00000006   Code   RO         4287    .ARM.Collect$$_printf_percent$$00000002  c_w.l(_printf_p.o)
    0x080001d0   0x00000006   Code   RO         4290    .ARM.Collect$$_printf_percent$$00000003  c_w.l(_printf_f.o)
    0x080001d6   0x00000006   Code   RO         4291    .ARM.Collect$$_printf_percent$$00000004  c_w.l(_printf_e.o)
    0x080001dc   0x00000006   Code   RO         4292    .ARM.Collect$$_printf_percent$$00000005  c_w.l(_printf_g.o)
    0x080001e2   0x00000006   Code   RO         4293    .ARM.Collect$$_printf_percent$$00000006  c_w.l(_printf_a.o)
    0x080001e8   0x0000000a   Code   RO         4298    .ARM.Collect$$_printf_percent$$00000007  c_w.l(_printf_ll.o)
    0x080001f2   0x00000006   Code   RO         4289    .ARM.Collect$$_printf_percent$$00000008  c_w.l(_printf_i.o)
    0x080001f8   0x00000006   Code   RO         4188    .ARM.Collect$$_printf_percent$$00000009  c_w.l(_printf_d.o)
    0x080001fe   0x00000006   Code   RO         4189    .ARM.Collect$$_printf_percent$$0000000A  c_w.l(_printf_u.o)
    0x08000204   0x00000006   Code   RO         4288    .ARM.Collect$$_printf_percent$$0000000B  c_w.l(_printf_o.o)
    0x0800020a   0x00000006   Code   RO         4286    .ARM.Collect$$_printf_percent$$0000000C  c_w.l(_printf_x.o)
    0x08000210   0x00000006   Code   RO         4295    .ARM.Collect$$_printf_percent$$0000000D  c_w.l(_printf_lli.o)
    0x08000216   0x00000006   Code   RO         4296    .ARM.Collect$$_printf_percent$$0000000E  c_w.l(_printf_lld.o)
    0x0800021c   0x00000006   Code   RO         4297    .ARM.Collect$$_printf_percent$$0000000F  c_w.l(_printf_llu.o)
    0x08000222   0x00000006   Code   RO         4302    .ARM.Collect$$_printf_percent$$00000010  c_w.l(_printf_llo.o)
    0x08000228   0x00000006   Code   RO         4303    .ARM.Collect$$_printf_percent$$00000011  c_w.l(_printf_llx.o)
    0x0800022e   0x0000000a   Code   RO         4299    .ARM.Collect$$_printf_percent$$00000012  c_w.l(_printf_l.o)
    0x08000238   0x00000006   Code   RO         4186    .ARM.Collect$$_printf_percent$$00000013  c_w.l(_printf_c.o)
    0x0800023e   0x00000006   Code   RO         4187    .ARM.Collect$$_printf_percent$$00000014  c_w.l(_printf_s.o)
    0x08000244   0x00000006   Code   RO         4300    .ARM.Collect$$_printf_percent$$00000015  c_w.l(_printf_lc.o)
    0x0800024a   0x00000006   Code   RO         4301    .ARM.Collect$$_printf_percent$$00000016  c_w.l(_printf_ls.o)
    0x08000250   0x00000004   Code   RO         4294    .ARM.Collect$$_printf_percent$$00000017  c_w.l(_printf_percent_end.o)
    0x08000254   0x00000002   Code   RO         4404    .ARM.Collect$$libinit$$00000000  c_w.l(libinit.o)
    0x08000256   0x00000000   Code   RO         4406    .ARM.Collect$$libinit$$00000002  c_w.l(libinit2.o)
    0x08000256   0x00000000   Code   RO         4408    .ARM.Collect$$libinit$$00000004  c_w.l(libinit2.o)
    0x08000256   0x00000000   Code   RO         4411    .ARM.Collect$$libinit$$0000000A  c_w.l(libinit2.o)
    0x08000256   0x00000000   Code   RO         4413    .ARM.Collect$$libinit$$0000000C  c_w.l(libinit2.o)
    0x08000256   0x00000000   Code   RO         4415    .ARM.Collect$$libinit$$0000000E  c_w.l(libinit2.o)
    0x08000256   0x00000006   Code   RO         4416    .ARM.Collect$$libinit$$0000000F  c_w.l(libinit2.o)
    0x0800025c   0x00000000   Code   RO         4418    .ARM.Collect$$libinit$$00000011  c_w.l(libinit2.o)
    0x0800025c   0x0000000c   Code   RO         4419    .ARM.Collect$$libinit$$00000012  c_w.l(libinit2.o)
    0x08000268   0x00000000   Code   RO         4420    .ARM.Collect$$libinit$$00000013  c_w.l(libinit2.o)
    0x08000268   0x00000000   Code   RO         4422    .ARM.Collect$$libinit$$00000015  c_w.l(libinit2.o)
    0x08000268   0x0000000a   Code   RO         4423    .ARM.Collect$$libinit$$00000016  c_w.l(libinit2.o)
    0x08000272   0x00000000   Code   RO         4424    .ARM.Collect$$libinit$$00000017  c_w.l(libinit2.o)
    0x08000272   0x00000000   Code   RO         4426    .ARM.Collect$$libinit$$00000019  c_w.l(libinit2.o)
    0x08000272   0x00000000   Code   RO         4428    .ARM.Collect$$libinit$$0000001B  c_w.l(libinit2.o)
    0x08000272   0x00000000   Code   RO         4430    .ARM.Collect$$libinit$$0000001D  c_w.l(libinit2.o)
    0x08000272   0x00000000   Code   RO         4432    .ARM.Collect$$libinit$$0000001F  c_w.l(libinit2.o)
    0x08000272   0x00000000   Code   RO         4434    .ARM.Collect$$libinit$$00000021  c_w.l(libinit2.o)
    0x08000272   0x00000000   Code   RO         4436    .ARM.Collect$$libinit$$00000023  c_w.l(libinit2.o)
    0x08000272   0x00000000   Code   RO         4438    .ARM.Collect$$libinit$$00000025  c_w.l(libinit2.o)
    0x08000272   0x00000000   Code   RO         4442    .ARM.Collect$$libinit$$0000002C  c_w.l(libinit2.o)
    0x08000272   0x00000000   Code   RO         4444    .ARM.Collect$$libinit$$0000002E  c_w.l(libinit2.o)
    0x08000272   0x00000000   Code   RO         4446    .ARM.Collect$$libinit$$00000030  c_w.l(libinit2.o)
    0x08000272   0x00000000   Code   RO         4448    .ARM.Collect$$libinit$$00000032  c_w.l(libinit2.o)
    0x08000272   0x00000002   Code   RO         4449    .ARM.Collect$$libinit$$00000033  c_w.l(libinit2.o)
    0x08000274   0x00000002   Code   RO         4514    .ARM.Collect$$libshutdown$$00000000  c_w.l(libshutdown.o)
    0x08000276   0x00000000   Code   RO         4543    .ARM.Collect$$libshutdown$$00000002  c_w.l(libshutdown2.o)
    0x08000276   0x00000000   Code   RO         4545    .ARM.Collect$$libshutdown$$00000004  c_w.l(libshutdown2.o)
    0x08000276   0x00000000   Code   RO         4548    .ARM.Collect$$libshutdown$$00000007  c_w.l(libshutdown2.o)
    0x08000276   0x00000000   Code   RO         4551    .ARM.Collect$$libshutdown$$0000000A  c_w.l(libshutdown2.o)
    0x08000276   0x00000000   Code   RO         4553    .ARM.Collect$$libshutdown$$0000000C  c_w.l(libshutdown2.o)
    0x08000276   0x00000000   Code   RO         4556    .ARM.Collect$$libshutdown$$0000000F  c_w.l(libshutdown2.o)
    0x08000276   0x00000002   Code   RO         4557    .ARM.Collect$$libshutdown$$00000010  c_w.l(libshutdown2.o)
    0x08000278   0x00000000   Code   RO         4231    .ARM.Collect$$rtentry$$00000000  c_w.l(__rtentry.o)
    0x08000278   0x00000000   Code   RO         4323    .ARM.Collect$$rtentry$$00000002  c_w.l(__rtentry2.o)
    0x08000278   0x00000006   Code   RO         4335    .ARM.Collect$$rtentry$$00000004  c_w.l(__rtentry4.o)
    0x0800027e   0x00000000   Code   RO         4325    .ARM.Collect$$rtentry$$00000009  c_w.l(__rtentry2.o)
    0x0800027e   0x00000004   Code   RO         4326    .ARM.Collect$$rtentry$$0000000A  c_w.l(__rtentry2.o)
    0x08000282   0x00000000   Code   RO         4328    .ARM.Collect$$rtentry$$0000000C  c_w.l(__rtentry2.o)
    0x08000282   0x00000008   Code   RO         4329    .ARM.Collect$$rtentry$$0000000D  c_w.l(__rtentry2.o)
    0x0800028a   0x00000002   Code   RO         4454    .ARM.Collect$$rtexit$$00000000  c_w.l(rtexit.o)
    0x0800028c   0x00000000   Code   RO         4476    .ARM.Collect$$rtexit$$00000002  c_w.l(rtexit2.o)
    0x0800028c   0x00000004   Code   RO         4477    .ARM.Collect$$rtexit$$00000003  c_w.l(rtexit2.o)
    0x08000290   0x00000006   Code   RO         4478    .ARM.Collect$$rtexit$$00000004  c_w.l(rtexit2.o)
    0x08000296   0x00000002   PAD
    0x08000298   0x00000040   Code   RO         1179    .text               startup_stm32f10x_hd.o
    0x080002d8   0x00000034   Code   RO         4152    .text               c_w.l(c89vsnprintf.o)
    0x0800030c   0x00000038   Code   RO         4154    .text               c_w.l(__2snprintf.o)
    0x08000344   0x0000004e   Code   RO         4160    .text               c_w.l(_printf_pad.o)
    0x08000392   0x00000052   Code   RO         4162    .text               c_w.l(_printf_str.o)
    0x080003e4   0x00000078   Code   RO         4164    .text               c_w.l(_printf_dec.o)
    0x0800045c   0x00000188   Code   RO         4183    .text               c_w.l(__printf_flags_ss_wp.o)
    0x080005e4   0x00000070   Code   RO         4191    .text               c_w.l(strtol.o)
    0x08000654   0x00000024   Code   RO         4193    .text               c_w.l(strstr.o)
    0x08000678   0x00000058   Code   RO         4195    .text               c_w.l(memcmp.o)
    0x080006d0   0x0000003e   Code   RO         4197    .text               c_w.l(strlen.o)
    0x0800070e   0x0000008a   Code   RO         4199    .text               c_w.l(rt_memcpy_v6.o)
    0x08000798   0x00000010   Code   RO         4201    .text               c_w.l(aeabi_memset.o)
    0x080007a8   0x00000044   Code   RO         4203    .text               c_w.l(rt_memclr.o)
    0x080007ec   0x0000004e   Code   RO         4205    .text               c_w.l(rt_memclr_w.o)
    0x0800083a   0x00000056   Code   RO         4207    .text               c_w.l(strncpy.o)
    0x08000890   0x00000080   Code   RO         4209    .text               c_w.l(strcmpv7m.o)
    0x08000910   0x00000006   Code   RO         4211    .text               c_w.l(heapauxi.o)
    0x08000916   0x00000002   PAD
    0x08000918   0x00000010   Code   RO         4232    .text               c_w.l(rt_ctype_table.o)
    0x08000928   0x00000008   Code   RO         4237    .text               c_w.l(rt_errno_addr_intlibspace.o)
    0x08000930   0x00000024   Code   RO         4239    .text               c_w.l(_printf_truncate.o)
    0x08000954   0x000000b2   Code   RO         4241    .text               c_w.l(_printf_intcommon.o)
    0x08000a06   0x00000028   Code   RO         4243    .text               c_w.l(_printf_charcount.o)
    0x08000a2e   0x00000002   PAD
    0x08000a30   0x00000030   Code   RO         4245    .text               c_w.l(_printf_char_common.o)
    0x08000a60   0x0000000a   Code   RO         4247    .text               c_w.l(_sputc.o)
    0x08000a6a   0x00000010   Code   RO         4249    .text               c_w.l(_snputc.o)
    0x08000a7a   0x0000002c   Code   RO         4251    .text               c_w.l(_printf_char.o)
    0x08000aa6   0x00000002   PAD
    0x08000aa8   0x000000bc   Code   RO         4253    .text               c_w.l(_printf_wctomb.o)
    0x08000b64   0x0000007c   Code   RO         4256    .text               c_w.l(_printf_longlong_dec.o)
    0x08000be0   0x00000070   Code   RO         4262    .text               c_w.l(_printf_oct_int_ll.o)
    0x08000c50   0x00000094   Code   RO         4282    .text               c_w.l(_printf_hex_int_ll_ptr.o)
    0x08000ce4   0x0000009e   Code   RO         4304    .text               c_w.l(_strtoul.o)
    0x08000d82   0x00000002   PAD
    0x08000d84   0x000000a4   Code   RO         4306    .text               c_w.l(strtod.o)
    0x08000e28   0x00000064   Code   RO         4308    .text               c_w.l(rt_memcpy_w.o)
    0x08000e8c   0x00000008   Code   RO         4319    .text               c_w.l(libspace.o)
    0x08000e94   0x00000008   Code   RO         4340    .text               c_w.l(rt_locale_intlibspace.o)
    0x08000e9c   0x0000008a   Code   RO         4342    .text               c_w.l(lludiv10.o)
    0x08000f26   0x00000012   Code   RO         4344    .text               c_w.l(isspace.o)
    0x08000f38   0x0000041a   Code   RO         4346    .text               c_w.l(_printf_fp_dec.o)
    0x08001352   0x0000002c   Code   RO         4350    .text               c_w.l(_printf_wchar.o)
    0x0800137e   0x0000001c   Code   RO         4352    .text               c_w.l(_chval.o)
    0x0800139a   0x00000040   Code   RO         4354    .text               c_w.l(_sgetc.o)
    0x080013da   0x00000040   Code   RO         4356    .text               c_w.l(_wcrtomb.o)
    0x0800141a   0x0000004a   Code   RO         4366    .text               c_w.l(sys_stackheap_outer.o)
    0x08001464   0x00000080   Code   RO         4368    .text               c_w.l(_printf_fp_infnan.o)
    0x080014e4   0x000004a4   Code   RO         4370    .text               c_w.l(scanf_fp.o)
    0x08001988   0x000000dc   Code   RO         4372    .text               c_w.l(bigflt0.o)
    0x08001a64   0x00000012   Code   RO         4397    .text               c_w.l(exit.o)
    0x08001a76   0x00000016   Code   RO         4482    .text               c_w.l(_rserrno.o)
    0x08001a8c   0x00000320   Code   RO         4484    .text               c_w.l(scanf_hexfp.o)
    0x08001dac   0x00000134   Code   RO         4486    .text               c_w.l(scanf_infnan.o)
    0x08001ee0   0x0000000c   Code   RO         4502    .text               c_w.l(sys_exit.o)
    0x08001eec   0x00000026   Code   RO         4506    .text               c_w.l(llshl.o)
    0x08001f12   0x00000002   Code   RO         4533    .text               c_w.l(use_no_semi.o)
    0x08001f14   0x00000000   Code   RO         4535    .text               c_w.l(indicate_semi.o)
    0x08001f14   0x0000003e   Code   RO         4375    CL$$btod_d2e        c_w.l(btod.o)
    0x08001f52   0x00000046   Code   RO         4377    CL$$btod_d2e_denorm_low  c_w.l(btod.o)
    0x08001f98   0x00000060   Code   RO         4376    CL$$btod_d2e_norm_op1  c_w.l(btod.o)
    0x08001ff8   0x00000338   Code   RO         4385    CL$$btod_div_common  c_w.l(btod.o)
    0x08002330   0x00000054   Code   RO         4383    CL$$btod_e2d        c_w.l(btod.o)
    0x08002384   0x000000c6   Code   RO         4382    CL$$btod_e2e        c_w.l(btod.o)
    0x0800244a   0x00000028   Code   RO         4379    CL$$btod_ediv       c_w.l(btod.o)
    0x08002472   0x00000028   Code   RO         4381    CL$$btod_edivd      c_w.l(btod.o)
    0x0800249a   0x00000028   Code   RO         4378    CL$$btod_emul       c_w.l(btod.o)
    0x080024c2   0x00000028   Code   RO         4380    CL$$btod_emuld      c_w.l(btod.o)
    0x080024ea   0x00000244   Code   RO         4384    CL$$btod_mult_common  c_w.l(btod.o)
    0x0800272e   0x00000004   Code   RO           18    i.BusFault_Handler  stm32f10x_it.o
    0x08002732   0x00000002   Code   RO           19    i.DebugMon_Handler  stm32f10x_it.o
    0x08002734   0x0000000c   Code   RO         2034    i.FLASH_ClearFlag   stm32f10x_flash.o
    0x08002740   0x0000004c   Code   RO         2039    i.FLASH_ErasePage   stm32f10x_flash.o
    0x0800278c   0x00000034   Code   RO         2040    i.FLASH_GetBank1Status  stm32f10x_flash.o
    0x080027c0   0x00000014   Code   RO         2049    i.FLASH_Lock        stm32f10x_flash.o
    0x080027d4   0x00000040   Code   RO         2052    i.FLASH_ProgramHalfWord  stm32f10x_flash.o
    0x08002814   0x00000018   Code   RO         2057    i.FLASH_Unlock      stm32f10x_flash.o
    0x0800282c   0x00000026   Code   RO         2061    i.FLASH_WaitForLastOperation  stm32f10x_flash.o
    0x08002852   0x00000116   Code   RO         2334    i.GPIO_Init         stm32f10x_gpio.o
    0x08002968   0x00000090   Code   RO         2336    i.GPIO_PinRemapConfig  stm32f10x_gpio.o
    0x080029f8   0x00000004   Code   RO         2341    i.GPIO_ResetBits    stm32f10x_gpio.o
    0x080029fc   0x00000004   Code   RO         2342    i.GPIO_SetBits      stm32f10x_gpio.o
    0x08002a00   0x00000004   Code   RO           20    i.HardFault_Handler  stm32f10x_it.o
    0x08002a04   0x00000010   Code   RO         2646    i.IWDG_Enable       stm32f10x_iwdg.o
    0x08002a14   0x00000010   Code   RO         2648    i.IWDG_ReloadCounter  stm32f10x_iwdg.o
    0x08002a24   0x0000000c   Code   RO         2649    i.IWDG_SetPrescaler  stm32f10x_iwdg.o
    0x08002a30   0x0000000c   Code   RO         2650    i.IWDG_SetReload    stm32f10x_iwdg.o
    0x08002a3c   0x0000000c   Code   RO         2651    i.IWDG_WriteAccessCmd  stm32f10x_iwdg.o
    0x08002a48   0x00000004   Code   RO           21    i.MemManage_Handler  stm32f10x_it.o
    0x08002a4c   0x00000002   Code   RO           22    i.NMI_Handler       stm32f10x_it.o
    0x08002a4e   0x00000002   PAD
    0x08002a50   0x00000070   Code   RO         1183    i.NVIC_Init         misc.o
    0x08002ac0   0x00000002   Code   RO           23    i.PendSV_Handler    stm32f10x_it.o
    0x08002ac2   0x00000002   PAD
    0x08002ac4   0x00000020   Code   RO         2750    i.RCC_APB1PeriphClockCmd  stm32f10x_rcc.o
    0x08002ae4   0x00000020   Code   RO         2752    i.RCC_APB2PeriphClockCmd  stm32f10x_rcc.o
    0x08002b04   0x000000d4   Code   RO         2760    i.RCC_GetClocksFreq  stm32f10x_rcc.o
    0x08002bd8   0x00000002   Code   RO           24    i.SVC_Handler       stm32f10x_it.o
    0x08002bda   0x00000008   Code   RO          161    i.SetSysClock       system_stm32f10x.o
    0x08002be2   0x00000002   PAD
    0x08002be4   0x000000e0   Code   RO          162    i.SetSysClockTo72   system_stm32f10x.o
    0x08002cc4   0x00000010   Code   RO          912    i.SysTick_Handler   drv_tim.o
    0x08002cd4   0x00000060   Code   RO          164    i.SystemInit        system_stm32f10x.o
    0x08002d34   0x00000028   Code   RO          738    i.UART4_IRQHandler  drv_usart.o
    0x08002d5c   0x00000028   Code   RO          739    i.USART1_IRQHandler  drv_usart.o
    0x08002d84   0x00000028   Code   RO          740    i.USART2_IRQHandler  drv_usart.o
    0x08002dac   0x00000018   Code   RO         3920    i.USART_Cmd         stm32f10x_usart.o
    0x08002dc4   0x0000001a   Code   RO         3923    i.USART_GetFlagStatus  stm32f10x_usart.o
    0x08002dde   0x00000054   Code   RO         3924    i.USART_GetITStatus  stm32f10x_usart.o
    0x08002e32   0x0000004a   Code   RO         3926    i.USART_ITConfig    stm32f10x_usart.o
    0x08002e7c   0x000000d8   Code   RO         3927    i.USART_Init        stm32f10x_usart.o
    0x08002f54   0x0000000a   Code   RO         3934    i.USART_ReceiveData  stm32f10x_usart.o
    0x08002f5e   0x00000008   Code   RO         3937    i.USART_SendData    stm32f10x_usart.o
    0x08002f66   0x00000004   Code   RO           25    i.UsageFault_Handler  stm32f10x_it.o
    0x08002f6a   0x00000028   Code   RO         4452    i.__ARM_fpclassify  m_ws.l(fpclassify.o)
    0x08002f92   0x0000000e   Code   RO         4564    i.__mathlib_dbl_overflow  m_ws.l(dunder.o)
    0x08002fa0   0x00000010   Code   RO         4566    i.__mathlib_dbl_underflow  m_ws.l(dunder.o)
    0x08002fb0   0x00000010   Code   RO         4469    i.__mathlib_narrow  m_ws.l(narrow.o)
    0x08002fc0   0x00000088   Code   RO         4470    i.__mathlib_tofloat  m_ws.l(narrow.o)
    0x08003048   0x00000016   Code   RO         4522    i.__support_ldexp   m_ws.l(ldexp.o)
    0x0800305e   0x0000000e   Code   RO         4176    i._is_digit         c_w.l(__printf_wp.o)
    0x0800306c   0x00000032   Code   RO          566    i.append            json.o
    0x0800309e   0x00000022   Code   RO          412    i.apply_pending     automation.o
    0x080030c0   0x00000088   Code   RO          990    i.at_line_match     wifi_link.o
    0x08003148   0x00000008   Code   RO          413    i.automation_alarm_text  automation.o
    0x08003150   0x00000034   Code   RO          414    i.automation_init   automation.o
    0x08003184   0x0000006c   Code   RO          415    i.automation_on_offline  automation.o
    0x080031f0   0x00000150   Code   RO          416    i.automation_on_sample  automation.o
    0x08003340   0x00000014   Code   RO          417    i.automation_reload  automation.o
    0x08003354   0x00000002   Code   RO          418    i.automation_tick   automation.o
    0x08003356   0x0000000c   Code   RO         1122    i.bsp_clock_init    bsp_clock.o
    0x08003362   0x00000002   Code   RO         1134    i.bsp_log_init      bsp_log.o
    0x08003364   0x000000a0   Code   RO         1135    i.bsp_log_write     bsp_log.o
    0x08003404   0x00000020   Code   RO          853    i.cc2530_reset_pulse  drv_gpio.o
    0x08003424   0x0000002c   Code   RO          502    i.config_default    thresholds.o
    0x08003450   0x00000068   Code   RO          503    i.config_load       thresholds.o
    0x080034b8   0x00000064   Code   RO          504    i.config_save       thresholds.o
    0x0800351c   0x0000003c   Code   RO          948    i.crc32_ieee        drv_flash.o
    0x08003558   0x00000018   Code   RO          913    i.drv_delay_ms      drv_tim.o
    0x08003570   0x00000024   Code   RO          949    i.drv_flash_config_page_addr  drv_flash.o
    0x08003594   0x00000028   Code   RO          950    i.drv_flash_erase_page  drv_flash.o
    0x080035bc   0x00000006   Code   RO          951    i.drv_flash_page_size  drv_flash.o
    0x080035c2   0x00000016   Code   RO          952    i.drv_flash_read    drv_flash.o
    0x080035d8   0x00000070   Code   RO          953    i.drv_flash_write   drv_flash.o
    0x08003648   0x000000b0   Code   RO          854    i.drv_gpio_init_board  drv_gpio.o
    0x080036f8   0x00000028   Code   RO          645    i.drv_oled_clear    drv_oled.o
    0x08003720   0x0000004c   Code   RO          646    i.drv_oled_draw_point  drv_oled.o
    0x0800376c   0x000000f6   Code   RO          647    i.drv_oled_init     drv_oled.o
    0x08003862   0x00000002   PAD
    0x08003864   0x0000004c   Code   RO          648    i.drv_oled_refresh  drv_oled.o
    0x080038b0   0x00000078   Code   RO          649    i.drv_oled_show_char  drv_oled.o
    0x08003928   0x0000002a   Code   RO          650    i.drv_oled_show_string  drv_oled.o
    0x08003952   0x00000002   PAD
    0x08003954   0x00000060   Code   RO          914    i.drv_tim_init      drv_tim.o
    0x080039b4   0x00000108   Code   RO          741    i.drv_usart_init_all  drv_usart.o
    0x08003abc   0x00000104   Code   RO          419    i.emit_alarm        automation.o
    0x08003bc0   0x00000128   Code   RO          318    i.emit_report_json  router.o
    0x08003ce8   0x000000c8   Code   RO          319    i.emit_status_json  router.o
    0x08003db0   0x0000005c   Code   RO          991    i.enter             wifi_link.o
    0x08003e0c   0x00000048   Code   RO          992    i.enter_backoff     wifi_link.o
    0x08003e54   0x00000080   Code   RO          993    i.feed_at_byte      wifi_link.o
    0x08003ed4   0x00000066   Code   RO          567    i.find_key          json.o
    0x08003f3a   0x00000002   PAD
    0x08003f3c   0x00000098   Code   RO          530    i.frame_encode      frame.o
    0x08003fd4   0x00000140   Code   RO          531    i.frame_parser_feed  frame.o
    0x08004114   0x0000001a   Code   RO          532    i.frame_parser_init  frame.o
    0x0800412e   0x00000002   PAD
    0x08004130   0x00000058   Code   RO         4497    i.frexp             m_ws.l(frexp.o)
    0x08004188   0x00000098   Code   RO          195    i.gw_main_init      gw_main.o
    0x08004220   0x000000d0   Code   RO          196    i.gw_main_run       gw_main.o
    0x080042f0   0x00000018   Code   RO          651    i.i2c_delay         drv_oled.o
    0x08004308   0x00000030   Code   RO          652    i.i2c_send_byte     drv_oled.o
    0x08004338   0x00000024   Code   RO          653    i.i2c_start         drv_oled.o
    0x0800435c   0x0000001e   Code   RO          654    i.i2c_stop          drv_oled.o
    0x0800437a   0x00000014   Code   RO          655    i.i2c_wait_ack      drv_oled.o
    0x0800438e   0x00000022   Code   RO          197    i.iwdg_init         gw_main.o
    0x080043b0   0x0000006c   Code   RO          568    i.json_add_fp2      json.o
    0x0800441c   0x00000054   Code   RO          569    i.json_add_int      json.o
    0x08004470   0x00000058   Code   RO          570    i.json_add_str      json.o
    0x080044c8   0x00000054   Code   RO          571    i.json_add_uint     json.o
    0x0800451c   0x00000018   Code   RO          572    i.json_begin        json.o
    0x08004534   0x00000032   Code   RO          573    i.json_end          json.o
    0x08004566   0x00000048   Code   RO          574    i.json_get_float    json.o
    0x080045ae   0x00000040   Code   RO          575    i.json_get_int      json.o
    0x080045ee   0x00000066   Code   RO          576    i.json_get_string   json.o
    0x08004654   0x00000036   Code   RO          577    i.json_get_uint     json.o
    0x0800468a   0x00000074   Code   RO         4523    i.ldexp             m_ws.l(ldexp.o)
    0x080046fe   0x0000000e   Code   RO            1    i.main              main.o
    0x0800470c   0x00000020   Code   RO          467    i.model_changed     oled_view.o
    0x0800472c   0x0000000c   Code   RO          915    i.ms_now            drv_tim.o
    0x08004738   0x00000038   Code   RO          656    i.oled_gpio_init    drv_oled.o
    0x08004770   0x00000024   Code   RO          468    i.oled_view_init    oled_view.o
    0x08004794   0x00000178   Code   RO          469    i.oled_view_tick    oled_view.o
    0x0800490c   0x00000018   Code   RO          470    i.oled_view_update  oled_view.o
    0x08004924   0x00000036   Code   RO          657    i.oled_write        drv_oled.o
    0x0800495a   0x00000002   PAD
    0x0800495c   0x00000068   Code   RO          320    i.on_allow_join     router.o
    0x080049c4   0x00000120   Code   RO          321    i.on_cmd_json       router.o
    0x08004ae4   0x00000050   Code   RO         1060    i.on_frame          zb_link.o
    0x08004b34   0x00000128   Code   RO          322    i.on_set_threshold  router.o
    0x08004c5c   0x00000010   Code   RO          198    i.on_wifi_line      gw_main.o
    0x08004c6c   0x0000000c   Code   RO          199    i.on_zb_frame       gw_main.o
    0x08004c78   0x0000013c   Code   RO          323    i.on_zb_report      router.o
    0x08004db4   0x00000012   Code   RO          200    i.open_join_window  gw_main.o
    0x08004dc6   0x0000000c   Code   RO          533    i.parser_soft_reset  frame.o
    0x08004dd2   0x00000010   Code   RO          742    i.ring_avail        drv_usart.o
    0x08004de2   0x00000036   Code   RO          743    i.ring_pop          drv_usart.o
    0x08004e18   0x00000024   Code   RO          744    i.ring_push         drv_usart.o
    0x08004e3c   0x00000044   Code   RO          324    i.router_cmd_onoff  router.o
    0x08004e80   0x00000028   Code   RO          325    i.router_init       router.o
    0x08004ea8   0x00000034   Code   RO          326    i.router_node       router.o
    0x08004edc   0x0000000c   Code   RO          327    i.router_node1_id   router.o
    0x08004ee8   0x0000000c   Code   RO          328    i.router_node2_id   router.o
    0x08004ef4   0x00000114   Code   RO          329    i.router_on_json_line  router.o
    0x08005008   0x000000a0   Code   RO          330    i.router_on_zb_frame  router.o
    0x080050a8   0x00000024   Code   RO          658    i.scl_set           drv_oled.o
    0x080050cc   0x00000024   Code   RO          659    i.sda_set           drv_oled.o
    0x080050f0   0x000000a0   Code   RO          331    i.send_ack          router.o
    0x08005190   0x00000024   Code   RO          994    i.send_at           wifi_link.o
    0x080051b4   0x00000084   Code   RO          201    i.send_hello        gw_main.o
    0x08005238   0x0000009c   Code   RO          332    i.slot_touch        router.o
    0x080052d4   0x0000001c   Code   RO         4228    i.strtod            m_ws.l(strtod.o)
    0x080052f0   0x00000044   Code   RO          745    i.uart_write_blocking  drv_usart.o
    0x08005334   0x00000040   Code   RO          746    i.usart_common_init  drv_usart.o
    0x08005374   0x00000018   Code   RO          749    i.usart_log_write   drv_usart.o
    0x0800538c   0x00000024   Code   RO          860    i.wifi_en_set       drv_gpio.o
    0x080053b0   0x00000038   Code   RO          995    i.wifi_link_init    wifi_link.o
    0x080053e8   0x00000014   Code   RO          996    i.wifi_link_is_up   wifi_link.o
    0x080053fc   0x0000009c   Code   RO          997    i.wifi_link_poll    wifi_link.o
    0x08005498   0x0000003c   Code   RO          998    i.wifi_link_send_line  wifi_link.o
    0x080054d4   0x000001c8   Code   RO          999    i.wifi_link_tick    wifi_link.o
    0x0800569c   0x00000018   Code   RO          750    i.wifi_uart_read    drv_usart.o
    0x080056b4   0x00000010   Code   RO          751    i.wifi_uart_rx_available  drv_usart.o
    0x080056c4   0x00000018   Code   RO          752    i.wifi_uart_write   drv_usart.o
    0x080056dc   0x0000000c   Code   RO         1061    i.zb_link_alive     zb_link.o
    0x080056e8   0x0000003c   Code   RO         1063    i.zb_link_init      zb_link.o
    0x08005724   0x00000054   Code   RO         1065    i.zb_link_poll      zb_link.o
    0x08005778   0x0000003c   Code   RO         1066    i.zb_link_send      zb_link.o
    0x080057b4   0x000000a8   Code   RO         1067    i.zb_link_tick      zb_link.o
    0x0800585c   0x00000018   Code   RO          753    i.zb_uart_read      drv_usart.o
    0x08005874   0x00000010   Code   RO          754    i.zb_uart_rx_available  drv_usart.o
    0x08005884   0x00000018   Code   RO          755    i.zb_uart_write     drv_usart.o
    0x0800589c   0x0000002c   Code   RO         4359    locale$$code        c_w.l(lc_ctype_c.o)
    0x080058c8   0x0000002c   Code   RO         4362    locale$$code        c_w.l(lc_numeric_c.o)
    0x080058f4   0x00000062   Code   RO         4215    x$fpl$d2f           fz_ws.l(d2f.o)
    0x08005956   0x00000002   PAD
    0x08005958   0x00000010   Code   RO         4558    x$fpl$dcheck1       fz_ws.l(dcheck1.o)
    0x08005968   0x00000018   Code   RO         4515    x$fpl$dcmpinf       fz_ws.l(dcmpi.o)
    0x08005980   0x00000078   Code   RO         4492    x$fpl$deqf          fz_ws.l(deqf.o)
    0x080059f8   0x00000078   Code   RO         4517    x$fpl$dleqf         fz_ws.l(dleqf.o)
    0x08005a70   0x0000009c   Code   RO         4310    x$fpl$dnaninf       fz_ws.l(dnaninf.o)
    0x08005b0c   0x0000006c   Code   RO         4494    x$fpl$drleqf        fz_ws.l(drleqf.o)
    0x08005b78   0x00000036   Code   RO         4217    x$fpl$ffix          fz_ws.l(ffix.o)
    0x08005bae   0x00000002   PAD
    0x08005bb0   0x0000003e   Code   RO         4221    x$fpl$ffixu         fz_ws.l(ffixu.o)
    0x08005bee   0x00000002   PAD
    0x08005bf0   0x00000102   Code   RO         4225    x$fpl$fmul          fz_ws.l(fmul.o)
    0x08005cf2   0x0000008c   Code   RO         4312    x$fpl$fnaninf       fz_ws.l(fnaninf.o)
    0x08005d7e   0x0000000a   Code   RO         4314    x$fpl$fretinf       fz_ws.l(fretinf.o)
    0x08005d88   0x00000004   Code   RO         4316    x$fpl$printf1       fz_ws.l(printf1.o)
    0x08005d8c   0x00000064   Code   RO         4591    x$fpl$retnan        fz_ws.l(retnan.o)
    0x08005df0   0x0000005c   Code   RO         4519    x$fpl$scalbn        fz_ws.l(scalbn.o)
    0x08005e4c   0x00000004   Code   RO         4364    x$fpl$scanf1        fz_ws.l(scanf1.o)
    0x08005e50   0x00000008   Code   RO         4463    x$fpl$scanf2        fz_ws.l(scanf2.o)
    0x08005e58   0x00000030   Code   RO         4599    x$fpl$trapveneer    fz_ws.l(trapv.o)
    0x08005e88   0x00000000   Code   RO         4318    x$fpl$usenofp       fz_ws.l(usenofp.o)
    0x08005e88   0x00000100   Data   RO          534    .constdata          frame.o
    0x08005f88   0x000005f0   Data   RO          661    .constdata          drv_oled.o
    0x08006578   0x00000005   Data   RO         1137    .constdata          bsp_log.o
    0x0800657d   0x00000011   Data   RO         4184    .constdata          c_w.l(__printf_flags_ss_wp.o)
    0x0800658e   0x00000002   PAD
    0x08006590   0x00000008   Data   RO         4254    .constdata          c_w.l(_printf_wctomb.o)
    0x08006598   0x00000028   Data   RO         4283    .constdata          c_w.l(_printf_hex_int_ll_ptr.o)
    0x080065c0   0x00000094   Data   RO         4373    .constdata          c_w.l(bigflt0.o)
    0x08006654   0x00000020   Data   RO         4617    Region$$Table       anon$$obj.o
    0x08006674   0x00000008   Data   RO         4458    c$$dinf             fz_ws.l(fpconst.o)
    0x0800667c   0x00000110   Data   RO         4358    locale$$data        c_w.l(lc_ctype_c.o)
    0x0800678c   0x0000001c   Data   RO         4361    locale$$data        c_w.l(lc_numeric_c.o)


    Execution Region RW_IRAM1 (Base: 0x20000000, Size: 0x00001358, Max: 0x0000c000, ABSOLUTE, COMPRESSED[0x00000038])

    Base Addr    Size         Type   Attr      Idx    E Section Name        Object

    0x20000000   0x00000014   Data   RW          165    .data               system_stm32f10x.o
    0x20000014   0x00000006   Data   RW          334    .data               router.o
    0x2000001a   0x00000002   PAD
    0x2000001c   0x00000014   Data   RW          421    .data               automation.o
    0x20000030   0x00000004   Data   RW          472    .data               oled_view.o
    0x20000034   0x00000318   Data   RW          756    .data               drv_usart.o
    0x2000034c   0x00000004   Data   RW          916    .data               drv_tim.o
    0x20000350   0x00000019   Data   RW         1001    .data               wifi_link.o
    0x20000369   0x00000003   PAD
    0x2000036c   0x00000018   Data   RW         1069    .data               zb_link.o
    0x20000384   0x00000014   Data   RW         2780    .data               stm32f10x_rcc.o
    0x20000398   0x00000010   Zero   RW          202    .bss                gw_main.o
    0x200003a8   0x00000120   Zero   RW          333    .bss                router.o
    0x200004c8   0x00000028   Zero   RW          420    .bss                automation.o
    0x200004f0   0x00000048   Zero   RW          471    .bss                oled_view.o
    0x20000538   0x00000400   Zero   RW          660    .bss                drv_oled.o
    0x20000938   0x00000280   Zero   RW         1000    .bss                wifi_link.o
    0x20000bb8   0x0000009e   Zero   RW         1068    .bss                zb_link.o
    0x20000c56   0x000000a0   Zero   RW         1136    .bss                bsp_log.o
    0x20000cf6   0x00000002   PAD
    0x20000cf8   0x00000060   Zero   RW         4320    .bss                c_w.l(libspace.o)
    0x20000d58   0x00000200   Zero   RW         1177    HEAP                startup_stm32f10x_hd.o
    0x20000f58   0x00000400   Zero   RW         1176    STACK               startup_stm32f10x_hd.o


==============================================================================

Image component sizes


      Code (inc. data)   RO Data    RW Data    ZI Data      Debug   Object Name

       820        158          0         20         40       5191   automation.o
        12          0          0          0          0        405   bsp_clock.o
       162         30          5          0        160       2223   bsp_log.o
         0          0          0          0          0         32   core_cm3.o
       276         10          0          0          0       3974   drv_flash.o
       244         28          0          0          0       1413   drv_gpio.o
       940         34       1520          0       1024       8466   drv_oled.o
       148         26          0          4          0      17288   drv_tim.o
       774         86          0        792          0       8920   drv_usart.o
       510         16        256          0          0       2863   frame.o
       572         84          0          0         16     210889   gw_main.o
       882         54          0          0          0       8975   json.o
        14          0          0          0          0       1827   main.o
       112         12          0          0          0        876   misc.o
       468        122          0          4         72       2477   oled_view.o
      2436        470          0          6        288       9638   router.o
        64         26        304          0       1536        756   startup_stm32f10x_hd.o
       286         36          0          0          0       3460   stm32f10x_flash.o
       430          6          0          0          0       3514   stm32f10x_gpio.o
        24          0          0          0          0      35192   stm32f10x_it.o
        68         30          0          0          0       2130   stm32f10x_iwdg.o
       276         32          0         20          0       4106   stm32f10x_rcc.o
       442          6          0          0          0       5605   stm32f10x_usart.o
       328         28          0         20          0       1845   system_stm32f10x.o
       248         10          0          0          0       2141   thresholds.o
      1212        318          0         25        640       6255   wifi_link.o
       464        120          0         24        158       4880   zb_link.o

    ----------------------------------------------------------------------
     12228       1742       2117        920       3936     355341   Object Totals
         0          0         32          0          0          0   (incl. Generated)
        16          0          0          5          2          0   (incl. Padding)

    ----------------------------------------------------------------------

      Code (inc. data)   RO Data    RW Data    ZI Data      Debug   Library Member Name

        56          6          0          0          0         88   __2snprintf.o
        58          0          0          0          0          0   __dczerorl.o
         8          0          0          0          0         68   __main.o
       392          4         17          0          0         92   __printf_flags_ss_wp.o
        14          0          0          0          0         68   __printf_wp.o
         0          0          0          0          0          0   __rtentry.o
        12          0          0          0          0          0   __rtentry2.o
         6          0          0          0          0          0   __rtentry4.o
        52          8          0          0          0          0   __scatter.o
        28          0          0          0          0          0   __scatter_zi.o
        28          0          0          0          0         68   _chval.o
         6          0          0          0          0          0   _printf_a.o
         6          0          0          0          0          0   _printf_c.o
        44          0          0          0          0        108   _printf_char.o
        48          6          0          0          0         96   _printf_char_common.o
        40          0          0          0          0         68   _printf_charcount.o
         6          0          0          0          0          0   _printf_d.o
       120         16          0          0          0         92   _printf_dec.o
         6          0          0          0          0          0   _printf_e.o
         6          0          0          0          0          0   _printf_f.o
      1050          0          0          0          0        216   _printf_fp_dec.o
       128         16          0          0          0         84   _printf_fp_infnan.o
         6          0          0          0          0          0   _printf_g.o
       148          4         40          0          0        160   _printf_hex_int_ll_ptr.o
         6          0          0          0          0          0   _printf_i.o
       178          0          0          0          0         88   _printf_intcommon.o
        10          0          0          0          0          0   _printf_l.o
         6          0          0          0          0          0   _printf_lc.o
        10          0          0          0          0          0   _printf_ll.o
         6          0          0          0          0          0   _printf_lld.o
         6          0          0          0          0          0   _printf_lli.o
         6          0          0          0          0          0   _printf_llo.o
         6          0          0          0          0          0   _printf_llu.o
         6          0          0          0          0          0   _printf_llx.o
       124         16          0          0          0         92   _printf_longlong_dec.o
         6          0          0          0          0          0   _printf_ls.o
         6          0          0          0          0          0   _printf_n.o
         6          0          0          0          0          0   _printf_o.o
       112          8          0          0          0        124   _printf_oct_int_ll.o
         6          0          0          0          0          0   _printf_p.o
        78          0          0          0          0        108   _printf_pad.o
         0          0          0          0          0          0   _printf_percent.o
         4          0          0          0          0          0   _printf_percent_end.o
         6          0          0          0          0          0   _printf_s.o
        82          0          0          0          0         80   _printf_str.o
        36          0          0          0          0         84   _printf_truncate.o
         6          0          0          0          0          0   _printf_u.o
        44          0          0          0          0        108   _printf_wchar.o
       188          6          8          0          0         92   _printf_wctomb.o
         6          0          0          0          0          0   _printf_x.o
        22          0          0          0          0        100   _rserrno.o
        64          0          0          0          0         84   _sgetc.o
        16          0          0          0          0         68   _snputc.o
        10          0          0          0          0         68   _sputc.o
       158          0          0          0          0         92   _strtoul.o
        64          0          0          0          0         92   _wcrtomb.o
        16          0          0          0          0         68   aeabi_memset.o
       220          4        148          0          0         96   bigflt0.o
      2074        132          0          0          0        940   btod.o
        52          4          0          0          0         80   c89vsnprintf.o
        18          0          0          0          0         80   exit.o
         6          0          0          0          0        152   heapauxi.o
         0          0          0          0          0          0   indicate_semi.o
        18          0          0          0          0         76   isspace.o
        44         10        272          0          0         76   lc_ctype_c.o
        44         10         28          0          0         76   lc_numeric_c.o
         2          0          0          0          0          0   libinit.o
        30          0          0          0          0          0   libinit2.o
         2          0          0          0          0          0   libshutdown.o
         2          0          0          0          0          0   libshutdown2.o
         8          4          0          0         96         68   libspace.o
        38          0          0          0          0         68   llshl.o
       138          0          0          0          0         80   lludiv10.o
        88          0          0          0          0         76   memcmp.o
        16          4          0          0          0         76   rt_ctype_table.o
         8          4          0          0          0         68   rt_errno_addr_intlibspace.o
         8          4          0          0          0         68   rt_locale_intlibspace.o
        68          0          0          0          0         68   rt_memclr.o
        78          0          0          0          0         80   rt_memclr_w.o
       138          0          0          0          0         68   rt_memcpy_v6.o
       100          0          0          0          0         80   rt_memcpy_w.o
         2          0          0          0          0          0   rtexit.o
        10          0          0          0          0          0   rtexit2.o
      1188         12          0          0          0        148   scanf_fp.o
       800         14          0          0          0        100   scanf_hexfp.o
       308         16          0          0          0        100   scanf_infnan.o
       128          0          0          0          0         68   strcmpv7m.o
        62          0          0          0          0         76   strlen.o
        86          0          0          0          0         76   strncpy.o
        36          0          0          0          0         80   strstr.o
       164         14          0          0          0        120   strtod.o
       112          0          0          0          0         88   strtol.o
        12          4          0          0          0         68   sys_exit.o
        74          0          0          0          0         80   sys_stackheap_outer.o
         2          0          0          0          0         68   use_no_semi.o
        98          4          0          0          0         92   d2f.o
        16          4          0          0          0         68   dcheck1.o
        24          0          0          0          0         68   dcmpi.o
       120          4          0          0          0         92   deqf.o
       120          4          0          0          0         92   dleqf.o
       156          4          0          0          0         92   dnaninf.o
       108          0          0          0          0         80   drleqf.o
        54          4          0          0          0         84   ffix.o
        62          4          0          0          0         84   ffixu.o
       258          4          0          0          0         84   fmul.o
       140          4          0          0          0         84   fnaninf.o
         0          0          8          0          0          0   fpconst.o
        10          0          0          0          0         68   fretinf.o
         4          0          0          0          0         68   printf1.o
       100          0          0          0          0         68   retnan.o
        92          0          0          0          0         68   scalbn.o
         4          0          0          0          0         68   scanf1.o
         8          0          0          0          0         84   scanf2.o
        48          0          0          0          0         68   trapv.o
         0          0          0          0          0          0   usenofp.o
        30          6          0          0          0        136   dunder.o
        40          0          0          0          0         68   fpclassify.o
        88          8          0          0          0         76   frexp.o
       138          0          0          0          0        160   ldexp.o
       152          4          0          0          0        168   narrow.o
        28          0          0          0          0         80   strtod.o

    ----------------------------------------------------------------------
     11668        380        523          0         96       8104   Library Totals
        18          0          2          0          0          0   (incl. Padding)

    ----------------------------------------------------------------------

      Code (inc. data)   RO Data    RW Data    ZI Data      Debug   Library Name

      9752        326        513          0         96       6004   c_w.l
      1422         36          8          0          0       1412   fz_ws.l
       476         18          0          0          0        688   m_ws.l

    ----------------------------------------------------------------------
     11668        380        523          0         96       8104   Library Totals

    ----------------------------------------------------------------------

==============================================================================


      Code (inc. data)   RO Data    RW Data    ZI Data      Debug   

     23896       2122       2640        920       4032     350857   Grand Totals
     23896       2122       2640         56       4032     350857   ELF Image Totals (compressed)
     23896       2122       2640         56          0          0   ROM Totals

==============================================================================

    Total RO  Size (Code + RO Data)                26536 (  25.91kB)
    Total RW  Size (RW Data + ZI Data)              4952 (   4.84kB)
    Total ROM Size (Code + RO Data + RW Data)      26592 (  25.97kB)

==============================================================================

